使用编译脚本: I:\csharp\CX900_GCC_OFF_V1.1\bin\x86\Debug\compile.bat
工作目录: I:\csharp\CX900_GCC_OFF_V1.1\bin\x86\Debug

[18:02:17.580] ================================================
[18:02:17.581] 编译环境信息
[18:02:17.582] ================================================
[18:02:17.583] 工作目录: I:\csharp\CX900_GCC_OFF_V1.1\bin\x86\Debug
[18:02:17.585] GCC版本:
[18:02:17.613] arm-none-eabi-gcc (GNU Arm Embedded Toolchain 10.3-2021.10) 10.3.1 20210824 (release)
[18:02:17.616] ================================================
[18:02:17.618] 开始编译...
[18:02:17.619] ================================================
[18:02:17.665] gcc-arm-none-eabi-10.3-2021.10/bin/arm-none-eabi-gcc -c -mcpu=cortex-m4 -mthumb   -DUSE_STDPERIPH_DRIVER -DGD32F30X_HD -IFirmware/CMSIS -IFirmware/CMSIS/GD/GD32F30x/Include -IFirmware/GD32F30x_standard_peripheral/Include -IUSER -ICMD -IFatFs/src/ -IFatFs/src/drivers -IGPU -ILCD -IMALLOC -Isdio -ISoft_Drive -ITEXT -IYMODEM -IModule -IMB/modbus/include -IMB/modbus/ascii -IMB/modbus/rtu -IMB/modbus/tcp -IMB/port -IMB/user_app  -O1 -Wall -fdata-sections -ffunction-sections -std=c99 -g -gdwarf-2 -MMD -MP -MF"build/power_task.d" -Wa,-a,-ad,-alms=build/power_task.lst Module/power_task.c -o build/power_task.o
[18:02:17.817] Module/power_task.c: In function 'Power_On':
[18:02:17.819] Module/power_task.c:89:13: warning: unused variable 'ret' [-Wunused-variable]
[18:02:17.821] 89 |     uint8_t ret=0;
[18:02:17.822] |             ^~~
[18:02:17.823] Module/power_task.c:88:13: warning: unused variable 'readbuf' [-Wunused-variable]
[18:02:17.824] 88 |     uint8_t readbuf[10]={0};
[18:02:17.825] |             ^~~~~~~
[18:02:17.826] Module/power_task.c: In function 'jd9365tg_ExitBackDoor':
[18:02:17.827] Module/power_task.c:592:9: warning: unused variable 'ReCode' [-Wunused-variable]
[18:02:17.828] 592 |     int ReCode;
[18:02:17.829] |         ^~~~~~
[18:02:17.830] In file included from Module/pport_spi.h:5,
[18:02:17.831] from Module/power_task.c:2:
[18:02:17.832] Module/power_task.c: At top level:
[18:02:17.833] Soft_Drive/timer.h:10:13: warning: 'tick_callback' declared 'static' but never defined [-Wunused-function]
[18:02:17.834] 10 | static void tick_callback(void);
[18:02:17.835] |             ^~~~~~~~~~~~~
[18:02:17.836] Soft_Drive/timer.h:12:13: warning: 'bsp_RunPer10ms' declared 'static' but never defined [-Wunused-function]
[18:02:17.838] 12 | static void bsp_RunPer10ms(void);
[18:02:17.839] |             ^~~~~~~~~~~~~~
[18:02:17.851] Module/power_task.c:606:12: warning: 'jd9365tg_EnterBackDoor' defined but not used [-Wunused-function]
[18:02:17.852] 606 | static int jd9365tg_EnterBackDoor(void)
[18:02:17.855] |            ^~~~~~~~~~~~~~~~~~~~~~
[18:02:17.856] Module/power_task.c:590:12: warning: 'jd9365tg_ExitBackDoor' defined but not used [-Wunused-function]
[18:02:17.857] 590 | static int jd9365tg_ExitBackDoor(void)
[18:02:17.858] |            ^~~~~~~~~~~~~~~~~~~~~
[18:02:17.861] Module/power_task.c:557:12: warning: 'jd9365tg_Write_BackDoor_RegSingle' defined but not used [-Wunused-function]
[18:02:17.861] 557 | static int jd9365tg_Write_BackDoor_RegSingle(uint32_t addr, uint8_t wdata)
[18:02:17.862] |            ^~~~~~~~~~~~~~~~~~~~~~~~~~~~~~~~~
[18:02:17.864] Module/power_task.c:491:12: warning: 'jd9365tg_Write_FW_RegSingleSpi' defined but not used [-Wunused-function]
[18:02:17.865] 491 | static int jd9365tg_Write_FW_RegSingleSpi(uint32_t addr, uint8_t wdata)
[18:02:17.866] |            ^~~~~~~~~~~~~~~~~~~~~~~~~~~~~~
[18:02:17.867] Module/power_task.c: In function 'jd9365tg_Read_FW_RegSingleSpi':
[18:02:17.868] Module/power_task.c:554:12: warning: 'ReCode' is used uninitialized in this function [-Wuninitialized]
[18:02:17.869] 554 |     return ReCode;
[18:02:17.870] |            ^~~~~~
[18:02:17.871] Module/power_task.c: In function 'jd9365tg_Read_BackDoor_RegSingle':
[18:02:17.872] Module/power_task.c:587:12: warning: 'ReCode' is used uninitialized in this function [-Wuninitialized]
[18:02:17.874] 587 |     return ReCode;
[18:02:17.875] |            ^~~~~~
[18:02:17.898] gcc-arm-none-eabi-10.3-2021.10/bin/arm-none-eabi-gcc -c -mcpu=cortex-m4 -mthumb   -DUSE_STDPERIPH_DRIVER -DGD32F30X_HD -IFirmware/CMSIS -IFirmware/CMSIS/GD/GD32F30x/Include -IFirmware/GD32F30x_standard_peripheral/Include -IUSER -ICMD -IFatFs/src/ -IFatFs/src/drivers -IGPU -ILCD -IMALLOC -Isdio -ISoft_Drive -ITEXT -IYMODEM -IModule -IMB/modbus/include -IMB/modbus/ascii -IMB/modbus/rtu -IMB/modbus/tcp -IMB/port -IMB/user_app  -O1 -Wall -fdata-sections -ffunction-sections -std=c99 -g -gdwarf-2 -MMD -MP -MF"build/user_config.d" -Wa,-a,-ad,-alms=build/user_config.lst Module/user_config.c -o build/user_config.o
[18:02:18.053] gcc-arm-none-eabi-10.3-2021.10/bin/arm-none-eabi-gcc -c -mcpu=cortex-m4 -mthumb   -DUSE_STDPERIPH_DRIVER -DGD32F30X_HD -IFirmware/CMSIS -IFirmware/CMSIS/GD/GD32F30x/Include -IFirmware/GD32F30x_standard_peripheral/Include -IUSER -ICMD -IFatFs/src/ -IFatFs/src/drivers -IGPU -ILCD -IMALLOC -Isdio -ISoft_Drive -ITEXT -IYMODEM -IModule -IMB/modbus/include -IMB/modbus/ascii -IMB/modbus/rtu -IMB/modbus/tcp -IMB/port -IMB/user_app  -O1 -Wall -fdata-sections -ffunction-sections -std=c99 -g -gdwarf-2 -MMD -MP -MF"build/app.d" -Wa,-a,-ad,-alms=build/app.lst Module/app.c -o build/app.o
[18:02:18.191] In file included from TEXT/mytext.h:3,
[18:02:18.193] from Module/app.c:8:
[18:02:18.194] TEXT/fontupd.h:40:1: warning: 'packed' attribute ignored [-Wattributes]
[18:02:18.195] 40 | }_font_info;
[18:02:18.196] | ^
[18:02:18.198] Module/app.c: In function 'Init_IO':
[18:02:18.199] Module/app.c:17:1: warning: implicit declaration of function 'init_spi' [-Wimplicit-function-declaration]
[18:02:18.200] 17 | init_spi();
[18:02:18.201] | ^~~~~~~~
[18:02:18.202] Module/app.c: In function 'TpTest':
[18:02:18.203] Module/app.c:87:2: warning: implicit declaration of function 'TP_Main' [-Wimplicit-function-declaration]
[18:02:18.222] 87 |  TP_Main();
[18:02:18.223] |  ^~~~~~~
[18:02:18.225] Module/app.c: In function 'Lcd_ShowMode':
[18:02:18.226] Module/app.c:93:10: warning: unused variable 'path' [-Wunused-variable]
[18:02:18.227] 93 |     char path[30];
[18:02:18.228] |          ^~~~
[18:02:18.229] Module/app.c:92:13: warning: unused variable 'temp' [-Wunused-variable]
[18:02:18.230] 92 |     uint8_t temp[64];
[18:02:18.231] |             ^~~~
[18:02:18.232] Module/app.c:91:21: warning: unused variable 'Hight' [-Wunused-variable]
[18:02:18.233] 91 |     uint16_t Width, Hight;
[18:02:18.234] |                     ^~~~~
[18:02:18.236] Module/app.c:91:14: warning: unused variable 'Width' [-Wunused-variable]
[18:02:18.236] 91 |     uint16_t Width, Hight;
[18:02:18.238] |              ^~~~~
[18:02:18.241] In file included from GPU/GPU_I2C.h:16,
[18:02:18.242] from GPU/GPU_PIC.h:6,
[18:02:18.243] from Module/app.c:4:
[18:02:18.253] Module/app.c: At top level:
[18:02:18.253] gcc-arm-none-eabi-10.3-2021.10/bin/arm-none-eabi-gcc -c -mcpu=cortex-m4 -mthumb   -DUSE_STDPERIPH_DRIVER -DGD32F30X_HD -IFirmware/CMSIS -IFirmware/CMSIS/GD/GD32F30x/Include -IFirmware/GD32F30x_standard_peripheral/Include -IUSER -ICMD -IFatFs/src/ -IFatFs/src/drivers -IGPU -ILCD -IMALLOC -Isdio -ISoft_Drive -ITEXT -IYMODEM -IModule -IMB/modbus/include -IMB/modbus/ascii -IMB/modbus/rtu -IMB/modbus/tcp -IMB/port -IMB/user_app  -O1 -Wall -fdata-sections -ffunction-sections -std=c99 -g -gdwarf-2 -MMD -MP -MF"build/lcd_cfg.d" -Wa,-a,-ad,-alms=build/lcd_cfg.lst Module/lcd_cfg.c -o build/lcd_cfg.o
[18:02:18.254] Soft_Drive/timer.h:10:13: warning: 'tick_callback' declared 'static' but never defined [-Wunused-function]
[18:02:18.256] 10 | static void tick_callback(void);
[18:02:18.258] |             ^~~~~~~~~~~~~
[18:02:18.259] Soft_Drive/timer.h:12:13: warning: 'bsp_RunPer10ms' declared 'static' but never defined [-Wunused-function]
[18:02:18.260] 12 | static void bsp_RunPer10ms(void);
[18:02:18.261] |             ^~~~~~~~~~~~~~
[18:02:18.382] In file included from Module/pport_spi.h:5,
[18:02:18.384] from Module/lcd_cfg.c:1:
[18:02:18.385] Soft_Drive/timer.h:10:13: warning: 'tick_callback' declared 'static' but never defined [-Wunused-function]
[18:02:18.386] 10 | static void tick_callback(void);
[18:02:18.388] |             ^~~~~~~~~~~~~
[18:02:18.388] Soft_Drive/timer.h:12:13: warning: 'bsp_RunPer10ms' declared 'static' but never defined [-Wunused-function]
[18:02:18.390] 12 | static void bsp_RunPer10ms(void);
[18:02:18.409] |             ^~~~~~~~~~~~~~
[18:02:18.650] gcc-arm-none-eabi-10.3-2021.10/bin/arm-none-eabi-gcc build/malloc.o build/power_task.o build/TouchPoint.o build/user_config.o build/app.o build/lcd_cfg.o build/ssd_2832.o build/systick.o build/gd32f30x_it.o build/main.o build/gd32f303e_eval.o -mcpu=cortex-m4 -mthumb   -u_printf_float -specs=nosys.specs -TFirmware/Ld/Link.ld -L./  -lGD32F303VET6 -Wl,-Map=build/GD32F303VET6.map,--cref -Wl,--gc-sections -static -o build/GD32F303VET6.elf
[18:02:18.810] gcc-arm-none-eabi-10.3-2021.10/bin/arm-none-eabi-size build/GD32F303VET6.elf
[18:02:18.832] text	   data	    bss	    dec	    hex	filename
[18:02:18.833] 167204	   8584	  52688	 228476	  37c7c	build/GD32F303VET6.elf
[18:02:18.835] gcc-arm-none-eabi-10.3-2021.10/bin/arm-none-eabi-objcopy -O ihex build/GD32F303VET6.elf build/GD32F303VET6.hex
[18:02:18.858] gcc-arm-none-eabi-10.3-2021.10/bin/arm-none-eabi-objcopy -O binary  build/GD32F303VET6.elf build/GD32F303VET6.bin
[18:02:18.884] ================================================
[18:02:18.885] 编译成功完成
[18:02:18.887] ================================================
╔═════════════════════════════╗
║         编译成功完成!        ║
║生成文件: GD32F303VET6.bin                    ║
╚═════════════════════════════╝
