ARM GAS  C:\Users\ADMINI~1\AppData\Local\Temp\ccsWMECh.s 			page 1


   1              		.cpu cortex-m4
   2              		.arch armv7e-m
   3              		.fpu softvfp
   4              		.eabi_attribute 20, 1
   5              		.eabi_attribute 21, 1
   6              		.eabi_attribute 23, 3
   7              		.eabi_attribute 24, 1
   8              		.eabi_attribute 25, 1
   9              		.eabi_attribute 26, 1
  10              		.eabi_attribute 30, 1
  11              		.eabi_attribute 34, 1
  12              		.eabi_attribute 18, 4
  13              		.file	"app.c"
  14              		.text
  15              	.Ltext0:
  16              		.cfi_sections	.debug_frame
  17              		.section	.text.Init_IO,"ax",%progbits
  18              		.align	1
  19              		.global	Init_IO
  20              		.syntax unified
  21              		.thumb
  22              		.thumb_func
  24              	Init_IO:
  25              	.LFB119:
  26              		.file 1 "Module/app.c"
   1:Module/app.c  **** #include"user_config.h"
   2:Module/app.c  **** #include "delay.h"
   3:Module/app.c  **** #include "GPU_Cfg.h"
   4:Module/app.c  **** #include "GPU_PIC.h"
   5:Module/app.c  **** #include "GPU_Show.h"
   6:Module/app.c  **** #include "usartfifo.h"
   7:Module/app.c  **** #include "timer.h"
   8:Module/app.c  **** #include "mytext.h"
   9:Module/app.c  **** #include "mytext.h"
  10:Module/app.c  **** extern uint8_t P0_SampleValue;
  11:Module/app.c  **** extern uint8_t KeyPowerPressed;
  12:Module/app.c  **** extern uint8_t KeyUpPressed;
  13:Module/app.c  **** extern uint8_t KeyDownPressed;
  14:Module/app.c  **** extern uint8_t ShowMode;
  15:Module/app.c  **** void Init_IO(void)
  16:Module/app.c  **** {
  27              		.loc 1 16 1 view -0
  28              		.cfi_startproc
  29              		@ args = 0, pretend = 0, frame = 0
  30              		@ frame_needed = 0, uses_anonymous_args = 0
  31 0000 08B5     		push	{r3, lr}
  32              	.LCFI0:
  33              		.cfi_def_cfa_offset 8
  34              		.cfi_offset 3, -8
  35              		.cfi_offset 14, -4
  17:Module/app.c  **** init_spi();
  36              		.loc 1 17 1 view .LVU1
  37 0002 FFF7FEFF 		bl	init_spi
  38              	.LVL0:
  18:Module/app.c  **** }
  39              		.loc 1 18 1 is_stmt 0 view .LVU2
  40 0006 08BD     		pop	{r3, pc}
ARM GAS  C:\Users\ADMINI~1\AppData\Local\Temp\ccsWMECh.s 			page 2


  41              		.cfi_endproc
  42              	.LFE119:
  44              		.section	.rodata.Color.str1.4,"aMS",%progbits,1
  45              		.align	2
  46              	.LC0:
  47 0000 73747269 		.ascii	"stringphoto0x%06x \015\012\000"
  47      6E677068 
  47      6F746F30 
  47      78253036 
  47      78200D0A 
  48              		.section	.text.Color,"ax",%progbits
  49              		.align	1
  50              		.global	Color
  51              		.syntax unified
  52              		.thumb
  53              		.thumb_func
  55              	Color:
  56              	.LVL1:
  57              	.LFB120:
  19:Module/app.c  **** /**************************************************************************************************
  20:Module/app.c  **** *     函 数 名: Lcd_ShowMode
  21:Module/app.c  **** *     功能说明:
  22:Module/app.c  **** *     形    参: --
  23:Module/app.c  **** *     返 回 值:
  24:Module/app.c  **** *     日期	 :2022-10-08
  25:Module/app.c  **** ***************************************************************************************************
  26:Module/app.c  **** */ 
  27:Module/app.c  **** void Color(uint32_t color)
  28:Module/app.c  **** {
  58              		.loc 1 28 1 is_stmt 1 view -0
  59              		.cfi_startproc
  60              		@ args = 0, pretend = 0, frame = 0
  61              		@ frame_needed = 0, uses_anonymous_args = 0
  62              		.loc 1 28 1 is_stmt 0 view .LVU4
  63 0000 10B5     		push	{r4, lr}
  64              	.LCFI1:
  65              		.cfi_def_cfa_offset 8
  66              		.cfi_offset 4, -8
  67              		.cfi_offset 14, -4
  68 0002 0446     		mov	r4, r0
  29:Module/app.c  **** 	Lcd_ShowPureColor(ptr_MIPI_TABLE[gMipiTableIndex]->HACT_WIDTH,ptr_MIPI_TABLE[gMipiTableIndex]->VAC
  69              		.loc 1 29 2 is_stmt 1 view .LVU5
  70              		.loc 1 29 34 is_stmt 0 view .LVU6
  71 0004 094B     		ldr	r3, .L5
  72 0006 1A78     		ldrb	r2, [r3]	@ zero_extendqisi2
  73              		.loc 1 29 78 view .LVU7
  74 0008 1978     		ldrb	r1, [r3]	@ zero_extendqisi2
  75 000a 094B     		ldr	r3, .L5+4
  76              		.loc 1 29 2 view .LVU8
  77 000c 53F82110 		ldr	r1, [r3, r1, lsl #2]
  78 0010 53F82230 		ldr	r3, [r3, r2, lsl #2]
  79 0014 0246     		mov	r2, r0
  80 0016 B1F86410 		ldrh	r1, [r1, #100]
  81 001a B3F86200 		ldrh	r0, [r3, #98]
  82              	.LVL2:
  83              		.loc 1 29 2 view .LVU9
  84 001e FFF7FEFF 		bl	Lcd_ShowPureColor
ARM GAS  C:\Users\ADMINI~1\AppData\Local\Temp\ccsWMECh.s 			page 3


  85              	.LVL3:
  30:Module/app.c  **** 	printk("stringphoto0x%06x \r\n",color);
  86              		.loc 1 30 2 is_stmt 1 view .LVU10
  87 0022 2146     		mov	r1, r4
  88 0024 0348     		ldr	r0, .L5+8
  89 0026 FFF7FEFF 		bl	printk
  90              	.LVL4:
  31:Module/app.c  **** }
  91              		.loc 1 31 1 is_stmt 0 view .LVU11
  92 002a 10BD     		pop	{r4, pc}
  93              	.LVL5:
  94              	.L6:
  95              		.loc 1 31 1 view .LVU12
  96              		.align	2
  97              	.L5:
  98 002c 00000000 		.word	gMipiTableIndex
  99 0030 00000000 		.word	ptr_MIPI_TABLE
 100 0034 00000000 		.word	.LC0
 101              		.cfi_endproc
 102              	.LFE120:
 104              		.section	.rodata.ColorBarCol.str1.4,"aMS",%progbits,1
 105              		.align	2
 106              	.LC1:
 107 0000 73747269 		.ascii	"stringphotoColorBarCol \015\012\000"
 107      6E677068 
 107      6F746F43 
 107      6F6C6F72 
 107      42617243 
 108              		.section	.text.ColorBarCol,"ax",%progbits
 109              		.align	1
 110              		.global	ColorBarCol
 111              		.syntax unified
 112              		.thumb
 113              		.thumb_func
 115              	ColorBarCol:
 116              	.LVL6:
 117              	.LFB121:
  32:Module/app.c  **** void ColorBarCol(uint16_t div)
  33:Module/app.c  **** {
 118              		.loc 1 33 1 is_stmt 1 view -0
 119              		.cfi_startproc
 120              		@ args = 0, pretend = 0, frame = 0
 121              		@ frame_needed = 0, uses_anonymous_args = 0
 122              		.loc 1 33 1 is_stmt 0 view .LVU14
 123 0000 08B5     		push	{r3, lr}
 124              	.LCFI2:
 125              		.cfi_def_cfa_offset 8
 126              		.cfi_offset 3, -8
 127              		.cfi_offset 14, -4
 128 0002 0246     		mov	r2, r0
  34:Module/app.c  **** 	ColorBarCol1(ptr_MIPI_TABLE[gMipiTableIndex]->HACT_WIDTH,ptr_MIPI_TABLE[gMipiTableIndex]->VACT_WID
 129              		.loc 1 34 2 is_stmt 1 view .LVU15
 130              		.loc 1 34 29 is_stmt 0 view .LVU16
 131 0004 084B     		ldr	r3, .L9
 132 0006 1878     		ldrb	r0, [r3]	@ zero_extendqisi2
 133              	.LVL7:
 134              		.loc 1 34 73 view .LVU17
ARM GAS  C:\Users\ADMINI~1\AppData\Local\Temp\ccsWMECh.s 			page 4


 135 0008 1978     		ldrb	r1, [r3]	@ zero_extendqisi2
 136 000a 084B     		ldr	r3, .L9+4
 137              		.loc 1 34 2 view .LVU18
 138 000c 53F82110 		ldr	r1, [r3, r1, lsl #2]
 139 0010 53F82030 		ldr	r3, [r3, r0, lsl #2]
 140 0014 B1F86410 		ldrh	r1, [r1, #100]
 141 0018 B3F86200 		ldrh	r0, [r3, #98]
 142 001c FFF7FEFF 		bl	ColorBarCol1
 143              	.LVL8:
  35:Module/app.c  **** 	printk("stringphotoColorBarCol \r\n");
 144              		.loc 1 35 2 is_stmt 1 view .LVU19
 145 0020 0348     		ldr	r0, .L9+8
 146 0022 FFF7FEFF 		bl	printk
 147              	.LVL9:
  36:Module/app.c  **** }
 148              		.loc 1 36 1 is_stmt 0 view .LVU20
 149 0026 08BD     		pop	{r3, pc}
 150              	.L10:
 151              		.align	2
 152              	.L9:
 153 0028 00000000 		.word	gMipiTableIndex
 154 002c 00000000 		.word	ptr_MIPI_TABLE
 155 0030 00000000 		.word	.LC1
 156              		.cfi_endproc
 157              	.LFE121:
 159              		.section	.rodata.ColorBarRow.str1.4,"aMS",%progbits,1
 160              		.align	2
 161              	.LC2:
 162 0000 73747269 		.ascii	"stringphotoColorBarRow \015\012\000"
 162      6E677068 
 162      6F746F43 
 162      6F6C6F72 
 162      42617252 
 163              		.section	.text.ColorBarRow,"ax",%progbits
 164              		.align	1
 165              		.global	ColorBarRow
 166              		.syntax unified
 167              		.thumb
 168              		.thumb_func
 170              	ColorBarRow:
 171              	.LVL10:
 172              	.LFB122:
  37:Module/app.c  **** void ColorBarRow(uint16_t div)
  38:Module/app.c  **** {
 173              		.loc 1 38 1 is_stmt 1 view -0
 174              		.cfi_startproc
 175              		@ args = 0, pretend = 0, frame = 0
 176              		@ frame_needed = 0, uses_anonymous_args = 0
 177              		.loc 1 38 1 is_stmt 0 view .LVU22
 178 0000 08B5     		push	{r3, lr}
 179              	.LCFI3:
 180              		.cfi_def_cfa_offset 8
 181              		.cfi_offset 3, -8
 182              		.cfi_offset 14, -4
 183 0002 0246     		mov	r2, r0
  39:Module/app.c  **** 	ColorBarRow1(ptr_MIPI_TABLE[gMipiTableIndex]->HACT_WIDTH,ptr_MIPI_TABLE[gMipiTableIndex]->VACT_WID
 184              		.loc 1 39 2 is_stmt 1 view .LVU23
ARM GAS  C:\Users\ADMINI~1\AppData\Local\Temp\ccsWMECh.s 			page 5


 185              		.loc 1 39 29 is_stmt 0 view .LVU24
 186 0004 084B     		ldr	r3, .L13
 187 0006 1878     		ldrb	r0, [r3]	@ zero_extendqisi2
 188              	.LVL11:
 189              		.loc 1 39 73 view .LVU25
 190 0008 1978     		ldrb	r1, [r3]	@ zero_extendqisi2
 191 000a 084B     		ldr	r3, .L13+4
 192              		.loc 1 39 2 view .LVU26
 193 000c 53F82110 		ldr	r1, [r3, r1, lsl #2]
 194 0010 53F82030 		ldr	r3, [r3, r0, lsl #2]
 195 0014 B1F86410 		ldrh	r1, [r1, #100]
 196 0018 B3F86200 		ldrh	r0, [r3, #98]
 197 001c FFF7FEFF 		bl	ColorBarRow1
 198              	.LVL12:
  40:Module/app.c  **** 	printk("stringphotoColorBarRow \r\n");
 199              		.loc 1 40 2 is_stmt 1 view .LVU27
 200 0020 0348     		ldr	r0, .L13+8
 201 0022 FFF7FEFF 		bl	printk
 202              	.LVL13:
  41:Module/app.c  **** }
 203              		.loc 1 41 1 is_stmt 0 view .LVU28
 204 0026 08BD     		pop	{r3, pc}
 205              	.L14:
 206              		.align	2
 207              	.L13:
 208 0028 00000000 		.word	gMipiTableIndex
 209 002c 00000000 		.word	ptr_MIPI_TABLE
 210 0030 00000000 		.word	.LC2
 211              		.cfi_endproc
 212              	.LFE122:
 214              		.section	.rodata.BlackWight.str1.4,"aMS",%progbits,1
 215              		.align	2
 216              	.LC3:
 217 0000 73747269 		.ascii	"stringphotoBlackWight \015\012\000"
 217      6E677068 
 217      6F746F42 
 217      6C61636B 
 217      57696768 
 218              		.section	.text.BlackWight,"ax",%progbits
 219              		.align	1
 220              		.global	BlackWight
 221              		.syntax unified
 222              		.thumb
 223              		.thumb_func
 225              	BlackWight:
 226              	.LVL14:
 227              	.LFB123:
  42:Module/app.c  **** 
  43:Module/app.c  **** void BlackWight(uint32_t color1, uint32_t color2)
  44:Module/app.c  **** {
 228              		.loc 1 44 1 is_stmt 1 view -0
 229              		.cfi_startproc
 230              		@ args = 0, pretend = 0, frame = 0
 231              		@ frame_needed = 0, uses_anonymous_args = 0
 232              		.loc 1 44 1 is_stmt 0 view .LVU30
 233 0000 30B5     		push	{r4, r5, lr}
 234              	.LCFI4:
ARM GAS  C:\Users\ADMINI~1\AppData\Local\Temp\ccsWMECh.s 			page 6


 235              		.cfi_def_cfa_offset 12
 236              		.cfi_offset 4, -12
 237              		.cfi_offset 5, -8
 238              		.cfi_offset 14, -4
 239 0002 85B0     		sub	sp, sp, #20
 240              	.LCFI5:
 241              		.cfi_def_cfa_offset 32
  45:Module/app.c  **** 	BlackWight1(1, 1, ptr_MIPI_TABLE[gMipiTableIndex]->HACT_WIDTH-1, ptr_MIPI_TABLE[gMipiTableIndex]->
 242              		.loc 1 45 2 is_stmt 1 view .LVU31
 243              		.loc 1 45 34 is_stmt 0 view .LVU32
 244 0004 144B     		ldr	r3, .L17
 245 0006 1A78     		ldrb	r2, [r3]	@ zero_extendqisi2
 246              		.loc 1 45 81 view .LVU33
 247 0008 1D78     		ldrb	r5, [r3]	@ zero_extendqisi2
 248              		.loc 1 45 128 view .LVU34
 249 000a 93F800C0 		ldrb	ip, [r3]	@ zero_extendqisi2
 250              		.loc 1 45 172 view .LVU35
 251 000e 93F800E0 		ldrb	lr, [r3]	@ zero_extendqisi2
 252              		.loc 1 45 81 view .LVU36
 253 0012 124C     		ldr	r4, .L17+4
 254              		.loc 1 45 98 view .LVU37
 255 0014 54F82530 		ldr	r3, [r4, r5, lsl #2]
 256              		.loc 1 45 2 view .LVU38
 257 0018 B3F86430 		ldrh	r3, [r3, #100]
 258 001c 013B     		subs	r3, r3, #1
 259              		.loc 1 45 51 view .LVU39
 260 001e 54F82220 		ldr	r2, [r4, r2, lsl #2]
 261              		.loc 1 45 2 view .LVU40
 262 0022 B2F86220 		ldrh	r2, [r2, #98]
 263 0026 013A     		subs	r2, r2, #1
 264 0028 0391     		str	r1, [sp, #12]
 265 002a 0290     		str	r0, [sp, #8]
 266 002c 54F82E10 		ldr	r1, [r4, lr, lsl #2]
 267              	.LVL15:
 268              		.loc 1 45 2 view .LVU41
 269 0030 B1F86410 		ldrh	r1, [r1, #100]
 270 0034 0191     		str	r1, [sp, #4]
 271 0036 54F82C10 		ldr	r1, [r4, ip, lsl #2]
 272 003a B1F86210 		ldrh	r1, [r1, #98]
 273 003e 0091     		str	r1, [sp]
 274 0040 9BB2     		uxth	r3, r3
 275 0042 92B2     		uxth	r2, r2
 276 0044 0121     		movs	r1, #1
 277 0046 0846     		mov	r0, r1
 278              	.LVL16:
 279              		.loc 1 45 2 view .LVU42
 280 0048 FFF7FEFF 		bl	BlackWight1
 281              	.LVL17:
  46:Module/app.c  **** 	printk("stringphotoBlackWight \r\n");
 282              		.loc 1 46 2 is_stmt 1 view .LVU43
 283 004c 0448     		ldr	r0, .L17+8
 284 004e FFF7FEFF 		bl	printk
 285              	.LVL18:
  47:Module/app.c  **** }
 286              		.loc 1 47 1 is_stmt 0 view .LVU44
 287 0052 05B0     		add	sp, sp, #20
 288              	.LCFI6:
ARM GAS  C:\Users\ADMINI~1\AppData\Local\Temp\ccsWMECh.s 			page 7


 289              		.cfi_def_cfa_offset 12
 290              		@ sp needed
 291 0054 30BD     		pop	{r4, r5, pc}
 292              	.L18:
 293 0056 00BF     		.align	2
 294              	.L17:
 295 0058 00000000 		.word	gMipiTableIndex
 296 005c 00000000 		.word	ptr_MIPI_TABLE
 297 0060 00000000 		.word	.LC3
 298              		.cfi_endproc
 299              	.LFE123:
 301              		.section	.rodata.Checkerboard.str1.4,"aMS",%progbits,1
 302              		.align	2
 303              	.LC4:
 304 0000 73747269 		.ascii	"stringphotoCheckerboard \015\012\000"
 304      6E677068 
 304      6F746F43 
 304      6865636B 
 304      6572626F 
 305              		.section	.text.Checkerboard,"ax",%progbits
 306              		.align	1
 307              		.global	Checkerboard
 308              		.syntax unified
 309              		.thumb
 310              		.thumb_func
 312              	Checkerboard:
 313              	.LVL19:
 314              	.LFB124:
  48:Module/app.c  **** 
  49:Module/app.c  **** void Checkerboard(uint16_t div)
  50:Module/app.c  **** {
 315              		.loc 1 50 1 is_stmt 1 view -0
 316              		.cfi_startproc
 317              		@ args = 0, pretend = 0, frame = 0
 318              		@ frame_needed = 0, uses_anonymous_args = 0
 319              		.loc 1 50 1 is_stmt 0 view .LVU46
 320 0000 08B5     		push	{r3, lr}
 321              	.LCFI7:
 322              		.cfi_def_cfa_offset 8
 323              		.cfi_offset 3, -8
 324              		.cfi_offset 14, -4
 325 0002 0246     		mov	r2, r0
  51:Module/app.c  **** 	Checkerboard1(ptr_MIPI_TABLE[gMipiTableIndex]->HACT_WIDTH,ptr_MIPI_TABLE[gMipiTableIndex]->VACT_WI
 326              		.loc 1 51 2 is_stmt 1 view .LVU47
 327              		.loc 1 51 30 is_stmt 0 view .LVU48
 328 0004 084B     		ldr	r3, .L21
 329 0006 1878     		ldrb	r0, [r3]	@ zero_extendqisi2
 330              	.LVL20:
 331              		.loc 1 51 74 view .LVU49
 332 0008 1978     		ldrb	r1, [r3]	@ zero_extendqisi2
 333 000a 084B     		ldr	r3, .L21+4
 334              		.loc 1 51 2 view .LVU50
 335 000c 53F82110 		ldr	r1, [r3, r1, lsl #2]
 336 0010 53F82030 		ldr	r3, [r3, r0, lsl #2]
 337 0014 B1F86410 		ldrh	r1, [r1, #100]
 338 0018 B3F86200 		ldrh	r0, [r3, #98]
 339 001c FFF7FEFF 		bl	Checkerboard1
ARM GAS  C:\Users\ADMINI~1\AppData\Local\Temp\ccsWMECh.s 			page 8


 340              	.LVL21:
  52:Module/app.c  **** 	printk("stringphotoCheckerboard \r\n");
 341              		.loc 1 52 2 is_stmt 1 view .LVU51
 342 0020 0348     		ldr	r0, .L21+8
 343 0022 FFF7FEFF 		bl	printk
 344              	.LVL22:
  53:Module/app.c  **** }
 345              		.loc 1 53 1 is_stmt 0 view .LVU52
 346 0026 08BD     		pop	{r3, pc}
 347              	.L22:
 348              		.align	2
 349              	.L21:
 350 0028 00000000 		.word	gMipiTableIndex
 351 002c 00000000 		.word	ptr_MIPI_TABLE
 352 0030 00000000 		.word	.LC4
 353              		.cfi_endproc
 354              	.LFE124:
 356              		.section	.rodata.CrossTalk.str1.4,"aMS",%progbits,1
 357              		.align	2
 358              	.LC5:
 359 0000 73747269 		.ascii	"stringphotoCrossTalk \015\012\000"
 359      6E677068 
 359      6F746F43 
 359      726F7373 
 359      54616C6B 
 360              		.section	.text.CrossTalk,"ax",%progbits
 361              		.align	1
 362              		.global	CrossTalk
 363              		.syntax unified
 364              		.thumb
 365              		.thumb_func
 367              	CrossTalk:
 368              	.LVL23:
 369              	.LFB125:
  54:Module/app.c  **** 
  55:Module/app.c  **** void CrossTalk(uint32_t color1, uint32_t color2)
  56:Module/app.c  **** {
 370              		.loc 1 56 1 is_stmt 1 view -0
 371              		.cfi_startproc
 372              		@ args = 0, pretend = 0, frame = 0
 373              		@ frame_needed = 0, uses_anonymous_args = 0
 374              		.loc 1 56 1 is_stmt 0 view .LVU54
 375 0000 2DE9F047 		push	{r4, r5, r6, r7, r8, r9, r10, lr}
 376              	.LCFI8:
 377              		.cfi_def_cfa_offset 32
 378              		.cfi_offset 4, -32
 379              		.cfi_offset 5, -28
 380              		.cfi_offset 6, -24
 381              		.cfi_offset 7, -20
 382              		.cfi_offset 8, -16
 383              		.cfi_offset 9, -12
 384              		.cfi_offset 10, -8
 385              		.cfi_offset 14, -4
 386 0004 84B0     		sub	sp, sp, #16
 387              	.LCFI9:
 388              		.cfi_def_cfa_offset 48
  57:Module/app.c  **** 	BlackWight1(ptr_MIPI_TABLE[gMipiTableIndex]->HACT_WIDTH/3, ptr_MIPI_TABLE[gMipiTableIndex]->VACT_W
ARM GAS  C:\Users\ADMINI~1\AppData\Local\Temp\ccsWMECh.s 			page 9


 389              		.loc 1 57 2 is_stmt 1 view .LVU55
 390              		.loc 1 57 28 is_stmt 0 view .LVU56
 391 0006 264B     		ldr	r3, .L25
 392 0008 1F78     		ldrb	r7, [r3]	@ zero_extendqisi2
 393              		.loc 1 57 75 view .LVU57
 394 000a 93F800C0 		ldrb	ip, [r3]	@ zero_extendqisi2
 395              		.loc 1 57 122 view .LVU58
 396 000e 93F80080 		ldrb	r8, [r3]	@ zero_extendqisi2
 397              		.loc 1 57 168 view .LVU59
 398 0012 1A78     		ldrb	r2, [r3]	@ zero_extendqisi2
 399              		.loc 1 57 215 view .LVU60
 400 0014 93F80090 		ldrb	r9, [r3]	@ zero_extendqisi2
 401              		.loc 1 57 261 view .LVU61
 402 0018 1D78     		ldrb	r5, [r3]	@ zero_extendqisi2
 403              		.loc 1 57 308 view .LVU62
 404 001a 93F800E0 		ldrb	lr, [r3]	@ zero_extendqisi2
 405              		.loc 1 57 353 view .LVU63
 406 001e 1E78     		ldrb	r6, [r3]	@ zero_extendqisi2
 407              		.loc 1 57 215 view .LVU64
 408 0020 204C     		ldr	r4, .L25+4
 409              		.loc 1 57 232 view .LVU65
 410 0022 54F82990 		ldr	r9, [r4, r9, lsl #2]
 411              		.loc 1 57 278 view .LVU66
 412 0026 54F82530 		ldr	r3, [r4, r5, lsl #2]
 413              		.loc 1 57 2 view .LVU67
 414 002a B3F86430 		ldrh	r3, [r3, #100]
 415 002e 1E4D     		ldr	r5, .L25+8
 416 0030 A5FB03A3 		umull	r10, r3, r5, r3
 417 0034 B9F86490 		ldrh	r9, [r9, #100]
 418 0038 A9EB5303 		sub	r3, r9, r3, lsr #1
 419              		.loc 1 57 139 view .LVU68
 420 003c 54F82880 		ldr	r8, [r4, r8, lsl #2]
 421              		.loc 1 57 185 view .LVU69
 422 0040 54F82220 		ldr	r2, [r4, r2, lsl #2]
 423              		.loc 1 57 2 view .LVU70
 424 0044 B2F86220 		ldrh	r2, [r2, #98]
 425 0048 A5FB0292 		umull	r9, r2, r5, r2
 426 004c B8F86280 		ldrh	r8, [r8, #98]
 427 0050 A8EB5202 		sub	r2, r8, r2, lsr #1
 428              		.loc 1 57 92 view .LVU71
 429 0054 54F82CC0 		ldr	ip, [r4, ip, lsl #2]
 430              		.loc 1 57 2 view .LVU72
 431 0058 BCF864C0 		ldrh	ip, [ip, #100]
 432 005c A5FB0C8C 		umull	r8, ip, r5, ip
 433              		.loc 1 57 45 view .LVU73
 434 0060 54F82770 		ldr	r7, [r4, r7, lsl #2]
 435              		.loc 1 57 2 view .LVU74
 436 0064 B7F86270 		ldrh	r7, [r7, #98]
 437 0068 A5FB0775 		umull	r7, r5, r5, r7
 438 006c 0391     		str	r1, [sp, #12]
 439 006e 0290     		str	r0, [sp, #8]
 440 0070 54F82610 		ldr	r1, [r4, r6, lsl #2]
 441              	.LVL24:
 442              		.loc 1 57 2 view .LVU75
 443 0074 B1F86410 		ldrh	r1, [r1, #100]
 444 0078 0191     		str	r1, [sp, #4]
 445 007a 54F82E10 		ldr	r1, [r4, lr, lsl #2]
ARM GAS  C:\Users\ADMINI~1\AppData\Local\Temp\ccsWMECh.s 			page 10


 446 007e B1F86210 		ldrh	r1, [r1, #98]
 447 0082 0091     		str	r1, [sp]
 448 0084 9BB2     		uxth	r3, r3
 449 0086 92B2     		uxth	r2, r2
 450 0088 4FEA5C01 		lsr	r1, ip, #1
 451 008c 6808     		lsrs	r0, r5, #1
 452              	.LVL25:
 453              		.loc 1 57 2 view .LVU76
 454 008e FFF7FEFF 		bl	BlackWight1
 455              	.LVL26:
  58:Module/app.c  **** 	printk("stringphotoCrossTalk \r\n");
 456              		.loc 1 58 2 is_stmt 1 view .LVU77
 457 0092 0648     		ldr	r0, .L25+12
 458 0094 FFF7FEFF 		bl	printk
 459              	.LVL27:
  59:Module/app.c  **** }
 460              		.loc 1 59 1 is_stmt 0 view .LVU78
 461 0098 04B0     		add	sp, sp, #16
 462              	.LCFI10:
 463              		.cfi_def_cfa_offset 32
 464              		@ sp needed
 465 009a BDE8F087 		pop	{r4, r5, r6, r7, r8, r9, r10, pc}
 466              	.L26:
 467 009e 00BF     		.align	2
 468              	.L25:
 469 00a0 00000000 		.word	gMipiTableIndex
 470 00a4 00000000 		.word	ptr_MIPI_TABLE
 471 00a8 ABAAAAAA 		.word	-1431655765
 472 00ac 00000000 		.word	.LC5
 473              		.cfi_endproc
 474              	.LFE125:
 476              		.section	.rodata.Picture.str1.4,"aMS",%progbits,1
 477              		.align	2
 478              	.LC6:
 479 0000 73747269 		.ascii	"stringphotoBMP%d \015\012\000"
 479      6E677068 
 479      6F746F42 
 479      4D502564 
 479      200D0A00 
 480              		.section	.text.Picture,"ax",%progbits
 481              		.align	1
 482              		.global	Picture
 483              		.syntax unified
 484              		.thumb
 485              		.thumb_func
 487              	Picture:
 488              	.LVL28:
 489              	.LFB126:
  60:Module/app.c  **** 
  61:Module/app.c  **** void Picture(uint8_t value)
  62:Module/app.c  **** {
 490              		.loc 1 62 1 is_stmt 1 view -0
 491              		.cfi_startproc
 492              		@ args = 0, pretend = 0, frame = 0
 493              		@ frame_needed = 0, uses_anonymous_args = 0
 494              		.loc 1 62 1 is_stmt 0 view .LVU80
 495 0000 10B5     		push	{r4, lr}
ARM GAS  C:\Users\ADMINI~1\AppData\Local\Temp\ccsWMECh.s 			page 11


 496              	.LCFI11:
 497              		.cfi_def_cfa_offset 8
 498              		.cfi_offset 4, -8
 499              		.cfi_offset 14, -4
 500 0002 0446     		mov	r4, r0
  63:Module/app.c  **** 	DisplayBMP(value);
 501              		.loc 1 63 2 is_stmt 1 view .LVU81
 502 0004 FFF7FEFF 		bl	DisplayBMP
 503              	.LVL29:
  64:Module/app.c  **** 	printk("stringphotoBMP%d \r\n",value);
 504              		.loc 1 64 2 view .LVU82
 505 0008 2146     		mov	r1, r4
 506 000a 0248     		ldr	r0, .L29
 507 000c FFF7FEFF 		bl	printk
 508              	.LVL30:
  65:Module/app.c  **** }
 509              		.loc 1 65 1 is_stmt 0 view .LVU83
 510 0010 10BD     		pop	{r4, pc}
 511              	.L30:
 512 0012 00BF     		.align	2
 513              	.L29:
 514 0014 00000000 		.word	.LC6
 515              		.cfi_endproc
 516              	.LFE126:
 518              		.section	.rodata.GradientCol.str1.4,"aMS",%progbits,1
 519              		.align	2
 520              	.LC7:
 521 0000 73747269 		.ascii	"stringphotoGradientCol \015\012\000"
 521      6E677068 
 521      6F746F47 
 521      72616469 
 521      656E7443 
 522              		.section	.text.GradientCol,"ax",%progbits
 523              		.align	1
 524              		.global	GradientCol
 525              		.syntax unified
 526              		.thumb
 527              		.thumb_func
 529              	GradientCol:
 530              	.LVL31:
 531              	.LFB127:
  66:Module/app.c  **** 
  67:Module/app.c  **** void GradientCol(uint32_t color,uint16_t div)
  68:Module/app.c  **** {
 532              		.loc 1 68 1 is_stmt 1 view -0
 533              		.cfi_startproc
 534              		@ args = 0, pretend = 0, frame = 0
 535              		@ frame_needed = 0, uses_anonymous_args = 0
 536              		.loc 1 68 1 is_stmt 0 view .LVU85
 537 0000 38B5     		push	{r3, r4, r5, lr}
 538              	.LCFI12:
 539              		.cfi_def_cfa_offset 16
 540              		.cfi_offset 3, -16
 541              		.cfi_offset 4, -12
 542              		.cfi_offset 5, -8
 543              		.cfi_offset 14, -4
 544 0002 0246     		mov	r2, r0
ARM GAS  C:\Users\ADMINI~1\AppData\Local\Temp\ccsWMECh.s 			page 12


 545 0004 0B46     		mov	r3, r1
  69:Module/app.c  **** 	ColorGradientRow(ptr_MIPI_TABLE[gMipiTableIndex]->HACT_WIDTH, ptr_MIPI_TABLE[gMipiTableIndex]->VAC
 546              		.loc 1 69 2 is_stmt 1 view .LVU86
 547              		.loc 1 69 33 is_stmt 0 view .LVU87
 548 0006 094C     		ldr	r4, .L33
 549 0008 2178     		ldrb	r1, [r4]	@ zero_extendqisi2
 550              	.LVL32:
 551              		.loc 1 69 78 view .LVU88
 552 000a 2078     		ldrb	r0, [r4]	@ zero_extendqisi2
 553              	.LVL33:
 554              		.loc 1 69 78 view .LVU89
 555 000c 084C     		ldr	r4, .L33+4
 556              		.loc 1 69 2 view .LVU90
 557 000e 54F82050 		ldr	r5, [r4, r0, lsl #2]
 558 0012 54F82140 		ldr	r4, [r4, r1, lsl #2]
 559 0016 B5F86410 		ldrh	r1, [r5, #100]
 560 001a B4F86200 		ldrh	r0, [r4, #98]
 561 001e FFF7FEFF 		bl	ColorGradientRow
 562              	.LVL34:
  70:Module/app.c  **** 	printk("stringphotoGradientCol \r\n");
 563              		.loc 1 70 2 is_stmt 1 view .LVU91
 564 0022 0448     		ldr	r0, .L33+8
 565 0024 FFF7FEFF 		bl	printk
 566              	.LVL35:
  71:Module/app.c  **** }
 567              		.loc 1 71 1 is_stmt 0 view .LVU92
 568 0028 38BD     		pop	{r3, r4, r5, pc}
 569              	.L34:
 570 002a 00BF     		.align	2
 571              	.L33:
 572 002c 00000000 		.word	gMipiTableIndex
 573 0030 00000000 		.word	ptr_MIPI_TABLE
 574 0034 00000000 		.word	.LC7
 575              		.cfi_endproc
 576              	.LFE127:
 578              		.section	.rodata.GradientRow.str1.4,"aMS",%progbits,1
 579              		.align	2
 580              	.LC8:
 581 0000 73747269 		.ascii	"stringphotoGradientRow \015\012\000"
 581      6E677068 
 581      6F746F47 
 581      72616469 
 581      656E7452 
 582              		.section	.text.GradientRow,"ax",%progbits
 583              		.align	1
 584              		.global	GradientRow
 585              		.syntax unified
 586              		.thumb
 587              		.thumb_func
 589              	GradientRow:
 590              	.LVL36:
 591              	.LFB128:
  72:Module/app.c  **** 
  73:Module/app.c  **** void GradientRow(uint32_t color,uint16_t div)
  74:Module/app.c  **** {
 592              		.loc 1 74 1 is_stmt 1 view -0
 593              		.cfi_startproc
ARM GAS  C:\Users\ADMINI~1\AppData\Local\Temp\ccsWMECh.s 			page 13


 594              		@ args = 0, pretend = 0, frame = 0
 595              		@ frame_needed = 0, uses_anonymous_args = 0
 596              		.loc 1 74 1 is_stmt 0 view .LVU94
 597 0000 38B5     		push	{r3, r4, r5, lr}
 598              	.LCFI13:
 599              		.cfi_def_cfa_offset 16
 600              		.cfi_offset 3, -16
 601              		.cfi_offset 4, -12
 602              		.cfi_offset 5, -8
 603              		.cfi_offset 14, -4
 604 0002 0246     		mov	r2, r0
 605 0004 0B46     		mov	r3, r1
  75:Module/app.c  **** 	ColorGradientCol(ptr_MIPI_TABLE[gMipiTableIndex]->HACT_WIDTH, ptr_MIPI_TABLE[gMipiTableIndex]->VAC
 606              		.loc 1 75 2 is_stmt 1 view .LVU95
 607              		.loc 1 75 33 is_stmt 0 view .LVU96
 608 0006 094C     		ldr	r4, .L37
 609 0008 2178     		ldrb	r1, [r4]	@ zero_extendqisi2
 610              	.LVL37:
 611              		.loc 1 75 78 view .LVU97
 612 000a 2078     		ldrb	r0, [r4]	@ zero_extendqisi2
 613              	.LVL38:
 614              		.loc 1 75 78 view .LVU98
 615 000c 084C     		ldr	r4, .L37+4
 616              		.loc 1 75 2 view .LVU99
 617 000e 54F82050 		ldr	r5, [r4, r0, lsl #2]
 618 0012 54F82140 		ldr	r4, [r4, r1, lsl #2]
 619 0016 B5F86410 		ldrh	r1, [r5, #100]
 620 001a B4F86200 		ldrh	r0, [r4, #98]
 621 001e FFF7FEFF 		bl	ColorGradientCol
 622              	.LVL39:
  76:Module/app.c  **** 	printk("stringphotoGradientRow \r\n");
 623              		.loc 1 76 2 is_stmt 1 view .LVU100
 624 0022 0448     		ldr	r0, .L37+8
 625 0024 FFF7FEFF 		bl	printk
 626              	.LVL40:
  77:Module/app.c  **** }
 627              		.loc 1 77 1 is_stmt 0 view .LVU101
 628 0028 38BD     		pop	{r3, r4, r5, pc}
 629              	.L38:
 630 002a 00BF     		.align	2
 631              	.L37:
 632 002c 00000000 		.word	gMipiTableIndex
 633 0030 00000000 		.word	ptr_MIPI_TABLE
 634 0034 00000000 		.word	.LC8
 635              		.cfi_endproc
 636              	.LFE128:
 638              		.section	.rodata.Flicker.str1.4,"aMS",%progbits,1
 639              		.align	2
 640              	.LC9:
 641 0000 73747269 		.ascii	"stringphotoflink \015\012\000"
 641      6E677068 
 641      6F746F66 
 641      6C696E6B 
 641      200D0A00 
 642              		.section	.text.Flicker,"ax",%progbits
 643              		.align	1
 644              		.global	Flicker
ARM GAS  C:\Users\ADMINI~1\AppData\Local\Temp\ccsWMECh.s 			page 14


 645              		.syntax unified
 646              		.thumb
 647              		.thumb_func
 649              	Flicker:
 650              	.LVL41:
 651              	.LFB129:
  78:Module/app.c  **** 
  79:Module/app.c  **** void Flicker(uint32_t color1, uint32_t color2)
  80:Module/app.c  **** {
 652              		.loc 1 80 1 is_stmt 1 view -0
 653              		.cfi_startproc
 654              		@ args = 0, pretend = 0, frame = 0
 655              		@ frame_needed = 0, uses_anonymous_args = 0
 656              		.loc 1 80 1 is_stmt 0 view .LVU103
 657 0000 38B5     		push	{r3, r4, r5, lr}
 658              	.LCFI14:
 659              		.cfi_def_cfa_offset 16
 660              		.cfi_offset 3, -16
 661              		.cfi_offset 4, -12
 662              		.cfi_offset 5, -8
 663              		.cfi_offset 14, -4
 664 0002 0446     		mov	r4, r0
 665 0004 0D46     		mov	r5, r1
  81:Module/app.c  ****     printk("stringphotoflink \r\n");
 666              		.loc 1 81 5 is_stmt 1 view .LVU104
 667 0006 0A48     		ldr	r0, .L41
 668              	.LVL42:
 669              		.loc 1 81 5 is_stmt 0 view .LVU105
 670 0008 FFF7FEFF 		bl	printk
 671              	.LVL43:
  82:Module/app.c  **** 	FLINK(ptr_MIPI_TABLE[gMipiTableIndex]->HACT_WIDTH, ptr_MIPI_TABLE[gMipiTableIndex]->VACT_WIDTH, co
 672              		.loc 1 82 2 is_stmt 1 view .LVU106
 673              		.loc 1 82 22 is_stmt 0 view .LVU107
 674 000c 094B     		ldr	r3, .L41+4
 675 000e 1A78     		ldrb	r2, [r3]	@ zero_extendqisi2
 676              		.loc 1 82 67 view .LVU108
 677 0010 1978     		ldrb	r1, [r3]	@ zero_extendqisi2
 678 0012 094B     		ldr	r3, .L41+8
 679              		.loc 1 82 2 view .LVU109
 680 0014 53F82110 		ldr	r1, [r3, r1, lsl #2]
 681 0018 53F82200 		ldr	r0, [r3, r2, lsl #2]
 682 001c 2B46     		mov	r3, r5
 683 001e 2246     		mov	r2, r4
 684 0020 B1F86410 		ldrh	r1, [r1, #100]
 685 0024 B0F86200 		ldrh	r0, [r0, #98]
 686 0028 FFF7FEFF 		bl	FLINK
 687              	.LVL44:
  83:Module/app.c  **** 	
  84:Module/app.c  **** }
 688              		.loc 1 84 1 view .LVU110
 689 002c 38BD     		pop	{r3, r4, r5, pc}
 690              	.LVL45:
 691              	.L42:
 692              		.loc 1 84 1 view .LVU111
 693 002e 00BF     		.align	2
 694              	.L41:
 695 0030 00000000 		.word	.LC9
ARM GAS  C:\Users\ADMINI~1\AppData\Local\Temp\ccsWMECh.s 			page 15


 696 0034 00000000 		.word	gMipiTableIndex
 697 0038 00000000 		.word	ptr_MIPI_TABLE
 698              		.cfi_endproc
 699              	.LFE129:
 701              		.section	.text.TpTest,"ax",%progbits
 702              		.align	1
 703              		.global	TpTest
 704              		.syntax unified
 705              		.thumb
 706              		.thumb_func
 708              	TpTest:
 709              	.LFB130:
  85:Module/app.c  **** void TpTest(void)
  86:Module/app.c  **** {
 710              		.loc 1 86 1 is_stmt 1 view -0
 711              		.cfi_startproc
 712              		@ args = 0, pretend = 0, frame = 0
 713              		@ frame_needed = 0, uses_anonymous_args = 0
 714 0000 08B5     		push	{r3, lr}
 715              	.LCFI15:
 716              		.cfi_def_cfa_offset 8
 717              		.cfi_offset 3, -8
 718              		.cfi_offset 14, -4
  87:Module/app.c  ****  TP_Main();
 719              		.loc 1 87 2 view .LVU113
 720 0002 FFF7FEFF 		bl	TP_Main
 721              	.LVL46:
  88:Module/app.c  **** }
 722              		.loc 1 88 1 is_stmt 0 view .LVU114
 723 0006 08BD     		pop	{r3, pc}
 724              		.cfi_endproc
 725              	.LFE130:
 727              		.section	.text.Lcd_ShowMode,"ax",%progbits
 728              		.align	1
 729              		.global	Lcd_ShowMode
 730              		.syntax unified
 731              		.thumb
 732              		.thumb_func
 734              	Lcd_ShowMode:
 735              	.LVL47:
 736              	.LFB131:
  89:Module/app.c  **** void Lcd_ShowMode(uint8_t ShowId) 
  90:Module/app.c  **** {
 737              		.loc 1 90 1 is_stmt 1 view -0
 738              		.cfi_startproc
 739              		@ args = 0, pretend = 0, frame = 0
 740              		@ frame_needed = 0, uses_anonymous_args = 0
 741              		.loc 1 90 1 is_stmt 0 view .LVU116
 742 0000 08B5     		push	{r3, lr}
 743              	.LCFI16:
 744              		.cfi_def_cfa_offset 8
 745              		.cfi_offset 3, -8
 746              		.cfi_offset 14, -4
  91:Module/app.c  ****     uint16_t Width, Hight;
 747              		.loc 1 91 5 is_stmt 1 view .LVU117
  92:Module/app.c  ****     uint8_t temp[64];
 748              		.loc 1 92 5 view .LVU118
ARM GAS  C:\Users\ADMINI~1\AppData\Local\Temp\ccsWMECh.s 			page 16


  93:Module/app.c  ****     char path[30];
 749              		.loc 1 93 5 view .LVU119
  94:Module/app.c  ****   switch (ShowId)
 750              		.loc 1 94 3 view .LVU120
 751 0002 0A28     		cmp	r0, #10
 752 0004 0AD8     		bhi	.L45
 753 0006 DFE800F0 		tbb	[pc, r0]
 754              	.L48:
 755 000a 06       		.byte	(.L58-.L48)/2
 756 000b 0A       		.byte	(.L57-.L48)/2
 757 000c 0F       		.byte	(.L56-.L48)/2
 758 000d 15       		.byte	(.L55-.L48)/2
 759 000e 1B       		.byte	(.L54-.L48)/2
 760 000f 22       		.byte	(.L53-.L48)/2
 761 0010 27       		.byte	(.L52-.L48)/2
 762 0011 2B       		.byte	(.L51-.L48)/2
 763 0012 2F       		.byte	(.L50-.L48)/2
 764 0013 34       		.byte	(.L49-.L48)/2
 765 0014 3B       		.byte	(.L47-.L48)/2
 766 0015 00       		.p2align 1
 767              	.L58:
  95:Module/app.c  ****    {
  96:Module/app.c  **** case 0:
  97:Module/app.c  ****       Color(0xff808080);
 768              		.loc 1 97 7 view .LVU121
 769 0016 1C48     		ldr	r0, .L60
 770              	.LVL48:
 771              		.loc 1 97 7 is_stmt 0 view .LVU122
 772 0018 FFF7FEFF 		bl	Color
 773              	.LVL49:
  98:Module/app.c  ****  break;
 774              		.loc 1 98 2 is_stmt 1 view .LVU123
 775              	.L45:
  99:Module/app.c  **** case 1:
 100:Module/app.c  ****       Color(0xffffffff);
 101:Module/app.c  ****  break;
 102:Module/app.c  **** case 2:
 103:Module/app.c  ****       GradientRow(0xffffffff,255);
 104:Module/app.c  ****  break;
 105:Module/app.c  **** case 3:
 106:Module/app.c  ****       GradientCol(0xffffffff,255);
 107:Module/app.c  ****  break;
 108:Module/app.c  **** case 4:
 109:Module/app.c  ****       BlackWight(0xffffffff,0xff000000);
 110:Module/app.c  ****  break;
 111:Module/app.c  **** case 5:
 112:Module/app.c  ****       Color(0xff00ff00);
 113:Module/app.c  ****  break;
 114:Module/app.c  **** case 6:
 115:Module/app.c  ****       Color(0xffff0000);
 116:Module/app.c  ****  break;
 117:Module/app.c  **** case 7:
 118:Module/app.c  ****       Color(0xff0000ff);
 119:Module/app.c  ****  break;
 120:Module/app.c  **** case 8:
 121:Module/app.c  ****       Color(0xff000000);
 122:Module/app.c  ****  break;
ARM GAS  C:\Users\ADMINI~1\AppData\Local\Temp\ccsWMECh.s 			page 17


 123:Module/app.c  **** case 9:
 124:Module/app.c  ****       CrossTalk(0xffffffff,0xff000000);
 125:Module/app.c  ****  break;
 126:Module/app.c  **** case 10:
 127:Module/app.c  ****       Picture(1);
 128:Module/app.c  ****  break;
 129:Module/app.c  **** 
 130:Module/app.c  ****  default:break; 
 131:Module/app.c  **** }
 132:Module/app.c  **** }
 776              		.loc 1 132 1 is_stmt 0 view .LVU124
 777 001c 08BD     		pop	{r3, pc}
 778              	.LVL50:
 779              	.L57:
 100:Module/app.c  ****  break;
 780              		.loc 1 100 7 is_stmt 1 view .LVU125
 781 001e 4FF0FF30 		mov	r0, #-1
 782              	.LVL51:
 100:Module/app.c  ****  break;
 783              		.loc 1 100 7 is_stmt 0 view .LVU126
 784 0022 FFF7FEFF 		bl	Color
 785              	.LVL52:
 101:Module/app.c  **** case 2:
 786              		.loc 1 101 2 is_stmt 1 view .LVU127
 787 0026 F9E7     		b	.L45
 788              	.LVL53:
 789              	.L56:
 103:Module/app.c  ****  break;
 790              		.loc 1 103 7 view .LVU128
 791 0028 FF21     		movs	r1, #255
 792 002a 4FF0FF30 		mov	r0, #-1
 793              	.LVL54:
 103:Module/app.c  ****  break;
 794              		.loc 1 103 7 is_stmt 0 view .LVU129
 795 002e FFF7FEFF 		bl	GradientRow
 796              	.LVL55:
 104:Module/app.c  **** case 3:
 797              		.loc 1 104 2 is_stmt 1 view .LVU130
 798 0032 F3E7     		b	.L45
 799              	.LVL56:
 800              	.L55:
 106:Module/app.c  ****  break;
 801              		.loc 1 106 7 view .LVU131
 802 0034 FF21     		movs	r1, #255
 803 0036 4FF0FF30 		mov	r0, #-1
 804              	.LVL57:
 106:Module/app.c  ****  break;
 805              		.loc 1 106 7 is_stmt 0 view .LVU132
 806 003a FFF7FEFF 		bl	GradientCol
 807              	.LVL58:
 107:Module/app.c  **** case 4:
 808              		.loc 1 107 2 is_stmt 1 view .LVU133
 809 003e EDE7     		b	.L45
 810              	.LVL59:
 811              	.L54:
 109:Module/app.c  ****  break;
 812              		.loc 1 109 7 view .LVU134
ARM GAS  C:\Users\ADMINI~1\AppData\Local\Temp\ccsWMECh.s 			page 18


 813 0040 4FF07F41 		mov	r1, #-16777216
 814 0044 4FF0FF30 		mov	r0, #-1
 815              	.LVL60:
 109:Module/app.c  ****  break;
 816              		.loc 1 109 7 is_stmt 0 view .LVU135
 817 0048 FFF7FEFF 		bl	BlackWight
 818              	.LVL61:
 110:Module/app.c  **** case 5:
 819              		.loc 1 110 2 is_stmt 1 view .LVU136
 820 004c E6E7     		b	.L45
 821              	.LVL62:
 822              	.L53:
 112:Module/app.c  ****  break;
 823              		.loc 1 112 7 view .LVU137
 824 004e 4FF0FF20 		mov	r0, #-16711936
 825              	.LVL63:
 112:Module/app.c  ****  break;
 826              		.loc 1 112 7 is_stmt 0 view .LVU138
 827 0052 FFF7FEFF 		bl	Color
 828              	.LVL64:
 113:Module/app.c  **** case 6:
 829              		.loc 1 113 2 is_stmt 1 view .LVU139
 830 0056 E1E7     		b	.L45
 831              	.LVL65:
 832              	.L52:
 115:Module/app.c  ****  break;
 833              		.loc 1 115 7 view .LVU140
 834 0058 0C48     		ldr	r0, .L60+4
 835              	.LVL66:
 115:Module/app.c  ****  break;
 836              		.loc 1 115 7 is_stmt 0 view .LVU141
 837 005a FFF7FEFF 		bl	Color
 838              	.LVL67:
 116:Module/app.c  **** case 7:
 839              		.loc 1 116 2 is_stmt 1 view .LVU142
 840 005e DDE7     		b	.L45
 841              	.LVL68:
 842              	.L51:
 118:Module/app.c  ****  break;
 843              		.loc 1 118 7 view .LVU143
 844 0060 0B48     		ldr	r0, .L60+8
 845              	.LVL69:
 118:Module/app.c  ****  break;
 846              		.loc 1 118 7 is_stmt 0 view .LVU144
 847 0062 FFF7FEFF 		bl	Color
 848              	.LVL70:
 119:Module/app.c  **** case 8:
 849              		.loc 1 119 2 is_stmt 1 view .LVU145
 850 0066 D9E7     		b	.L45
 851              	.LVL71:
 852              	.L50:
 121:Module/app.c  ****  break;
 853              		.loc 1 121 7 view .LVU146
 854 0068 4FF07F40 		mov	r0, #-16777216
 855              	.LVL72:
 121:Module/app.c  ****  break;
 856              		.loc 1 121 7 is_stmt 0 view .LVU147
ARM GAS  C:\Users\ADMINI~1\AppData\Local\Temp\ccsWMECh.s 			page 19


 857 006c FFF7FEFF 		bl	Color
 858              	.LVL73:
 122:Module/app.c  **** case 9:
 859              		.loc 1 122 2 is_stmt 1 view .LVU148
 860 0070 D4E7     		b	.L45
 861              	.LVL74:
 862              	.L49:
 124:Module/app.c  ****  break;
 863              		.loc 1 124 7 view .LVU149
 864 0072 4FF07F41 		mov	r1, #-16777216
 865 0076 4FF0FF30 		mov	r0, #-1
 866              	.LVL75:
 124:Module/app.c  ****  break;
 867              		.loc 1 124 7 is_stmt 0 view .LVU150
 868 007a FFF7FEFF 		bl	CrossTalk
 869              	.LVL76:
 125:Module/app.c  **** case 10:
 870              		.loc 1 125 2 is_stmt 1 view .LVU151
 871 007e CDE7     		b	.L45
 872              	.LVL77:
 873              	.L47:
 127:Module/app.c  ****  break;
 874              		.loc 1 127 7 view .LVU152
 875 0080 0120     		movs	r0, #1
 876              	.LVL78:
 127:Module/app.c  ****  break;
 877              		.loc 1 127 7 is_stmt 0 view .LVU153
 878 0082 FFF7FEFF 		bl	Picture
 879              	.LVL79:
 128:Module/app.c  **** 
 880              		.loc 1 128 2 is_stmt 1 view .LVU154
 881              		.loc 1 132 1 is_stmt 0 view .LVU155
 882 0086 C9E7     		b	.L45
 883              	.L61:
 884              		.align	2
 885              	.L60:
 886 0088 808080FF 		.word	-8355712
 887 008c 0000FFFF 		.word	-65536
 888 0090 FF0000FF 		.word	-16776961
 889              		.cfi_endproc
 890              	.LFE131:
 892              		.text
 893              	.Letext0:
 894              		.file 2 "i:\\csharp\\cx900_gcc_off_v1.1\\bin\\x86\\debug\\gcc-arm-none-eabi-10.3-2021.10\\arm-none
 895              		.file 3 "i:\\csharp\\cx900_gcc_off_v1.1\\bin\\x86\\debug\\gcc-arm-none-eabi-10.3-2021.10\\arm-none
 896              		.file 4 "Module/user_config.h"
 897              		.file 5 "CMD/usartfifo.h"
 898              		.file 6 "GPU/GPU_PIC.h"
ARM GAS  C:\Users\ADMINI~1\AppData\Local\Temp\ccsWMECh.s 			page 20


DEFINED SYMBOLS
                            *ABS*:00000000 app.c
C:\Users\ADMINI~1\AppData\Local\Temp\ccsWMECh.s:18     .text.Init_IO:00000000 $t
C:\Users\ADMINI~1\AppData\Local\Temp\ccsWMECh.s:24     .text.Init_IO:00000000 Init_IO
C:\Users\ADMINI~1\AppData\Local\Temp\ccsWMECh.s:45     .rodata.Color.str1.4:00000000 $d
C:\Users\ADMINI~1\AppData\Local\Temp\ccsWMECh.s:49     .text.Color:00000000 $t
C:\Users\ADMINI~1\AppData\Local\Temp\ccsWMECh.s:55     .text.Color:00000000 Color
C:\Users\ADMINI~1\AppData\Local\Temp\ccsWMECh.s:98     .text.Color:0000002c $d
C:\Users\ADMINI~1\AppData\Local\Temp\ccsWMECh.s:105    .rodata.ColorBarCol.str1.4:00000000 $d
C:\Users\ADMINI~1\AppData\Local\Temp\ccsWMECh.s:109    .text.ColorBarCol:00000000 $t
C:\Users\ADMINI~1\AppData\Local\Temp\ccsWMECh.s:115    .text.ColorBarCol:00000000 ColorBarCol
C:\Users\ADMINI~1\AppData\Local\Temp\ccsWMECh.s:153    .text.ColorBarCol:00000028 $d
C:\Users\ADMINI~1\AppData\Local\Temp\ccsWMECh.s:160    .rodata.ColorBarRow.str1.4:00000000 $d
C:\Users\ADMINI~1\AppData\Local\Temp\ccsWMECh.s:164    .text.ColorBarRow:00000000 $t
C:\Users\ADMINI~1\AppData\Local\Temp\ccsWMECh.s:170    .text.ColorBarRow:00000000 ColorBarRow
C:\Users\ADMINI~1\AppData\Local\Temp\ccsWMECh.s:208    .text.ColorBarRow:00000028 $d
C:\Users\ADMINI~1\AppData\Local\Temp\ccsWMECh.s:215    .rodata.BlackWight.str1.4:00000000 $d
C:\Users\ADMINI~1\AppData\Local\Temp\ccsWMECh.s:219    .text.BlackWight:00000000 $t
C:\Users\ADMINI~1\AppData\Local\Temp\ccsWMECh.s:225    .text.BlackWight:00000000 BlackWight
C:\Users\ADMINI~1\AppData\Local\Temp\ccsWMECh.s:295    .text.BlackWight:00000058 $d
C:\Users\ADMINI~1\AppData\Local\Temp\ccsWMECh.s:302    .rodata.Checkerboard.str1.4:00000000 $d
C:\Users\ADMINI~1\AppData\Local\Temp\ccsWMECh.s:306    .text.Checkerboard:00000000 $t
C:\Users\ADMINI~1\AppData\Local\Temp\ccsWMECh.s:312    .text.Checkerboard:00000000 Checkerboard
C:\Users\ADMINI~1\AppData\Local\Temp\ccsWMECh.s:350    .text.Checkerboard:00000028 $d
C:\Users\ADMINI~1\AppData\Local\Temp\ccsWMECh.s:357    .rodata.CrossTalk.str1.4:00000000 $d
C:\Users\ADMINI~1\AppData\Local\Temp\ccsWMECh.s:361    .text.CrossTalk:00000000 $t
C:\Users\ADMINI~1\AppData\Local\Temp\ccsWMECh.s:367    .text.CrossTalk:00000000 CrossTalk
C:\Users\ADMINI~1\AppData\Local\Temp\ccsWMECh.s:469    .text.CrossTalk:000000a0 $d
C:\Users\ADMINI~1\AppData\Local\Temp\ccsWMECh.s:477    .rodata.Picture.str1.4:00000000 $d
C:\Users\ADMINI~1\AppData\Local\Temp\ccsWMECh.s:481    .text.Picture:00000000 $t
C:\Users\ADMINI~1\AppData\Local\Temp\ccsWMECh.s:487    .text.Picture:00000000 Picture
C:\Users\ADMINI~1\AppData\Local\Temp\ccsWMECh.s:514    .text.Picture:00000014 $d
C:\Users\ADMINI~1\AppData\Local\Temp\ccsWMECh.s:519    .rodata.GradientCol.str1.4:00000000 $d
C:\Users\ADMINI~1\AppData\Local\Temp\ccsWMECh.s:523    .text.GradientCol:00000000 $t
C:\Users\ADMINI~1\AppData\Local\Temp\ccsWMECh.s:529    .text.GradientCol:00000000 GradientCol
C:\Users\ADMINI~1\AppData\Local\Temp\ccsWMECh.s:572    .text.GradientCol:0000002c $d
C:\Users\ADMINI~1\AppData\Local\Temp\ccsWMECh.s:579    .rodata.GradientRow.str1.4:00000000 $d
C:\Users\ADMINI~1\AppData\Local\Temp\ccsWMECh.s:583    .text.GradientRow:00000000 $t
C:\Users\ADMINI~1\AppData\Local\Temp\ccsWMECh.s:589    .text.GradientRow:00000000 GradientRow
C:\Users\ADMINI~1\AppData\Local\Temp\ccsWMECh.s:632    .text.GradientRow:0000002c $d
C:\Users\ADMINI~1\AppData\Local\Temp\ccsWMECh.s:639    .rodata.Flicker.str1.4:00000000 $d
C:\Users\ADMINI~1\AppData\Local\Temp\ccsWMECh.s:643    .text.Flicker:00000000 $t
C:\Users\ADMINI~1\AppData\Local\Temp\ccsWMECh.s:649    .text.Flicker:00000000 Flicker
C:\Users\ADMINI~1\AppData\Local\Temp\ccsWMECh.s:695    .text.Flicker:00000030 $d
C:\Users\ADMINI~1\AppData\Local\Temp\ccsWMECh.s:702    .text.TpTest:00000000 $t
C:\Users\ADMINI~1\AppData\Local\Temp\ccsWMECh.s:708    .text.TpTest:00000000 TpTest
C:\Users\ADMINI~1\AppData\Local\Temp\ccsWMECh.s:728    .text.Lcd_ShowMode:00000000 $t
C:\Users\ADMINI~1\AppData\Local\Temp\ccsWMECh.s:734    .text.Lcd_ShowMode:00000000 Lcd_ShowMode
C:\Users\ADMINI~1\AppData\Local\Temp\ccsWMECh.s:755    .text.Lcd_ShowMode:0000000a $d
C:\Users\ADMINI~1\AppData\Local\Temp\ccsWMECh.s:886    .text.Lcd_ShowMode:00000088 $d
C:\Users\ADMINI~1\AppData\Local\Temp\ccsWMECh.s:766    .text.Lcd_ShowMode:00000015 $d
C:\Users\ADMINI~1\AppData\Local\Temp\ccsWMECh.s:766    .text.Lcd_ShowMode:00000016 $t

UNDEFINED SYMBOLS
init_spi
Lcd_ShowPureColor
printk
ARM GAS  C:\Users\ADMINI~1\AppData\Local\Temp\ccsWMECh.s 			page 21


gMipiTableIndex
ptr_MIPI_TABLE
ColorBarCol1
ColorBarRow1
BlackWight1
Checkerboard1
DisplayBMP
ColorGradientRow
ColorGradientCol
FLINK
TP_Main
