Archive member included to satisfy reference by file (symbol)

./\libGD32F303VET6.a(gd32f30x_misc.o)
                              build/gd32f303e_eval.o (nvic_irq_enable)
./\libGD32F303VET6.a(gd32f30x_gpio.o)
                              build/ssd_2832.o (gpio_init)
./\libGD32F303VET6.a(gd32f30x_usart.o)
                              build/gd32f303e_eval.o (usart_deinit)
./\libGD32F303VET6.a(gd32f30x_rcu.o)
                              build/ssd_2832.o (rcu_periph_clock_enable)
./\libGD32F303VET6.a(system_gd32f30x.o)
                              build/systick.o (SystemCoreClock)
./\libGD32F303VET6.a(usartfifo.o)
                              build/main.o (ringbuffer_init)
./\libGD32F303VET6.a(consoled.o)
                              ./\libGD32F303VET6.a(usartfifo.o) (at_proc)
./\libGD32F303VET6.a(ff.o)    build/main.o (f_mount)
./\libGD32F303VET6.a(GPU_DAC.o)
                              build/main.o (InitDac)
./\libGD32F303VET6.a(GPU_GPIO.o)
                              build/power_task.o (SetGpuExgpio)
./\libGD32F303VET6.a(GPU_I2C.o)
                              build/TouchPoint.o (setInter)
./\libGD32F303VET6.a(GPU_PIC.o)
                              build/main.o (GPU_PIC_Init)
./\libGD32F303VET6.a(GPU_RGB.o)
                              build/power_task.o (RGB_Enable)
./\libGD32F303VET6.a(GPU_SDIO.o)
                              build/main.o (GPU_SDIO_INIT)
./\libGD32F303VET6.a(GPU_SPI.o)
                              build/power_task.o (spi_read)
./\libGD32F303VET6.a(mb.o)    build/main.o (eMBInit)
./\libGD32F303VET6.a(mbascii.o)
                              ./\libGD32F303VET6.a(mb.o) (eMBASCIIInit)
./\libGD32F303VET6.a(mbfunccoils.o)
                              ./\libGD32F303VET6.a(mb.o) (eMBFuncReadCoils)
./\libGD32F303VET6.a(mbfuncdisc.o)
                              ./\libGD32F303VET6.a(mb.o) (eMBFuncReadDiscreteInputs)
./\libGD32F303VET6.a(mbfuncholding.o)
                              ./\libGD32F303VET6.a(mb.o) (eMBFuncWriteHoldingRegister)
./\libGD32F303VET6.a(mbfuncinput.o)
                              ./\libGD32F303VET6.a(mb.o) (eMBFuncReadInputRegister)
./\libGD32F303VET6.a(mbfuncother.o)
                              ./\libGD32F303VET6.a(mb.o) (eMBFuncReportSlaveID)
./\libGD32F303VET6.a(mbutils.o)
                              ./\libGD32F303VET6.a(mbfunccoils.o) (prveMBError2Exception)
./\libGD32F303VET6.a(mbrtu.o)
                              ./\libGD32F303VET6.a(mbascii.o) (ucRTUBuf)
./\libGD32F303VET6.a(portevent.o)
                              ./\libGD32F303VET6.a(mb.o) (xMBPortEventInit)
./\libGD32F303VET6.a(portserial.o)
                              ./\libGD32F303VET6.a(mbascii.o) (xMBPortSerialInit)
./\libGD32F303VET6.a(porttimer.o)
                              ./\libGD32F303VET6.a(mbascii.o) (xMBPortTimersInit)
./\libGD32F303VET6.a(user_mb_app.o)
                              ./\libGD32F303VET6.a(mbfuncinput.o) (eMBRegInputCB)
./\libGD32F303VET6.a(Function.o)
                              ./\libGD32F303VET6.a(user_mb_app.o) (AutoFlag)
./\libGD32F303VET6.a(GPU_Cfg.o)
                              build/main.o (MCU_GPU_FSMCConfig)
./\libGD32F303VET6.a(pll_freq_def.o)
                              ./\libGD32F303VET6.a(GPU_PIC.o) (SetPLL)
./\libGD32F303VET6.a(pport_spi.o)
                              build/app.o (init_spi)
./\libGD32F303VET6.a(UserGpioDefine.o)
                              build/main.o (Fpga_Start)
./\libGD32F303VET6.a(fatfs.o)
                              build/main.o (Flash)
./\libGD32F303VET6.a(bsp.o)   ./\libGD32F303VET6.a(consoled.o) (writeToFlash32)
./\libGD32F303VET6.a(bspdrivermemory.o)
                              build/main.o (MEMORY_Init)
./\libGD32F303VET6.a(calibthread.o)
                              ./\libGD32F303VET6.a(bspdrivermemory.o) (CALIB_THREAD_ValidDefault)
./\libGD32F303VET6.a(chipdriverat24c128c.o)
                              ./\libGD32F303VET6.a(bspdrivermemory.o) (AT24C64D_Init)
./\libGD32F303VET6.a(chipiic.o)
                              build/main.o (CHIP_IIC_Init)
./\libGD32F303VET6.a(dac5571.o)
                              ./\libGD32F303VET6.a(GPU_Cfg.o) (set_tpvcc)
./\libGD32F303VET6.a(file_opration.o)
                              build/main.o (app_name)
./\libGD32F303VET6.a(gd25qxx.o)
                              build/main.o (spi_flash_init)
./\libGD32F303VET6.a(iap.o)   build/main.o (iap_init)
./\libGD32F303VET6.a(ina220.o)
                              ./\libGD32F303VET6.a(user_mb_app.o) (bk_type)
./\libGD32F303VET6.a(timer.o)
                              ./\libGD32F303VET6.a(Function.o) (TIM_CORE_GetTick)
./\libGD32F303VET6.a(usart.o)
                              build/main.o (modbusflag)
./\libGD32F303VET6.a(fontupd.o)
                              ./\libGD32F303VET6.a(ff.o) (ftinfo)
./\libGD32F303VET6.a(menu.o)  ./\libGD32F303VET6.a(consoled.o) (SerialDownload)
./\libGD32F303VET6.a(ymodem.o)
                              ./\libGD32F303VET6.a(menu.o) (myfil)
[...]
Memory Configuration

Name             Origin             Length             Attributes
RAM              0x20000000         0x00010000         xrw
FLASH            0x08010000         0x00060000         xr
*default*        0x00000000         0xffffffff

Linker script and memory map

LOAD i:/csharp/cx900_gcc_off_v1.1/bin/x86/debug/gcc-arm-none-eabi-10.3-2021.10/bin/../lib/gcc/arm-none-eabi/10.3.1/thumb/v7e-m/nofp/crti.o
LOAD i:/csharp/cx900_gcc_off_v1.1/bin/x86/debug/gcc-arm-none-eabi-10.3-2021.10/bin/../lib/gcc/arm-none-eabi/10.3.1/thumb/v7e-m/nofp/crtbegin.o
LOAD i:/csharp/cx900_gcc_off_v1.1/bin/x86/debug/gcc-arm-none-eabi-10.3-2021.10/bin/../lib/gcc/arm-none-eabi/10.3.1/../../../../arm-none-eabi/lib/thumb/v7e-m/nofp/crt0.o
LOAD build/malloc.o
LOAD build/power_task.o
LOAD build/TouchPoint.o
LOAD build/user_config.o
LOAD build/app.o
LOAD build/lcd_cfg.o
LOAD build/ssd_2832.o
LOAD build/systick.o
LOAD build/gd32f30x_it.o
LOAD build/main.o
LOAD build/gd32f303e_eval.o
LOAD ./\libGD32F303VET6.a
START GROUP
LOAD i:/csharp/cx900_gcc_off_v1.1/bin/x86/debug/gcc-arm-none-eabi-10.3-2021.10/bin/../lib/gcc/arm-none-eabi/10.3.1/thumb/v7e-m/nofp\libgcc.a
LOAD i:/csharp/cx900_gcc_off_v1.1/bin/x86/debug/gcc-arm-none-eabi-10.3-2021.10/bin/../lib/gcc/arm-none-eabi/10.3.1/../../../../arm-none-eabi/lib/thumb/v7e-m/nofp\libc.a
END GROUP
START GROUP
LOAD i:/csharp/cx900_gcc_off_v1.1/bin/x86/debug/gcc-arm-none-eabi-10.3-2021.10/bin/../lib/gcc/arm-none-eabi/10.3.1/thumb/v7e-m/nofp\libgcc.a
LOAD i:/csharp/cx900_gcc_off_v1.1/bin/x86/debug/gcc-arm-none-eabi-10.3-2021.10/bin/../lib/gcc/arm-none-eabi/10.3.1/../../../../arm-none-eabi/lib/thumb/v7e-m/nofp\libc.a
LOAD i:/csharp/cx900_gcc_off_v1.1/bin/x86/debug/gcc-arm-none-eabi-10.3-2021.10/bin/../lib/gcc/arm-none-eabi/10.3.1/../../../../arm-none-eabi/lib/thumb/v7e-m/nofp\libnosys.a
END GROUP
LOAD i:/csharp/cx900_gcc_off_v1.1/bin/x86/debug/gcc-arm-none-eabi-10.3-2021.10/bin/../lib/gcc/arm-none-eabi/10.3.1/thumb/v7e-m/nofp/crtend.o
LOAD i:/csharp/cx900_gcc_off_v1.1/bin/x86/debug/gcc-arm-none-eabi-10.3-2021.10/bin/../lib/gcc/arm-none-eabi/10.3.1/thumb/v7e-m/nofp/crtn.o
                0x20010000                _estack = (ORIGIN (RAM) + LENGTH (RAM))
                0x00005000                _Min_Heap_Size = 0x5000
                0x00000800                _Min_Stack_Size = 0x800

.isr_vector     0x08010000      0x130
                0x08010000                . = ALIGN (0x4)
 *(.isr_vector)
 .isr_vector    0x08010000      0x130 ./\libGD32F303VET6.a(startup_gd32f30x_hd.o)
                0x08010000                g_pfnVectors
                0x08010130                . = ALIGN (0x4)

.text           0x08010140    0x25d50
                0x08010140                . = ALIGN (0x4)
 *(.text)
 .text          0x08010140       0x40 i:/csharp/cx900_gcc_off_v1.1/bin/x86/debug/gcc-arm-none-eabi-10.3-2021.10/bin/../lib/gcc/arm-none-eabi/10.3.1/thumb/v7e-m/nofp/crtbegin.o
 .text          0x08010180      0x378 i:/csharp/cx900_gcc_off_v1.1/bin/x86/debug/gcc-arm-none-eabi-10.3-2021.10/bin/../lib/gcc/arm-none-eabi/10.3.1/thumb/v7e-m/nofp\libgcc.a(_arm_addsubdf3.o)
                0x08010180                __aeabi_drsub
                0x08010188                __aeabi_dsub
                0x08010188                __subdf3
                0x0801018c                __aeabi_dadd
                0x0801018c                __adddf3
                0x08010404                __floatunsidf
                0x08010404                __aeabi_ui2d
                0x08010424                __floatsidf
                0x08010424                __aeabi_i2d
                0x08010448                __aeabi_f2d
                0x08010448                __extendsfdf2
                0x0801048c                __floatundidf
                0x0801048c                __aeabi_ul2d
                0x0801049c                __floatdidf
                0x0801049c                __aeabi_l2d
 .text          0x080104f8      0x424 i:/csharp/cx900_gcc_off_v1.1/bin/x86/debug/gcc-arm-none-eabi-10.3-2021.10/bin/../lib/gcc/arm-none-eabi/10.3.1/thumb/v7e-m/nofp\libgcc.a(_arm_muldivdf3.o)
                0x080104f8                __aeabi_dmul
                0x080104f8                __muldf3
                0x0801074c                __divdf3
                0x0801074c                __aeabi_ddiv
 .text          0x0801091c      0x110 i:/csharp/cx900_gcc_off_v1.1/bin/x86/debug/gcc-arm-none-eabi-10.3-2021.10/bin/../lib/gcc/arm-none-eabi/10.3.1/thumb/v7e-m/nofp\libgcc.a(_arm_cmpdf2.o)
                0x0801091c                __gtdf2
                0x0801091c                __gedf2
                0x08010924                __ltdf2
                0x08010924                __ledf2
                0x0801092c                __nedf2
                0x0801092c                __eqdf2
                0x0801092c                __cmpdf2
                0x080109a8                __aeabi_cdrcmple
                0x080109b8                __aeabi_cdcmpeq
                0x080109b8                __aeabi_cdcmple
                0x080109c8                __aeabi_dcmpeq
                0x080109dc                __aeabi_dcmplt
                0x080109f0                __aeabi_dcmple
                0x08010a04                __aeabi_dcmpge
                0x08010a18                __aeabi_dcmpgt
 .text          0x08010a2c       0x40 i:/csharp/cx900_gcc_off_v1.1/bin/x86/debug/gcc-arm-none-eabi-10.3-2021.10/bin/../lib/gcc/arm-none-eabi/10.3.1/thumb/v7e-m/nofp\libgcc.a(_arm_fixunsdfsi.o)
                0x08010a2c                __aeabi_d2uiz
                0x08010a2c                __fixunsdfsi
 .text          0x08010a6c       0xa0 i:/csharp/cx900_gcc_off_v1.1/bin/x86/debug/gcc-arm-none-eabi-10.3-2021.10/bin/../lib/gcc/arm-none-eabi/10.3.1/thumb/v7e-m/nofp\libgcc.a(_arm_truncdfsf2.o)
                0x08010a6c                __truncdfsf2
                0x08010a6c                __aeabi_d2f
 .text          0x08010b0c      0x21c i:/csharp/cx900_gcc_off_v1.1/bin/x86/debug/gcc-arm-none-eabi-10.3-2021.10/bin/../lib/gcc/arm-none-eabi/10.3.1/thumb/v7e-m/nofp\libgcc.a(_arm_addsubsf3.o)
                0x08010b0c                __aeabi_frsub
                0x08010b14                __subsf3
                0x08010b14                __aeabi_fsub
                0x08010b18                __aeabi_fadd
                0x08010b18                __addsf3
                0x08010c78                __aeabi_ui2f
                0x08010c78                __floatunsisf
                0x08010c80                __aeabi_i2f
                0x08010c80                __floatsisf
                0x08010c9c                __aeabi_ul2f
                0x08010c9c                __floatundisf
                0x08010cac                __aeabi_l2f
                0x08010cac                __floatdisf
 .text          0x08010d28      0x2a0 i:/csharp/cx900_gcc_off_v1.1/bin/x86/debug/gcc-arm-none-eabi-10.3-2021.10/bin/../lib/gcc/arm-none-eabi/10.3.1/thumb/v7e-m/nofp\libgcc.a(_arm_muldivsf3.o)
                0x08010d28                __mulsf3
                0x08010d28                __aeabi_fmul
                0x08010e90                __aeabi_fdiv
                0x08010e90                __divsf3
 .text          0x08010fc8       0xec i:/csharp/cx900_gcc_off_v1.1/bin/x86/debug/gcc-arm-none-eabi-10.3-2021.10/bin/../lib/gcc/arm-none-eabi/10.3.1/thumb/v7e-m/nofp\libgcc.a(_arm_cmpsf2.o)
                0x08010fc8                __gesf2
                0x08010fc8                __gtsf2
                0x08010fd0                __lesf2
                0x08010fd0                __ltsf2
                0x08010fd8                __nesf2
                0x08010fd8                __eqsf2
                0x08010fd8                __cmpsf2
                0x08011038                __aeabi_cfrcmple
                0x08011040                __aeabi_cfcmpeq
                0x08011040                __aeabi_cfcmple
                0x08011050                __aeabi_fcmpeq
                0x08011064                __aeabi_fcmplt
                0x08011078                __aeabi_fcmple
                0x0801108c                __aeabi_fcmpge
                0x080110a0                __aeabi_fcmpgt
 .text          0x080110b4       0x40 i:/csharp/cx900_gcc_off_v1.1/bin/x86/debug/gcc-arm-none-eabi-10.3-2021.10/bin/../lib/gcc/arm-none-eabi/10.3.1/thumb/v7e-m/nofp\libgcc.a(_arm_fixunssfsi.o)
                0x080110b4                __fixunssfsi
                0x080110b4                __aeabi_f2uiz
 .text          0x080110f4       0xa0 i:/csharp/cx900_gcc_off_v1.1/bin/x86/debug/gcc-arm-none-eabi-10.3-2021.10/bin/../lib/gcc/arm-none-eabi/10.3.1/thumb/v7e-m/nofp\libgcc.a(_aeabi_ldivmod.o)
                0x080110f4                __aeabi_ldivmod
 .text          0x08011194       0x30 i:/csharp/cx900_gcc_off_v1.1/bin/x86/debug/gcc-arm-none-eabi-10.3-2021.10/bin/../lib/gcc/arm-none-eabi/10.3.1/thumb/v7e-m/nofp\libgcc.a(_aeabi_uldivmod.o)
                0x08011194                __aeabi_uldivmod
 .text          0x080111c4      0x2d0 i:/csharp/cx900_gcc_off_v1.1/bin/x86/debug/gcc-arm-none-eabi-10.3-2021.10/bin/../lib/gcc/arm-none-eabi/10.3.1/thumb/v7e-m/nofp\libgcc.a(_udivmoddi4.o)
                0x080111c4                __udivmoddi4
 .text          0x08011494        0x4 i:/csharp/cx900_gcc_off_v1.1/bin/x86/debug/gcc-arm-none-eabi-10.3-2021.10/bin/../lib/gcc/arm-none-eabi/10.3.1/thumb/v7e-m/nofp\libgcc.a(_dvmd_tls.o)
                0x08011494                __aeabi_idiv0
                0x08011494                __aeabi_ldiv0
 .text          0x08011498      0x134 i:/csharp/cx900_gcc_off_v1.1/bin/x86/debug/gcc-arm-none-eabi-10.3-2021.10/bin/../lib/gcc/arm-none-eabi/10.3.1/../../../../arm-none-eabi/lib/thumb/v7e-m/nofp\libc.a(lib_a-memcpy.o)
                0x08011498                memcpy
 *fill*         0x080115cc       0x14 
 .text          0x080115e0      0x2dc i:/csharp/cx900_gcc_off_v1.1/bin/x86/debug/gcc-arm-none-eabi-10.3-2021.10/bin/../lib/gcc/arm-none-eabi/10.3.1/../../../../arm-none-eabi/lib/thumb/v7e-m/nofp\libc.a(lib_a-strcmp.o)
                0x080115e8                strcmp
 *fill*         0x080118bc        0x4 
 .text          0x080118c0       0xdc i:/csharp/cx900_gcc_off_v1.1/bin/x86/debug/gcc-arm-none-eabi-10.3-2021.10/bin/../lib/gcc/arm-none-eabi/10.3.1/../../../../arm-none-eabi/lib/thumb/v7e-m/nofp\libc.a(lib_a-strlen.o)
                0x080118c0                strlen
 *fill*         0x0801199c        0x4 
 .text          0x080119a0       0xa0 i:/csharp/cx900_gcc_off_v1.1/bin/x86/debug/gcc-arm-none-eabi-10.3-2021.10/bin/../lib/gcc/arm-none-eabi/10.3.1/../../../../arm-none-eabi/lib/thumb/v7e-m/nofp\libc.a(lib_a-memchr.o)
                0x080119a0                memchr
 .text          0x08011a40       0x2c i:/csharp/cx900_gcc_off_v1.1/bin/x86/debug/gcc-arm-none-eabi-10.3-2021.10/bin/../lib/gcc/arm-none-eabi/10.3.1/thumb/v7e-m/nofp\libgcc.a(_arm_unorddf2.o)
                0x08011a40                __unorddf2
                0x08011a40                __aeabi_dcmpun
 .text          0x08011a6c       0x50 i:/csharp/cx900_gcc_off_v1.1/bin/x86/debug/gcc-arm-none-eabi-10.3-2021.10/bin/../lib/gcc/arm-none-eabi/10.3.1/thumb/v7e-m/nofp\libgcc.a(_arm_fixdfsi.o)
                0x08011a6c                __aeabi_d2iz
                0x08011a6c                __fixdfsi
 .text          0x08011abc       0x34 i:/csharp/cx900_gcc_off_v1.1/bin/x86/debug/gcc-arm-none-eabi-10.3-2021.10/bin/../lib/gcc/arm-none-eabi/10.3.1/thumb/v7e-m/nofp\libgcc.a(_fixdfdi.o)
                0x08011abc                __fixdfdi
                0x08011abc                __aeabi_d2lz
 .text          0x08011af0       0x3c i:/csharp/cx900_gcc_off_v1.1/bin/x86/debug/gcc-arm-none-eabi-10.3-2021.10/bin/../lib/gcc/arm-none-eabi/10.3.1/thumb/v7e-m/nofp\libgcc.a(_fixunsdfdi.o)
                0x08011af0                __fixunsdfdi
                0x08011af0                __aeabi_d2ulz
 *(.text*)
 .text.mem_perused
                0x08011b2c       0x48 build/malloc.o
                0x08011b2c                mem_perused
 .text.mymemset
                0x08011b74       0x10 build/malloc.o
                0x08011b74                mymemset
 .text.mem_init
                0x08011b84       0x44 build/malloc.o
                0x08011b84                mem_init
 .text.mem_malloc
                0x08011bc8       0xa8 build/malloc.o
                0x08011bc8                mem_malloc
 .text.mem_free
                0x08011c70       0x70 build/malloc.o
                0x08011c70                mem_free
 .text.myfree   0x08011ce0       0x1c build/malloc.o
                0x08011ce0                myfree
 .text.mymalloc
                0x08011cfc       0x24 build/malloc.o
                0x08011cfc                mymalloc
 .text.FATFS_Init
                0x08011d20       0xa4 build/malloc.o
                0x08011d20                FATFS_Init
 .text.Power_Off
                0x08011dc4       0xfc build/power_task.o
                0x08011dc4                Power_Off
 .text.Power_On
                0x08011ec0      0x47c build/power_task.o
                0x08011ec0                Power_On
 .text.Color    0x0801233c       0x38 build/app.o
                0x0801233c                Color
 .text.BlackWight
                0x08012374       0x64 build/app.o
                0x08012374                BlackWight
 .text.CrossTalk
                0x080123d8       0xb0 build/app.o
                0x080123d8                CrossTalk
 .text.Picture  0x08012488       0x18 build/app.o
                0x08012488                Picture
 .text.GradientCol
                0x080124a0       0x38 build/app.o
                0x080124a0                GradientCol
 .text.GradientRow
                0x080124d8       0x38 build/app.o
                0x080124d8                GradientRow
 .text.Lcd_ShowMode
                0x08012510       0x94 build/app.o
                0x08012510                Lcd_ShowMode
 .text.SSD2832_GPIO_Init
                0x080125a4       0xb8 build/ssd_2832.o
                0x080125a4                SSD2832_GPIO_Init
 .text.malloc   0x0801265c        0xc build/ssd_2832.o
                0x0801265c                malloc
 .text.free     0x08012668        0xc build/ssd_2832.o
                0x08012668                free
 .text.SSD2832_Write_Data
                0x08012674       0x50 build/ssd_2832.o
                0x08012674                SSD2832_Write_Data
 .text.SSD2832_Read
                0x080126c4       0x70 build/ssd_2832.o
                0x080126c4                SSD2832_Read
 .text.bridge_a_spi_read
                0x08012734       0x28 build/ssd_2832.o
                0x08012734                bridge_a_spi_read
 .text.bridge_spi_read
                0x0801275c       0x3c build/ssd_2832.o
 .text.bridge_a_spi_write
                0x08012798       0x28 build/ssd_2832.o
                0x08012798                bridge_a_spi_write
 .text.bridge_spi_write
                0x080127c0       0x4c build/ssd_2832.o
 .text.bridge_write_data
                0x0801280c       0x6c build/ssd_2832.o
 .text.bridge_write_cmd
                0x08012878       0x1c build/ssd_2832.o
 .text.bridge_spi_read_data
                0x08012894       0x3c build/ssd_2832.o
 .text.bridge_write_reg_32bit
                0x080128d0       0x58 build/ssd_2832.o
                0x080128d0                bridge_write_reg_32bit
 .text.bridge_write_reg_16bit
                0x08012928       0x6c build/ssd_2832.o
                0x08012928                bridge_write_reg_16bit
 .text.bridge_read_reg
                0x08012994       0x78 build/ssd_2832.o
                0x08012994                bridge_read_reg
 .text.bridge_write_apb_reg
                0x08012a0c       0x42 build/ssd_2832.o
                0x08012a0c                bridge_write_apb_reg
 *fill*         0x08012a4e        0x2 
 .text.bridge_hw_reset
                0x08012a50       0x30 build/ssd_2832.o
                0x08012a50                bridge_hw_reset
 .text.bridge_RSTPIN_reset
                0x08012a80       0x10 build/ssd_2832.o
                0x08012a80                bridge_RSTPIN_reset
 .text.bridge_reg_test
                0x08012a90      0x1cc build/ssd_2832.o
                0x08012a90                bridge_reg_test
 .text.bridge_init
                0x08012c5c      0x62c build/ssd_2832.o
                0x08012c5c                bridge_init
 .text.mipi_write_regs
                0x08013288      0x180 build/ssd_2832.o
                0x08013288                mipi_write_regs
 .text.systick_config
                0x08013408       0x40 build/systick.o
                0x08013408                systick_config
 .text.NMI_Handler
                0x08013448        0x2 build/gd32f30x_it.o
                0x08013448                NMI_Handler
 .text.HardFault_Handler
                0x0801344a        0x2 build/gd32f30x_it.o
                0x0801344a                HardFault_Handler
 .text.MemManage_Handler
                0x0801344c        0x2 build/gd32f30x_it.o
                0x0801344c                MemManage_Handler
 .text.BusFault_Handler
                0x0801344e        0x2 build/gd32f30x_it.o
                0x0801344e                BusFault_Handler
 .text.UsageFault_Handler
                0x08013450        0x2 build/gd32f30x_it.o
                0x08013450                UsageFault_Handler
 .text.SVC_Handler
                0x08013452        0x2 build/gd32f30x_it.o
                0x08013452                SVC_Handler
 .text.DebugMon_Handler
                0x08013454        0x2 build/gd32f30x_it.o
                0x08013454                DebugMon_Handler
 .text.PendSV_Handler
                0x08013456        0x2 build/gd32f30x_it.o
                0x08013456                PendSV_Handler
 .text.SysTick_Handler
                0x08013458        0x8 build/gd32f30x_it.o
                0x08013458                SysTick_Handler
 .text.USBD_LP_CAN0_RX0_IRQHandler
                0x08013460        0x2 build/gd32f30x_it.o
                0x08013460                USBD_LP_CAN0_RX0_IRQHandler
 *fill*         0x08013462        0x2 
 .text.led_init
                0x08013464       0x30 build/main.o
                0x08013464                led_init
 .text.bsp_init
                0x08013494       0xa8 build/main.o
                0x08013494                bsp_init
 .text.main     0x0801353c      0x268 build/main.o
                0x0801353c                main
 .text.gd_eval_com_init
                0x080137a4      0x1a0 build/gd32f303e_eval.o
                0x080137a4                gd_eval_com_init
 .text.led_poll
                0x08013944       0x40 build/gd32f303e_eval.o
                0x08013944                led_poll
 .text.nvic_priority_group_set
                0x08013984       0x24 ./\libGD32F303VET6.a(gd32f30x_misc.o)
                0x08013984                nvic_priority_group_set
 .text.nvic_irq_enable
                0x080139a8      0x10c ./\libGD32F303VET6.a(gd32f30x_misc.o)
                0x080139a8                nvic_irq_enable
 .text.nvic_vector_table_set
                0x08013ab4       0x30 ./\libGD32F303VET6.a(gd32f30x_misc.o)
                0x08013ab4                nvic_vector_table_set
 .text.gpio_init
                0x08013ae4      0x168 ./\libGD32F303VET6.a(gd32f30x_gpio.o)
                0x08013ae4                gpio_init
 .text.gpio_bit_set
                0x08013c4c       0x1e ./\libGD32F303VET6.a(gd32f30x_gpio.o)
                0x08013c4c                gpio_bit_set
 .text.gpio_bit_reset
                0x08013c6a       0x1e ./\libGD32F303VET6.a(gd32f30x_gpio.o)
                0x08013c6a                gpio_bit_reset
 .text.gpio_input_bit_get
                0x08013c88       0x28 ./\libGD32F303VET6.a(gd32f30x_gpio.o)
                0x08013c88                gpio_input_bit_get
 .text.gpio_pin_remap_config
                0x08013cb0       0xe4 ./\libGD32F303VET6.a(gd32f30x_gpio.o)
                0x08013cb0                gpio_pin_remap_config
 .text.usart_deinit
                0x08013d94       0xc4 ./\libGD32F303VET6.a(gd32f30x_usart.o)
                0x08013d94                usart_deinit
 .text.usart_baudrate_set
                0x08013e58       0xe0 ./\libGD32F303VET6.a(gd32f30x_usart.o)
                0x08013e58                usart_baudrate_set
 .text.usart_enable
                0x08013f38       0x22 ./\libGD32F303VET6.a(gd32f30x_usart.o)
                0x08013f38                usart_enable
 .text.usart_transmit_config
                0x08013f5a       0x3a ./\libGD32F303VET6.a(gd32f30x_usart.o)
                0x08013f5a                usart_transmit_config
 .text.usart_receive_config
                0x08013f94       0x3a ./\libGD32F303VET6.a(gd32f30x_usart.o)
                0x08013f94                usart_receive_config
 .text.usart_data_transmit
                0x08013fce       0x22 ./\libGD32F303VET6.a(gd32f30x_usart.o)
                0x08013fce                usart_data_transmit
 .text.usart_data_receive
                0x08013ff0       0x20 ./\libGD32F303VET6.a(gd32f30x_usart.o)
                0x08013ff0                usart_data_receive
 .text.usart_flag_get
                0x08014010       0x3c ./\libGD32F303VET6.a(gd32f30x_usart.o)
                0x08014010                usart_flag_get
 .text.usart_interrupt_enable
                0x0801404c       0x40 ./\libGD32F303VET6.a(gd32f30x_usart.o)
                0x0801404c                usart_interrupt_enable
 .text.usart_interrupt_disable
                0x0801408c       0x42 ./\libGD32F303VET6.a(gd32f30x_usart.o)
                0x0801408c                usart_interrupt_disable
 .text.usart_interrupt_flag_get
                0x080140ce       0x68 ./\libGD32F303VET6.a(gd32f30x_usart.o)
                0x080140ce                usart_interrupt_flag_get
 .text.usart_interrupt_flag_clear
                0x08014136       0x3a ./\libGD32F303VET6.a(gd32f30x_usart.o)
                0x08014136                usart_interrupt_flag_clear
 .text.rcu_periph_clock_enable
                0x08014170       0x44 ./\libGD32F303VET6.a(gd32f30x_rcu.o)
                0x08014170                rcu_periph_clock_enable
 .text.rcu_periph_reset_enable
                0x080141b4       0x44 ./\libGD32F303VET6.a(gd32f30x_rcu.o)
                0x080141b4                rcu_periph_reset_enable
 .text.rcu_periph_reset_disable
                0x080141f8       0x48 ./\libGD32F303VET6.a(gd32f30x_rcu.o)
                0x080141f8                rcu_periph_reset_disable
 .text.rcu_clock_freq_get
                0x08014240      0x1e4 ./\libGD32F303VET6.a(gd32f30x_rcu.o)
                0x08014240                rcu_clock_freq_get
 .text.SystemInit
                0x08014424       0x8c ./\libGD32F303VET6.a(system_gd32f30x.o)
                0x08014424                SystemInit
 .text.system_clock_config
                0x080144b0        0xc ./\libGD32F303VET6.a(system_gd32f30x.o)
 .text.system_clock_120m_hxtal
                0x080144bc      0x148 ./\libGD32F303VET6.a(system_gd32f30x.o)
 .text.ringbuffer_init
                0x08014604       0x30 ./\libGD32F303VET6.a(usartfifo.o)
                0x08014604                ringbuffer_init
 .text.uart_buf_put
                0x08014634       0x64 ./\libGD32F303VET6.a(usartfifo.o)
                0x08014634                uart_buf_put
 .text.uart_buf_get
                0x08014698       0x50 ./\libGD32F303VET6.a(usartfifo.o)
                0x08014698                uart_buf_get
 .text.debug_read
                0x080146e8       0x24 ./\libGD32F303VET6.a(usartfifo.o)
                0x080146e8                debug_read
 .text.uart_rev_enable
                0x0801470c       0x20 ./\libGD32F303VET6.a(usartfifo.o)
                0x0801470c                uart_rev_enable
 .text.uart_it_cb
                0x0801472c       0x1c ./\libGD32F303VET6.a(usartfifo.o)
                0x0801472c                uart_it_cb
 .text.uart1_rev_enable
                0x08014748       0x20 ./\libGD32F303VET6.a(usartfifo.o)
                0x08014748                uart1_rev_enable
 .text.uart_it_cb1
                0x08014768       0x1c ./\libGD32F303VET6.a(usartfifo.o)
                0x08014768                uart_it_cb1
 .text.USART2_IRQHandler
                0x08014784       0x30 ./\libGD32F303VET6.a(usartfifo.o)
                0x08014784                USART2_IRQHandler
 .text.printk   0x080147b4       0x84 ./\libGD32F303VET6.a(usartfifo.o)
                0x080147b4                printk
 .text.NVIC_SystemReset
                0x08014838       0x2c ./\libGD32F303VET6.a(consoled.o)
 .text.Connect_proc
                0x08014864       0x28 ./\libGD32F303VET6.a(consoled.o)
                0x08014864                Connect_proc
 .text.Clear_proc
                0x0801488c       0x20 ./\libGD32F303VET6.a(consoled.o)
                0x0801488c                Clear_proc
 .text.ClearF_proc
                0x080148ac       0x24 ./\libGD32F303VET6.a(consoled.o)
                0x080148ac                ClearF_proc
 .text.turn_proc
                0x080148d0       0x90 ./\libGD32F303VET6.a(consoled.o)
                0x080148d0                turn_proc
 .text.power_proc
                0x08014960       0x58 ./\libGD32F303VET6.a(consoled.o)
                0x08014960                power_proc
 .text.dis_proc
                0x080149b8       0x58 ./\libGD32F303VET6.a(consoled.o)
                0x080149b8                dis_proc
 .text.Ready_proc
                0x08014a10       0x28 ./\libGD32F303VET6.a(consoled.o)
                0x08014a10                Ready_proc
 .text.uprgb_proc
                0x08014a38      0x250 ./\libGD32F303VET6.a(consoled.o)
                0x08014a38                uprgb_proc
 .text.updata_proc
                0x08014c88       0xd0 ./\libGD32F303VET6.a(consoled.o)
                0x08014c88                updata_proc
 .text.bootUpload
                0x08014d58      0x208 ./\libGD32F303VET6.a(consoled.o)
                0x08014d58                bootUpload
 .text.help_proc
                0x08014f60       0x4c ./\libGD32F303VET6.a(consoled.o)
                0x08014f60                help_proc
 .text.Version_proc
                0x08014fac       0x54 ./\libGD32F303VET6.a(consoled.o)
                0x08014fac                Version_proc
 .text.skip     0x08015000       0x24 ./\libGD32F303VET6.a(consoled.o)
                0x08015000                skip
 .text.debug_cmd_proc
                0x08015024       0x74 ./\libGD32F303VET6.a(consoled.o)
                0x08015024                debug_cmd_proc
 .text.at_proc  0x08015098       0x78 ./\libGD32F303VET6.a(consoled.o)
                0x08015098                at_proc
 .text.ff_convert
                0x08015110       0xb8 ./\libGD32F303VET6.a(ff.o)
                0x08015110                ff_convert
 .text.ff_wtoupper
                0x080151c8       0x5c ./\libGD32F303VET6.a(ff.o)
                0x080151c8                ff_wtoupper
 .text.mem_cpy  0x08015224       0x3c ./\libGD32F303VET6.a(ff.o)
 .text.mem_set  0x08015260       0x34 ./\libGD32F303VET6.a(ff.o)
 .text.mem_cmp  0x08015294       0x4c ./\libGD32F303VET6.a(ff.o)
 .text.chk_chr  0x080152e0       0x34 ./\libGD32F303VET6.a(ff.o)
 .text.sync_window
                0x08015314       0xd4 ./\libGD32F303VET6.a(ff.o)
 .text.move_window
                0x080153e8       0x80 ./\libGD32F303VET6.a(ff.o)
 .text.sync_fs  0x08015468      0x1e0 ./\libGD32F303VET6.a(ff.o)
 .text.clust2sect
                0x08015648       0xa0 ./\libGD32F303VET6.a(ff.o)
                0x08015648                clust2sect
 .text.get_fat  0x080156e8      0x3e0 ./\libGD32F303VET6.a(ff.o)
                0x080156e8                get_fat
 .text.put_fat  0x08015ac8      0x4c4 ./\libGD32F303VET6.a(ff.o)
                0x08015ac8                put_fat
 .text.remove_chain
                0x08015f8c      0x100 ./\libGD32F303VET6.a(ff.o)
 .text.create_chain
                0x0801608c      0x20e ./\libGD32F303VET6.a(ff.o)
 .text.clmt_clust
                0x0801629a       0xda ./\libGD32F303VET6.a(ff.o)
 .text.dir_sdi  0x08016374      0x1ee ./\libGD32F303VET6.a(ff.o)
 .text.dir_next
                0x08016562      0x300 ./\libGD32F303VET6.a(ff.o)
 .text.dir_alloc
                0x08016862       0x9c ./\libGD32F303VET6.a(ff.o)
 .text.ld_clust
                0x080168fe       0x82 ./\libGD32F303VET6.a(ff.o)
 .text.st_clust
                0x08016980       0x6a ./\libGD32F303VET6.a(ff.o)
 *fill*         0x080169ea        0x2 
 .text.cmp_lfn  0x080169ec       0xdc ./\libGD32F303VET6.a(ff.o)
 .text.pick_lfn
                0x08016ac8       0xc8 ./\libGD32F303VET6.a(ff.o)
 .text.fit_lfn  0x08016b90       0xe8 ./\libGD32F303VET6.a(ff.o)
 .text.gen_numname
                0x08016c78      0x19e ./\libGD32F303VET6.a(ff.o)
 .text.sum_sfn  0x08016e16       0x40 ./\libGD32F303VET6.a(ff.o)
 .text.dir_find
                0x08016e56      0x198 ./\libGD32F303VET6.a(ff.o)
 .text.dir_read
                0x08016fee      0x16e ./\libGD32F303VET6.a(ff.o)
 .text.dir_register
                0x0801715c      0x248 ./\libGD32F303VET6.a(ff.o)
 .text.get_fileinfo
                0x080173a4      0x244 ./\libGD32F303VET6.a(ff.o)
 .text.create_name
                0x080175e8      0x404 ./\libGD32F303VET6.a(ff.o)
 .text.follow_path
                0x080179ec       0xf8 ./\libGD32F303VET6.a(ff.o)
 .text.get_ldnumber
                0x08017ae4       0x86 ./\libGD32F303VET6.a(ff.o)
 *fill*         0x08017b6a        0x2 
 .text.check_fs
                0x08017b6c      0x20c ./\libGD32F303VET6.a(ff.o)
 .text.find_volume
                0x08017d78      0xedc ./\libGD32F303VET6.a(ff.o)
 .text.validate
                0x08018c54       0x76 ./\libGD32F303VET6.a(ff.o)
 *fill*         0x08018cca        0x2 
 .text.f_mount  0x08018ccc       0x90 ./\libGD32F303VET6.a(ff.o)
                0x08018ccc                f_mount
 .text.f_open   0x08018d5c      0x674 ./\libGD32F303VET6.a(ff.o)
                0x08018d5c                f_open
 .text.f_read   0x080193d0      0x4e2 ./\libGD32F303VET6.a(ff.o)
                0x080193d0                f_read
 .text.f_write  0x080198b2      0x5bc ./\libGD32F303VET6.a(ff.o)
                0x080198b2                f_write
 .text.f_sync   0x08019e6e      0x1f0 ./\libGD32F303VET6.a(ff.o)
                0x08019e6e                f_sync
 .text.f_close  0x0801a05e       0x3e ./\libGD32F303VET6.a(ff.o)
                0x0801a05e                f_close
 .text.f_opendir
                0x0801a09c       0xf4 ./\libGD32F303VET6.a(ff.o)
                0x0801a09c                f_opendir
 .text.f_readdir
                0x0801a190       0xb8 ./\libGD32F303VET6.a(ff.o)
                0x0801a190                f_readdir
 .text.f_getfree
                0x0801a248      0x32a ./\libGD32F303VET6.a(ff.o)
                0x0801a248                f_getfree
 *fill*         0x0801a572        0x2 
 .text.f_mkfs   0x0801a574     0x118c ./\libGD32F303VET6.a(ff.o)
                0x0801a574                f_mkfs
 .text.InitDac  0x0801b700        0xe ./\libGD32F303VET6.a(GPU_DAC.o)
                0x0801b700                InitDac
 *fill*         0x0801b70e        0x2 
 .text.SetMode  0x0801b710       0x48 ./\libGD32F303VET6.a(GPU_DAC.o)
                0x0801b710                SetMode
 .text.init_powerset
                0x0801b758       0x40 ./\libGD32F303VET6.a(GPU_DAC.o)
                0x0801b758                init_powerset
 .text.Set_DACVol
                0x0801b798       0xfc ./\libGD32F303VET6.a(GPU_DAC.o)
                0x0801b798                Set_DACVol
 .text.Start_DAC
                0x0801b894       0x30 ./\libGD32F303VET6.a(GPU_DAC.o)
                0x0801b894                Start_DAC
 .text.SetGpuExgpio
                0x0801b8c4       0x84 ./\libGD32F303VET6.a(GPU_GPIO.o)
                0x0801b8c4                SetGpuExgpio
 .text.SetVcc1  0x0801b948       0x3c ./\libGD32F303VET6.a(GPU_GPIO.o)
                0x0801b948                SetVcc1
 .text.SetVcc2  0x0801b984       0x3c ./\libGD32F303VET6.a(GPU_GPIO.o)
                0x0801b984                SetVcc2
 .text.SetVcc3  0x0801b9c0       0x3c ./\libGD32F303VET6.a(GPU_GPIO.o)
                0x0801b9c0                SetVcc3
 .text.SetVcc4  0x0801b9fc       0x3c ./\libGD32F303VET6.a(GPU_GPIO.o)
                0x0801b9fc                SetVcc4
 .text.SetVcc5  0x0801ba38       0x3c ./\libGD32F303VET6.a(GPU_GPIO.o)
                0x0801ba38                SetVcc5
 .text.SetVcc6  0x0801ba74       0x3c ./\libGD32F303VET6.a(GPU_GPIO.o)
                0x0801ba74                SetVcc6
 .text.SetVSP   0x0801bab0       0x3c ./\libGD32F303VET6.a(GPU_GPIO.o)
                0x0801bab0                SetVSP
 .text.SetVSN   0x0801baec       0x3c ./\libGD32F303VET6.a(GPU_GPIO.o)
                0x0801baec                SetVSN
 .text.EnableVCC
                0x0801bb28      0x1d0 ./\libGD32F303VET6.a(GPU_GPIO.o)
                0x0801bb28                EnableVCC
 .text.BeepOn   0x0801bcf8       0x64 ./\libGD32F303VET6.a(GPU_GPIO.o)
                0x0801bcf8                BeepOn
 .text.GPU_PIC_Init
                0x0801bd5c      0x604 ./\libGD32F303VET6.a(GPU_PIC.o)
                0x0801bd5c                GPU_PIC_Init
 .text.AreaFilling
                0x0801c360       0x42 ./\libGD32F303VET6.a(GPU_PIC.o)
                0x0801c360                AreaFilling
 *fill*         0x0801c3a2        0x2 
 .text.BlackWight1
                0x0801c3a4       0x78 ./\libGD32F303VET6.a(GPU_PIC.o)
                0x0801c3a4                BlackWight1
 .text.ColorGradientRow
                0x0801c41c      0x16c ./\libGD32F303VET6.a(GPU_PIC.o)
                0x0801c41c                ColorGradientRow
 .text.ColorGradientCol
                0x0801c588      0x128 ./\libGD32F303VET6.a(GPU_PIC.o)
                0x0801c588                ColorGradientCol
 .text.Lcd_ShowPureColor
                0x0801c6b0       0x58 ./\libGD32F303VET6.a(GPU_PIC.o)
                0x0801c6b0                Lcd_ShowPureColor
 .text.DisplayBMP
                0x0801c708       0x4c ./\libGD32F303VET6.a(GPU_PIC.o)
                0x0801c708                DisplayBMP
 .text.RGB_Enable
                0x0801c754       0x48 ./\libGD32F303VET6.a(GPU_RGB.o)
                0x0801c754                RGB_Enable
 .text.RGB_Mode
                0x0801c79c      0x10c ./\libGD32F303VET6.a(GPU_RGB.o)
                0x0801c79c                RGB_Mode
 .text.RGB_Disable
                0x0801c8a8       0x34 ./\libGD32F303VET6.a(GPU_RGB.o)
                0x0801c8a8                RGB_Disable
 .text.RGB_CLK  0x0801c8dc       0x48 ./\libGD32F303VET6.a(GPU_RGB.o)
                0x0801c8dc                RGB_CLK
 .text.RGB_DE   0x0801c924       0x48 ./\libGD32F303VET6.a(GPU_RGB.o)
                0x0801c924                RGB_DE
 .text.RGB_HS   0x0801c96c       0x48 ./\libGD32F303VET6.a(GPU_RGB.o)
                0x0801c96c                RGB_HS
 .text.RGB_VS   0x0801c9b4       0x48 ./\libGD32F303VET6.a(GPU_RGB.o)
                0x0801c9b4                RGB_VS
 .text.WriteRGBParameter
                0x0801c9fc       0x30 ./\libGD32F303VET6.a(GPU_RGB.o)
                0x0801c9fc                WriteRGBParameter
 .text.RGB_Paramer
                0x0801ca2c       0x9c ./\libGD32F303VET6.a(GPU_RGB.o)
                0x0801ca2c                RGB_Paramer
 .text.GPU_SDIO_INIT
                0x0801cac8      0x15c ./\libGD32F303VET6.a(GPU_SDIO.o)
                0x0801cac8                GPU_SDIO_INIT
 .text.GPU_SDIO_TX_CMD
                0x0801cc24       0xf0 ./\libGD32F303VET6.a(GPU_SDIO.o)
                0x0801cc24                GPU_SDIO_TX_CMD
 .text.GPU_SDIO_ReadDisk
                0x0801cd14      0x118 ./\libGD32F303VET6.a(GPU_SDIO.o)
                0x0801cd14                GPU_SDIO_ReadDisk
 .text.GPU_ReadDisk_TO_DDR
                0x0801ce2c       0x9c ./\libGD32F303VET6.a(GPU_SDIO.o)
                0x0801ce2c                GPU_ReadDisk_TO_DDR
 .text.GPU_FindBmp
                0x0801cec8      0x390 ./\libGD32F303VET6.a(GPU_SDIO.o)
                0x0801cec8                GPU_FindBmp
 .text.eMBInit  0x0801d258      0x160 ./\libGD32F303VET6.a(mb.o)
                0x0801d258                eMBInit
 .text.eMBEnable
                0x0801d3b8       0x38 ./\libGD32F303VET6.a(mb.o)
                0x0801d3b8                eMBEnable
 .text.eMBPoll  0x0801d3f0      0x178 ./\libGD32F303VET6.a(mb.o)
                0x0801d3f0                eMBPoll
 .text.eMBASCIIInit
                0x0801d568       0x70 ./\libGD32F303VET6.a(mbascii.o)
                0x0801d568                eMBASCIIInit
 .text.eMBASCIIStart
                0x0801d5d8       0x40 ./\libGD32F303VET6.a(mbascii.o)
                0x0801d5d8                eMBASCIIStart
 .text.eMBASCIIStop
                0x0801d618       0x32 ./\libGD32F303VET6.a(mbascii.o)
                0x0801d618                eMBASCIIStop
 *fill*         0x0801d64a        0x2 
 .text.eMBASCIIReceive
                0x0801d64c       0xa8 ./\libGD32F303VET6.a(mbascii.o)
                0x0801d64c                eMBASCIIReceive
 .text.eMBASCIISend
                0x0801d6f4       0xbc ./\libGD32F303VET6.a(mbascii.o)
                0x0801d6f4                eMBASCIISend
 .text.xMBASCIIReceiveFSM
                0x0801d7b0      0x184 ./\libGD32F303VET6.a(mbascii.o)
                0x0801d7b0                xMBASCIIReceiveFSM
 .text.xMBASCIITransmitFSM
                0x0801d934      0x160 ./\libGD32F303VET6.a(mbascii.o)
                0x0801d934                xMBASCIITransmitFSM
 .text.xMBASCIITimerT1SExpired
                0x0801da94       0x58 ./\libGD32F303VET6.a(mbascii.o)
                0x0801da94                xMBASCIITimerT1SExpired
 .text.prvucMBCHAR2BIN
                0x0801daec       0x3e ./\libGD32F303VET6.a(mbascii.o)
 *fill*         0x0801db2a        0x2 
 .text.prvucMBBIN2CHAR
                0x0801db2c       0x50 ./\libGD32F303VET6.a(mbascii.o)
 .text.prvucMBLRC
                0x0801db7c       0x3c ./\libGD32F303VET6.a(mbascii.o)
 .text.eMBFuncReadCoils
                0x0801dbb8       0xfe ./\libGD32F303VET6.a(mbfunccoils.o)
                0x0801dbb8                eMBFuncReadCoils
 .text.eMBFuncWriteCoil
                0x0801dcb6       0xa6 ./\libGD32F303VET6.a(mbfunccoils.o)
                0x0801dcb6                eMBFuncWriteCoil
 .text.eMBFuncWriteMultipleCoils
                0x0801dd5c       0xce ./\libGD32F303VET6.a(mbfunccoils.o)
                0x0801dd5c                eMBFuncWriteMultipleCoils
 .text.eMBFuncReadDiscreteInputs
                0x0801de2a       0xfe ./\libGD32F303VET6.a(mbfuncdisc.o)
                0x0801de2a                eMBFuncReadDiscreteInputs
 .text.eMBFuncWriteHoldingRegister
                0x0801df28       0x6a ./\libGD32F303VET6.a(mbfuncholding.o)
                0x0801df28                eMBFuncWriteHoldingRegister
 .text.eMBFuncWriteMultipleHoldingRegister
                0x0801df92       0xb2 ./\libGD32F303VET6.a(mbfuncholding.o)
                0x0801df92                eMBFuncWriteMultipleHoldingRegister
 .text.eMBFuncReadHoldingRegister
                0x0801e044       0xde ./\libGD32F303VET6.a(mbfuncholding.o)
                0x0801e044                eMBFuncReadHoldingRegister
 .text.eMBFuncReadWriteMultipleHoldingRegister
                0x0801e122      0x154 ./\libGD32F303VET6.a(mbfuncholding.o)
                0x0801e122                eMBFuncReadWriteMultipleHoldingRegister
 .text.eMBFuncReadInputRegister
                0x0801e276       0xe4 ./\libGD32F303VET6.a(mbfuncinput.o)
                0x0801e276                eMBFuncReadInputRegister
 *fill*         0x0801e35a        0x2 
 .text.eMBFuncReportSlaveID
                0x0801e35c       0x38 ./\libGD32F303VET6.a(mbfuncother.o)
                0x0801e35c                eMBFuncReportSlaveID
 .text.xMBUtilSetBits
                0x0801e394       0xd8 ./\libGD32F303VET6.a(mbutils.o)
                0x0801e394                xMBUtilSetBits
 .text.xMBUtilGetBits
                0x0801e46c       0x72 ./\libGD32F303VET6.a(mbutils.o)
                0x0801e46c                xMBUtilGetBits
 .text.prveMBError2Exception
                0x0801e4de       0x42 ./\libGD32F303VET6.a(mbutils.o)
                0x0801e4de                prveMBError2Exception
 .text.eMBRTUInit
                0x0801e520       0x88 ./\libGD32F303VET6.a(mbrtu.o)
                0x0801e520                eMBRTUInit
 .text.eMBRTUStart
                0x0801e5a8       0x3c ./\libGD32F303VET6.a(mbrtu.o)
                0x0801e5a8                eMBRTUStart
 .text.eMBRTUStop
                0x0801e5e4       0x32 ./\libGD32F303VET6.a(mbrtu.o)
                0x0801e5e4                eMBRTUStop
 *fill*         0x0801e616        0x2 
 .text.eMBRTUReceive
                0x0801e618       0xac ./\libGD32F303VET6.a(mbrtu.o)
                0x0801e618                eMBRTUReceive
 .text.eMBRTUSend
                0x0801e6c4       0xd8 ./\libGD32F303VET6.a(mbrtu.o)
                0x0801e6c4                eMBRTUSend
 .text.xMBRTUReceiveFSM
                0x0801e79c       0xd0 ./\libGD32F303VET6.a(mbrtu.o)
                0x0801e79c                xMBRTUReceiveFSM
 .text.xMBRTUTransmitFSM
                0x0801e86c       0xb0 ./\libGD32F303VET6.a(mbrtu.o)
                0x0801e86c                xMBRTUTransmitFSM
 .text.xMBRTUTimerT35Expired
                0x0801e91c       0x8c ./\libGD32F303VET6.a(mbrtu.o)
                0x0801e91c                xMBRTUTimerT35Expired
 .text.xMBPortEventInit
                0x0801e9a8       0x18 ./\libGD32F303VET6.a(portevent.o)
                0x0801e9a8                xMBPortEventInit
 .text.xMBPortEventPost
                0x0801e9c0       0x2c ./\libGD32F303VET6.a(portevent.o)
                0x0801e9c0                xMBPortEventPost
 .text.xMBPortEventGet
                0x0801e9ec       0x3c ./\libGD32F303VET6.a(portevent.o)
                0x0801e9ec                xMBPortEventGet
 .text.modbus_master_control_init
                0x0801ea28        0xc ./\libGD32F303VET6.a(portserial.o)
                0x0801ea28                modbus_master_control_init
 .text.xMBPortSerialInit
                0x0801ea34       0x26 ./\libGD32F303VET6.a(portserial.o)
                0x0801ea34                xMBPortSerialInit
 *fill*         0x0801ea5a        0x2 
 .text.vMBPortSerialEnable
                0x0801ea5c       0x6c ./\libGD32F303VET6.a(portserial.o)
                0x0801ea5c                vMBPortSerialEnable
 .text.xMBPortSerialPutByte
                0x0801eac8       0x28 ./\libGD32F303VET6.a(portserial.o)
                0x0801eac8                xMBPortSerialPutByte
 .text.xMBPortSerialGetByte
                0x0801eaf0       0x24 ./\libGD32F303VET6.a(portserial.o)
                0x0801eaf0                xMBPortSerialGetByte
 .text.prvvUARTTxReadyISR
                0x0801eb14       0x14 ./\libGD32F303VET6.a(portserial.o)
                0x0801eb14                prvvUARTTxReadyISR
 .text.prvvUARTRxISR
                0x0801eb28       0x14 ./\libGD32F303VET6.a(portserial.o)
                0x0801eb28                prvvUARTRxISR
 .text.xMBPortTimersInit
                0x0801eb3c       0x68 ./\libGD32F303VET6.a(porttimer.o)
                0x0801eb3c                xMBPortTimersInit
 .text.vMBPortTimersEnable
                0x0801eba4       0x2c ./\libGD32F303VET6.a(porttimer.o)
                0x0801eba4                vMBPortTimersEnable
 .text.vMBPortTimersDisable
                0x0801ebd0       0x2c ./\libGD32F303VET6.a(porttimer.o)
                0x0801ebd0                vMBPortTimersDisable
 .text.prvvTIMERExpiredISR
                0x0801ebfc       0x14 ./\libGD32F303VET6.a(porttimer.o)
                0x0801ebfc                prvvTIMERExpiredISR
 .text.TIMER6_IRQHandler
                0x0801ec10       0x30 ./\libGD32F303VET6.a(porttimer.o)
                0x0801ec10                TIMER6_IRQHandler
 .text.eMBRegInputCB
                0x0801ec40       0xcc ./\libGD32F303VET6.a(user_mb_app.o)
                0x0801ec40                eMBRegInputCB
 .text.eMBRegHoldingCB
                0x0801ed0c      0x664 ./\libGD32F303VET6.a(user_mb_app.o)
                0x0801ed0c                eMBRegHoldingCB
 .text.mbapp_poll
                0x0801f370      0x23c ./\libGD32F303VET6.a(user_mb_app.o)
                0x0801f370                mbapp_poll
 .text.eMBRegCoilsCB
                0x0801f5ac      0x152 ./\libGD32F303VET6.a(user_mb_app.o)
                0x0801f5ac                eMBRegCoilsCB
 .text.eMBRegDiscreteCB
                0x0801f6fe       0xde ./\libGD32F303VET6.a(user_mb_app.o)
                0x0801f6fe                eMBRegDiscreteCB
 .text.PowerOn_Process
                0x0801f7dc       0x7c ./\libGD32F303VET6.a(Function.o)
                0x0801f7dc                PowerOn_Process
 .text.PowerOff_Process
                0x0801f858       0x2c ./\libGD32F303VET6.a(Function.o)
                0x0801f858                PowerOff_Process
 .text.KeyUp_Process
                0x0801f884       0x90 ./\libGD32F303VET6.a(Function.o)
                0x0801f884                KeyUp_Process
 .text.KeyDown_Process
                0x0801f914       0x90 ./\libGD32F303VET6.a(Function.o)
                0x0801f914                KeyDown_Process
 .text.KeyAuto_Process
                0x0801f9a4       0x54 ./\libGD32F303VET6.a(Function.o)
                0x0801f9a4                KeyAuto_Process
 .text.KeyOTP_Process
                0x0801f9f8       0x54 ./\libGD32F303VET6.a(Function.o)
                0x0801f9f8                KeyOTP_Process
 .text.CheckDW_Process
                0x0801fa4c       0xd4 ./\libGD32F303VET6.a(Function.o)
                0x0801fa4c                CheckDW_Process
 .text.ParameterDownload
                0x0801fb20       0x8c ./\libGD32F303VET6.a(Function.o)
                0x0801fb20                ParameterDownload
 .text.mainInit
                0x0801fbac       0x4c ./\libGD32F303VET6.a(Function.o)
                0x0801fbac                mainInit
 .text.mainFunction
                0x0801fbf8      0x24c ./\libGD32F303VET6.a(Function.o)
                0x0801fbf8                mainFunction
 .text.MCU_GPU_FSMCConfig
                0x0801fe44       0x7e ./\libGD32F303VET6.a(GPU_Cfg.o)
                0x0801fe44                MCU_GPU_FSMCConfig
 *fill*         0x0801fec2        0x2 
 .text.init_FSMC_GPIO
                0x0801fec4       0x6c ./\libGD32F303VET6.a(GPU_Cfg.o)
 .text.Get_GPU_Version
                0x0801ff30       0xec ./\libGD32F303VET6.a(GPU_Cfg.o)
                0x0801ff30                Get_GPU_Version
 .text.Ssd2828ON
                0x0802001c       0x50 ./\libGD32F303VET6.a(GPU_Cfg.o)
                0x0802001c                Ssd2828ON
 .text.GPU_Beep
                0x0802006c       0x68 ./\libGD32F303VET6.a(GPU_Cfg.o)
                0x0802006c                GPU_Beep
 .text.GPU_BL   0x080200d4       0x8c ./\libGD32F303VET6.a(GPU_Cfg.o)
                0x080200d4                GPU_BL
 .text.RS485EN_COM0
                0x08020160       0x50 ./\libGD32F303VET6.a(GPU_Cfg.o)
                0x08020160                RS485EN_COM0
 .text.CheckTurnA0
                0x080201b0       0x50 ./\libGD32F303VET6.a(GPU_Cfg.o)
                0x080201b0                CheckTurnA0
 .text.CheckTurnA1
                0x08020200       0x50 ./\libGD32F303VET6.a(GPU_Cfg.o)
                0x08020200                CheckTurnA1
 .text.ReadGpuGpio
                0x08020250       0x4c ./\libGD32F303VET6.a(GPU_Cfg.o)
                0x08020250                ReadGpuGpio
 .text.SetGpuGpio
                0x0802029c       0x84 ./\libGD32F303VET6.a(GPU_Cfg.o)
                0x0802029c                SetGpuGpio
 .text.O_LCM_5V_EN
                0x08020320       0x14 ./\libGD32F303VET6.a(GPU_Cfg.o)
                0x08020320                O_LCM_5V_EN
 .text.O_GPU_MCU_CTRL
                0x08020334       0x28 ./\libGD32F303VET6.a(GPU_Cfg.o)
                0x08020334                O_GPU_MCU_CTRL
 .text.O_GPU_MCU_WrData
                0x0802035c       0x38 ./\libGD32F303VET6.a(GPU_Cfg.o)
                0x0802035c                O_GPU_MCU_WrData
 .text.I_GPU_MCU_RdStatu
                0x08020394       0x20 ./\libGD32F303VET6.a(GPU_Cfg.o)
                0x08020394                I_GPU_MCU_RdStatu
 .text.MCU_CMD_Wr
                0x080203b4       0x7a ./\libGD32F303VET6.a(GPU_Cfg.o)
                0x080203b4                MCU_CMD_Wr
 .text.MCU_CMD_Pix
                0x0802042e       0x90 ./\libGD32F303VET6.a(GPU_Cfg.o)
                0x0802042e                MCU_CMD_Pix
 *fill*         0x080204be        0x2 
 .text.MCU_CMD_Refresh
                0x080204c0      0x17c ./\libGD32F303VET6.a(GPU_Cfg.o)
                0x080204c0                MCU_CMD_Refresh
 .text.SetPLL   0x0802063c      0x1f4 ./\libGD32F303VET6.a(pll_freq_def.o)
                0x0802063c                SetPLL
 .text.SPI_WriteData
                0x08020830       0x1c ./\libGD32F303VET6.a(pport_spi.o)
                0x08020830                SPI_WriteData
 .text.SPI_WriteCmd
                0x0802084c       0x1c ./\libGD32F303VET6.a(pport_spi.o)
                0x0802084c                SPI_WriteCmd
 .text.GP_COMMAD_PA
                0x08020868       0x32 ./\libGD32F303VET6.a(pport_spi.o)
                0x08020868                GP_COMMAD_PA
 .text.Lcd_Reset
                0x0802089a       0x1a ./\libGD32F303VET6.a(pport_spi.o)
                0x0802089a                Lcd_Reset
 .text.SSD2828_WritePackageSize
                0x080208b4       0x1a ./\libGD32F303VET6.a(pport_spi.o)
                0x080208b4                SSD2828_WritePackageSize
 *fill*         0x080208ce        0x2 
 .text.FPGA_RST
                0x080208d0       0x30 ./\libGD32F303VET6.a(UserGpioDefine.o)
                0x080208d0                FPGA_RST
 .text.Fpga_Start
                0x08020900       0x20 ./\libGD32F303VET6.a(UserGpioDefine.o)
                0x08020900                Fpga_Start
 .text.O_SSD2828_RESET
                0x08020920       0x40 ./\libGD32F303VET6.a(UserGpioDefine.o)
                0x08020920                O_SSD2828_RESET
 .text.O_SSD2828_SPI_CS
                0x08020960       0x44 ./\libGD32F303VET6.a(UserGpioDefine.o)
                0x08020960                O_SSD2828_SPI_CS
 .text.O_SSD2828_SPI_CLK
                0x080209a4       0x48 ./\libGD32F303VET6.a(UserGpioDefine.o)
                0x080209a4                O_SSD2828_SPI_CLK
 .text.O_SSD2828_SPI_SDI
                0x080209ec       0x48 ./\libGD32F303VET6.a(UserGpioDefine.o)
                0x080209ec                O_SSD2828_SPI_SDI
 .text.set_tim_vcc
                0x08020a34       0x30 ./\libGD32F303VET6.a(UserGpioDefine.o)
                0x08020a34                set_tim_vcc
 .text.set_vcc1
                0x08020a64       0x28 ./\libGD32F303VET6.a(UserGpioDefine.o)
                0x08020a64                set_vcc1
 .text.set_vcc2
                0x08020a8c       0x28 ./\libGD32F303VET6.a(UserGpioDefine.o)
                0x08020a8c                set_vcc2
 .text.set_vcc3
                0x08020ab4       0x28 ./\libGD32F303VET6.a(UserGpioDefine.o)
                0x08020ab4                set_vcc3
 .text.set_vcc4
                0x08020adc       0x28 ./\libGD32F303VET6.a(UserGpioDefine.o)
                0x08020adc                set_vcc4
 .text.set_vcc5
                0x08020b04       0x28 ./\libGD32F303VET6.a(UserGpioDefine.o)
                0x08020b04                set_vcc5
 .text.set_vcc6
                0x08020b2c       0x28 ./\libGD32F303VET6.a(UserGpioDefine.o)
                0x08020b2c                set_vcc6
 .text.set_envcc1
                0x08020b54       0x1c ./\libGD32F303VET6.a(UserGpioDefine.o)
                0x08020b54                set_envcc1
 .text.set_envcc2
                0x08020b70       0x1c ./\libGD32F303VET6.a(UserGpioDefine.o)
                0x08020b70                set_envcc2
 .text.set_envcc3
                0x08020b8c       0x1c ./\libGD32F303VET6.a(UserGpioDefine.o)
                0x08020b8c                set_envcc3
 .text.set_envcc4
                0x08020ba8       0x1c ./\libGD32F303VET6.a(UserGpioDefine.o)
                0x08020ba8                set_envcc4
 .text.set_envcc5
                0x08020bc4       0x1c ./\libGD32F303VET6.a(UserGpioDefine.o)
                0x08020bc4                set_envcc5
 .text.set_envcc6
                0x08020be0       0x1c ./\libGD32F303VET6.a(UserGpioDefine.o)
                0x08020be0                set_envcc6
 .text.set_vcc  0x08020bfc       0x3e ./\libGD32F303VET6.a(UserGpioDefine.o)
                0x08020bfc                set_vcc
 .text.set_envcc
                0x08020c3a       0x26 ./\libGD32F303VET6.a(UserGpioDefine.o)
                0x08020c3a                set_envcc
 .text.set_tim_iovcc
                0x08020c60       0x30 ./\libGD32F303VET6.a(UserGpioDefine.o)
                0x08020c60                set_tim_iovcc
 .text.set_iovcc
                0x08020c90       0x3e ./\libGD32F303VET6.a(UserGpioDefine.o)
                0x08020c90                set_iovcc
 .text.set_eniovcc
                0x08020cce       0x26 ./\libGD32F303VET6.a(UserGpioDefine.o)
                0x08020cce                set_eniovcc
 .text.set_tim_reset
                0x08020cf4       0x30 ./\libGD32F303VET6.a(UserGpioDefine.o)
                0x08020cf4                set_tim_reset
 .text.set_resetvcc
                0x08020d24       0x68 ./\libGD32F303VET6.a(UserGpioDefine.o)
                0x08020d24                set_resetvcc
 .text.set_tim_vsp
                0x08020d8c       0x24 ./\libGD32F303VET6.a(UserGpioDefine.o)
                0x08020d8c                set_tim_vsp
 .text.set_tim_vsn
                0x08020db0       0x24 ./\libGD32F303VET6.a(UserGpioDefine.o)
                0x08020db0                set_tim_vsn
 .text.set_vspvol
                0x08020dd4       0x28 ./\libGD32F303VET6.a(UserGpioDefine.o)
                0x08020dd4                set_vspvol
 .text.set_vsnvol
                0x08020dfc       0x28 ./\libGD32F303VET6.a(UserGpioDefine.o)
                0x08020dfc                set_vsnvol
 .text.set_envsp
                0x08020e24       0x1c ./\libGD32F303VET6.a(UserGpioDefine.o)
                0x08020e24                set_envsp
 .text.set_envsn
                0x08020e40       0x1c ./\libGD32F303VET6.a(UserGpioDefine.o)
                0x08020e40                set_envsn
 .text.O_LCD_RESET
                0x08020e5c       0x40 ./\libGD32F303VET6.a(UserGpioDefine.o)
                0x08020e5c                O_LCD_RESET
 .text.O_PWR_LED
                0x08020e9c       0x34 ./\libGD32F303VET6.a(UserGpioDefine.o)
                0x08020e9c                O_PWR_LED
 .text.O_PWR_BL_EN
                0x08020ed0       0x34 ./\libGD32F303VET6.a(UserGpioDefine.o)
                0x08020ed0                O_PWR_BL_EN
 .text.O_PWR_5V_EN
                0x08020f04       0x30 ./\libGD32F303VET6.a(UserGpioDefine.o)
                0x08020f04                O_PWR_5V_EN
 .text.ReadDW1  0x08020f34       0x18 ./\libGD32F303VET6.a(UserGpioDefine.o)
                0x08020f34                ReadDW1
 .text.ReadDW2  0x08020f4c       0x18 ./\libGD32F303VET6.a(UserGpioDefine.o)
                0x08020f4c                ReadDW2
 .text.Turn_chanel
                0x08020f64       0x8c ./\libGD32F303VET6.a(UserGpioDefine.o)
                0x08020f64                Turn_chanel
 .text.Turn_chane2
                0x08020ff0       0x6c ./\libGD32F303VET6.a(UserGpioDefine.o)
                0x08020ff0                Turn_chane2
 .text.GPIO_Configuration
                0x0802105c      0x260 ./\libGD32F303VET6.a(UserGpioDefine.o)
                0x0802105c                GPIO_Configuration
 .text.Fatfs_init
                0x080212bc      0x158 ./\libGD32F303VET6.a(fatfs.o)
                0x080212bc                Fatfs_init
 .text.Fatfs_getfree
                0x08021414       0xe0 ./\libGD32F303VET6.a(fatfs.o)
                0x08021414                Fatfs_getfree
 .text.writeToFlash32
                0x080214f4       0xd0 ./\libGD32F303VET6.a(bsp.o)
                0x080214f4                writeToFlash32
 .text.erase_flash
                0x080215c4       0xd0 ./\libGD32F303VET6.a(bsp.o)
                0x080215c4                erase_flash
 .text.MEMORY_Init
                0x08021694       0x68 ./\libGD32F303VET6.a(bspdrivermemory.o)
                0x08021694                MEMORY_Init
 .text.MEMORY_ReadDWord
                0x080216fc       0x2c ./\libGD32F303VET6.a(bspdrivermemory.o)
                0x080216fc                MEMORY_ReadDWord
 .text.MEMORY_ReadDWords
                0x08021728       0x2c ./\libGD32F303VET6.a(bspdrivermemory.o)
                0x08021728                MEMORY_ReadDWords
 .text.MEMORY_WriteDWord
                0x08021754       0x28 ./\libGD32F303VET6.a(bspdrivermemory.o)
                0x08021754                MEMORY_WriteDWord
 .text.CALIB_THREAD_ValidDefault
                0x0802177c      0x348 ./\libGD32F303VET6.a(calibthread.o)
                0x0802177c                CALIB_THREAD_ValidDefault
 .text.CALIB_THREAD_Init
                0x08021ac4       0x84 ./\libGD32F303VET6.a(calibthread.o)
                0x08021ac4                CALIB_THREAD_Init
 .text.CALIB_THREAD_VMonToValue
                0x08021b48       0xf8 ./\libGD32F303VET6.a(calibthread.o)
                0x08021b48                CALIB_THREAD_VMonToValue
 .text.CALIB_THREAD_VToVset
                0x08021c40      0x120 ./\libGD32F303VET6.a(calibthread.o)
                0x08021c40                CALIB_THREAD_VToVset
 .text.CALIB_THREAD_StartFind
                0x08021d60      0x114 ./\libGD32F303VET6.a(calibthread.o)
 .text.CALIB_THREAD_GetMin
                0x08021e74      0x200 ./\libGD32F303VET6.a(calibthread.o)
 .text.CALIB_THREAD_GetMax
                0x08022074      0x2e8 ./\libGD32F303VET6.a(calibthread.o)
 .text.CALIB_THREAD_SetIRange
                0x0802235c       0x44 ./\libGD32F303VET6.a(calibthread.o)
                0x0802235c                CALIB_THREAD_SetIRange
 .text.CALIB_THREAD_StartType
                0x080223a0       0x38 ./\libGD32F303VET6.a(calibthread.o)
                0x080223a0                CALIB_THREAD_StartType
 .text.CALIB_THREAD_StartChannel
                0x080223d8       0x6c ./\libGD32F303VET6.a(calibthread.o)
                0x080223d8                CALIB_THREAD_StartChannel
 .text.CALIB_THREAD_RecordChannel
                0x08022444       0x48 ./\libGD32F303VET6.a(calibthread.o)
                0x08022444                CALIB_THREAD_RecordChannel
 .text.CALIB_THREAD_CheckVOut
                0x0802248c       0xe0 ./\libGD32F303VET6.a(calibthread.o)
 .text.CALIB_THREAD_Poll
                0x0802256c        0xe ./\libGD32F303VET6.a(calibthread.o)
                0x0802256c                CALIB_THREAD_Poll
 *fill*         0x0802257a        0x2 
 .text.AT24C64D_Init
                0x0802257c       0x1c ./\libGD32F303VET6.a(chipdriverat24c128c.o)
                0x0802257c                AT24C64D_Init
 .text.AT24C64D_WaitStandbyState
                0x08022598       0x30 ./\libGD32F303VET6.a(chipdriverat24c128c.o)
 .text.AT24C64D_WriteByte
                0x080225c8       0x8c ./\libGD32F303VET6.a(chipdriverat24c128c.o)
                0x080225c8                AT24C64D_WriteByte
 .text.AT24C64D_WriteDWord
                0x08022654       0xa8 ./\libGD32F303VET6.a(chipdriverat24c128c.o)
                0x08022654                AT24C64D_WriteDWord
 .text.AT24C64D_WriteDWords
                0x080226fc       0x6c ./\libGD32F303VET6.a(chipdriverat24c128c.o)
                0x080226fc                AT24C64D_WriteDWords
 .text.AT24C64D_WriteBytes
                0x08022768       0xa8 ./\libGD32F303VET6.a(chipdriverat24c128c.o)
                0x08022768                AT24C64D_WriteBytes
 .text.AT24C64D_ReadByte
                0x08022810       0xc0 ./\libGD32F303VET6.a(chipdriverat24c128c.o)
                0x08022810                AT24C64D_ReadByte
 .text.AT24C64D_ReadDWord
                0x080228d0       0xfc ./\libGD32F303VET6.a(chipdriverat24c128c.o)
                0x080228d0                AT24C64D_ReadDWord
 .text.AT24C64D_ReadBytes
                0x080229cc       0xb0 ./\libGD32F303VET6.a(chipdriverat24c128c.o)
                0x080229cc                AT24C64D_ReadBytes
 .text.AT24C64D_ReadDWords
                0x08022a7c       0xb0 ./\libGD32F303VET6.a(chipdriverat24c128c.o)
                0x08022a7c                AT24C64D_ReadDWords
 .text.IIC1_SCL_L
                0x08022b2c       0x14 ./\libGD32F303VET6.a(chipiic.o)
 .text.IIC1_SCL_H
                0x08022b40       0x14 ./\libGD32F303VET6.a(chipiic.o)
 .text.IIC1_SDA_L
                0x08022b54       0x14 ./\libGD32F303VET6.a(chipiic.o)
 .text.IIC1_SDA_H
                0x08022b68       0x14 ./\libGD32F303VET6.a(chipiic.o)
 .text.IIC1_ReadSCL
                0x08022b7c       0x18 ./\libGD32F303VET6.a(chipiic.o)
 .text.IIC1_ReadSDA
                0x08022b94       0x18 ./\libGD32F303VET6.a(chipiic.o)
 .text.IIC_PollTick
                0x08022bac       0x2e ./\libGD32F303VET6.a(chipiic.o)
 *fill*         0x08022bda        0x2 
 .text.CHIP_IIC_Init
                0x08022bdc       0x48 ./\libGD32F303VET6.a(chipiic.o)
                0x08022bdc                CHIP_IIC_Init
 .text.CHIP_IIC_GetInfor
                0x08022c24       0x14 ./\libGD32F303VET6.a(chipiic.o)
                0x08022c24                CHIP_IIC_GetInfor
 .text.CHIP_IIC_WaitSCLStretch
                0x08022c38       0x48 ./\libGD32F303VET6.a(chipiic.o)
 .text.CHIP_IIC_CheckLineIsLow
                0x08022c80       0x48 ./\libGD32F303VET6.a(chipiic.o)
 .text.CHIP_IIC_WakeUpBus
                0x08022cc8       0x42 ./\libGD32F303VET6.a(chipiic.o)
                0x08022cc8                CHIP_IIC_WakeUpBus
 .text.CHIP_IIC_SendStart
                0x08022d0a       0x38 ./\libGD32F303VET6.a(chipiic.o)
 *fill*         0x08022d42        0x2 
 .text.CHIP_IIC_Start
                0x08022d44       0x4c ./\libGD32F303VET6.a(chipiic.o)
                0x08022d44                CHIP_IIC_Start
 .text.CHIP_IIC_StartAgain
                0x08022d90       0x70 ./\libGD32F303VET6.a(chipiic.o)
                0x08022d90                CHIP_IIC_StartAgain
 .text.CHIP_IIC_Stop
                0x08022e00       0x4e ./\libGD32F303VET6.a(chipiic.o)
                0x08022e00                CHIP_IIC_Stop
 .text.CHIP_IIC_Wait_ACK
                0x08022e4e       0x78 ./\libGD32F303VET6.a(chipiic.o)
 .text.CHIP_IIC_Send_ACK
                0x08022ec6       0x3e ./\libGD32F303VET6.a(chipiic.o)
 .text.CHIP_IIC_Send_NACK
                0x08022f04       0x50 ./\libGD32F303VET6.a(chipiic.o)
 .text.CHIP_IIC_WriteByte
                0x08022f54       0x66 ./\libGD32F303VET6.a(chipiic.o)
                0x08022f54                CHIP_IIC_WriteByte
 .text.CHIP_IIC_ReadByte
                0x08022fba       0x68 ./\libGD32F303VET6.a(chipiic.o)
 .text.CHIP_IIC_WriteFrame
                0x08023022       0x50 ./\libGD32F303VET6.a(chipiic.o)
                0x08023022                CHIP_IIC_WriteFrame
 .text.CHIP_IIC_ReadFrame
                0x08023072       0x5c ./\libGD32F303VET6.a(chipiic.o)
                0x08023072                CHIP_IIC_ReadFrame
 *fill*         0x080230ce        0x2 
 .text.scan_files
                0x080230d0      0x240 ./\libGD32F303VET6.a(file_opration.o)
                0x080230d0                scan_files
 .text.write_pass_num
                0x08023310       0x20 ./\libGD32F303VET6.a(file_opration.o)
                0x08023310                write_pass_num
 .text.read_pass_num
                0x08023330       0x54 ./\libGD32F303VET6.a(file_opration.o)
                0x08023330                read_pass_num
 .text.updata_pass
                0x08023384       0x50 ./\libGD32F303VET6.a(file_opration.o)
                0x08023384                updata_pass
 .text.updata_falg
                0x080233d4       0x3c ./\libGD32F303VET6.a(file_opration.o)
                0x080233d4                updata_falg
 .text.updatafat_falg
                0x08023410       0x3c ./\libGD32F303VET6.a(file_opration.o)
                0x08023410                updatafat_falg
 .text.updata_iapflag
                0x0802344c       0x3c ./\libGD32F303VET6.a(file_opration.o)
                0x0802344c                updata_iapflag
 .text.old_falg
                0x08023488       0x3c ./\libGD32F303VET6.a(file_opration.o)
                0x08023488                old_falg
 .text.read_vision
                0x080234c4       0x60 ./\libGD32F303VET6.a(file_opration.o)
                0x080234c4                read_vision
 .text.clear_parmeter
                0x08023524       0x24 ./\libGD32F303VET6.a(file_opration.o)
                0x08023524                clear_parmeter
 .text.spi_flash_init
                0x08023548       0x98 ./\libGD32F303VET6.a(gd25qxx.o)
                0x08023548                spi_flash_init
 .text.spi_flash_sector_erase
                0x080235e0       0x54 ./\libGD32F303VET6.a(gd25qxx.o)
                0x080235e0                spi_flash_sector_erase
 .text.spi_flash_page_write
                0x08023634       0x78 ./\libGD32F303VET6.a(gd25qxx.o)
                0x08023634                spi_flash_page_write
 .text.spi_flash_buffer_write
                0x080236ac      0x152 ./\libGD32F303VET6.a(gd25qxx.o)
                0x080236ac                spi_flash_buffer_write
 *fill*         0x080237fe        0x2 
 .text.spi_flash_buffer_read
                0x08023800       0x74 ./\libGD32F303VET6.a(gd25qxx.o)
                0x08023800                spi_flash_buffer_read
 .text.spi_flash_read_id
                0x08023874       0x68 ./\libGD32F303VET6.a(gd25qxx.o)
                0x08023874                spi_flash_read_id
 .text.spi_flash_send_byte
                0x080238dc       0x4c ./\libGD32F303VET6.a(gd25qxx.o)
                0x080238dc                spi_flash_send_byte
 .text.spi_flash_write_enable
                0x08023928       0x24 ./\libGD32F303VET6.a(gd25qxx.o)
                0x08023928                spi_flash_write_enable
 .text.spi_flash_wait_for_write_end
                0x0802394c       0x40 ./\libGD32F303VET6.a(gd25qxx.o)
                0x0802394c                spi_flash_wait_for_write_end
 .text.Ina220_Iint
                0x0802398c       0x4c ./\libGD32F303VET6.a(ina220.o)
                0x0802398c                Ina220_Iint
 .text.AlarmEnable
                0x080239d8      0x23c ./\libGD32F303VET6.a(ina220.o)
                0x080239d8                AlarmEnable
 .text.reportinfo
                0x08023c14      0x328 ./\libGD32F303VET6.a(ina220.o)
                0x08023c14                reportinfo
 .text.ina220_poll
                0x08023f3c      0x844 ./\libGD32F303VET6.a(ina220.o)
                0x08023f3c                ina220_poll
 .text.ADC_THREAD_GetInfor
                0x08024780       0x38 ./\libGD32F303VET6.a(ina220.o)
                0x08024780                ADC_THREAD_GetInfor
 .text.Init_Alarm
                0x080247b8      0x37c ./\libGD32F303VET6.a(ina220.o)
                0x080247b8                Init_Alarm
 .text.ClearAlarm
                0x08024b34       0x44 ./\libGD32F303VET6.a(ina220.o)
                0x08024b34                ClearAlarm
 .text.INA2XX_StartWrite
                0x08024b78       0x94 ./\libGD32F303VET6.a(ina220.o)
 .text.INA2XX_StartRead
                0x08024c0c      0x110 ./\libGD32F303VET6.a(ina220.o)
 .text.INA2XX_Calibrate
                0x08024d1c      0x1b4 ./\libGD32F303VET6.a(ina220.o)
 .text.INA220_Init
                0x08024ed0       0x64 ./\libGD32F303VET6.a(ina220.o)
                0x08024ed0                INA220_Init
 .text.INA2XX_ReadReg
                0x08024f34       0x58 ./\libGD32F303VET6.a(ina220.o)
                0x08024f34                INA2XX_ReadReg
 .text.INA220_GetVoltage
                0x08024f8c       0x5c ./\libGD32F303VET6.a(ina220.o)
                0x08024f8c                INA220_GetVoltage
 .text.INA220_GetShuntCurrent
                0x08024fe8       0x88 ./\libGD32F303VET6.a(ina220.o)
                0x08024fe8                INA220_GetShuntCurrent
 .text.tick_callback
                0x08025070       0x1c ./\libGD32F303VET6.a(timer.o)
 .text.TIM_CORE_GetTick
                0x0802508c       0x14 ./\libGD32F303VET6.a(timer.o)
                0x0802508c                TIM_CORE_GetTick
 .text.bsp_DelayUS
                0x080250a0       0x8c ./\libGD32F303VET6.a(timer.o)
                0x080250a0                bsp_DelayUS
 .text.bsp_DelayMS
                0x0802512c       0x60 ./\libGD32F303VET6.a(timer.o)
                0x0802512c                bsp_DelayMS
 .text.SysTick_ISR
                0x0802518c       0x70 ./\libGD32F303VET6.a(timer.o)
                0x0802518c                SysTick_ISR
 .text.bsp_RunPer10ms
                0x080251fc       0x2c ./\libGD32F303VET6.a(timer.o)
 .text.TIMER1_IRQHandler
                0x08025228       0x22 ./\libGD32F303VET6.a(timer.o)
                0x08025228                TIMER1_IRQHandler
 *fill*         0x0802524a        0x2 
 .text.USART0_IRQHandler
                0x0802524c       0x6c ./\libGD32F303VET6.a(usart.o)
                0x0802524c                USART0_IRQHandler
 .text.USART1_IRQHandler
                0x080252b8       0x2c ./\libGD32F303VET6.a(usart.o)
                0x080252b8                USART1_IRQHandler
 .text.time_config
                0x080252e4       0x5c ./\libGD32F303VET6.a(usart.o)
                0x080252e4                time_config
 .text.TIMER0_UP_IRQHandler
                0x08025340       0x24 ./\libGD32F303VET6.a(usart.o)
                0x08025340                TIMER0_UP_IRQHandler
 .text._write   0x08025364       0x50 ./\libGD32F303VET6.a(usart.o)
                0x08025364                _write
 .text.SerialDownload
                0x080253b4       0xd8 ./\libGD32F303VET6.a(menu.o)
                0x080253b4                SerialDownload
 .text.Receive_Byte
                0x0802548c       0x32 ./\libGD32F303VET6.a(ymodem.o)
 .text.Send_Byte
                0x080254be       0x1c ./\libGD32F303VET6.a(ymodem.o)
 *fill*         0x080254da        0x2 
 .text.Receive_Packet
                0x080254dc      0x154 ./\libGD32F303VET6.a(ymodem.o)
 .text.Ymodem_Receive
                0x08025630      0x2f8 ./\libGD32F303VET6.a(ymodem.o)
                0x08025630                Ymodem_Receive
 .text.Reset_Handler
                0x08025928       0x48 ./\libGD32F303VET6.a(startup_gd32f30x_hd.o)
                0x08025928                Reset_Handler
 .text.Default_Handler
                0x08025970        0x2 ./\libGD32F303VET6.a(startup_gd32f30x_hd.o)
                0x08025970                RTC_Alarm_IRQHandler
                0x08025970                EXTI2_IRQHandler
                0x08025970                TIMER2_IRQHandler
                0x08025970                TIMER5_IRQHandler
                0x08025970                LVD_IRQHandler
                0x08025970                TIMER0_BRK_IRQHandler
                0x08025970                ADC0_1_IRQHandler
                0x08025970                SDIO_IRQHandler
                0x08025970                EXTI3_IRQHandler
                0x08025970                TIMER3_IRQHandler
                0x08025970                DMA0_Channel6_IRQHandler
                0x08025970                I2C0_EV_IRQHandler
                0x08025970                EXTI0_IRQHandler
                0x08025970                TIMER4_IRQHandler
                0x08025970                SPI1_IRQHandler
                0x08025970                DMA0_Channel0_IRQHandler
                0x08025970                TAMPER_IRQHandler
                0x08025970                DMA1_Channel0_IRQHandler
                0x08025970                DMA0_Channel3_IRQHandler
                0x08025970                I2C0_ER_IRQHandler
                0x08025970                RTC_IRQHandler
                0x08025970                TIMER7_UP_IRQHandler
                0x08025970                DMA0_Channel2_IRQHandler
                0x08025970                TIMER7_TRG_CMT_IRQHandler
                0x08025970                TIMER0_TRG_CMT_IRQHandler
                0x08025970                I2C1_EV_IRQHandler
                0x08025970                UART4_IRQHandler
                0x08025970                EXTI10_15_IRQHandler
                0x08025970                DMA1_Channel1_IRQHandler
                0x08025970                Default_Handler
                0x08025970                TIMER7_Channel_IRQHandler
                0x08025970                WWDGT_IRQHandler
                0x08025970                EXMC_IRQHandler
                0x08025970                ADC2_IRQHandler
                0x08025970                SPI2_IRQHandler
                0x08025970                USBD_WKUP_IRQHandler
                0x08025970                RCU_CTC_IRQHandler
                0x08025970                TIMER7_BRK_IRQHandler
                0x08025970                EXTI4_IRQHandler
                0x08025970                USBD_HP_CAN0_TX_IRQHandler
                0x08025970                CAN0_RX1_IRQHandler
                0x08025970                DMA0_Channel5_IRQHandler
                0x08025970                EXTI5_9_IRQHandler
                0x08025970                DMA0_Channel1_IRQHandler
                0x08025970                TIMER0_Channel_IRQHandler
                0x08025970                EXTI1_IRQHandler
                0x08025970                SPI0_IRQHandler
                0x08025970                DMA1_Channel3_4_IRQHandler
                0x08025970                CAN0_EWMC_IRQHandler
                0x08025970                DMA1_Channel2_IRQHandler
                0x08025970                UART3_IRQHandler
                0x08025970                I2C1_ER_IRQHandler
                0x08025970                FMC_IRQHandler
                0x08025970                DMA0_Channel4_IRQHandler
 *fill*         0x08025972        0x2 
 .text.power_on_proc
                0x08025974       0x64 ./\libGD32F303VET6.a(uart_protocol.o)
 .text.power_off_proc
                0x080259d8       0x68 ./\libGD32F303VET6.a(uart_protocol.o)
 .text.turn_up_proc
                0x08025a40       0x68 ./\libGD32F303VET6.a(uart_protocol.o)
 .text.turn_down_proc
                0x08025aa8       0x68 ./\libGD32F303VET6.a(uart_protocol.o)
 .text.show_pic1_proc
                0x08025b10       0x64 ./\libGD32F303VET6.a(uart_protocol.o)
 .text.show_pic2_proc
                0x08025b74       0x64 ./\libGD32F303VET6.a(uart_protocol.o)
 .text.show_pic3_proc
                0x08025bd8       0x64 ./\libGD32F303VET6.a(uart_protocol.o)
 .text.show_pic4_proc
                0x08025c3c       0x64 ./\libGD32F303VET6.a(uart_protocol.o)
 .text.show_pic5_proc
                0x08025ca0       0x64 ./\libGD32F303VET6.a(uart_protocol.o)
 .text.show_pic6_proc
                0x08025d04       0x64 ./\libGD32F303VET6.a(uart_protocol.o)
 .text.show_pic7_proc
                0x08025d68       0x64 ./\libGD32F303VET6.a(uart_protocol.o)
 .text.show_pic8_proc
                0x08025dcc       0x64 ./\libGD32F303VET6.a(uart_protocol.o)
 .text.show_pic9_proc
                0x08025e30       0x64 ./\libGD32F303VET6.a(uart_protocol.o)
 .text.show_pic10_proc
                0x08025e94       0x64 ./\libGD32F303VET6.a(uart_protocol.o)
 .text.show_pic11_proc
                0x08025ef8       0x64 ./\libGD32F303VET6.a(uart_protocol.o)
 .text.show_pic12_proc
                0x08025f5c       0x64 ./\libGD32F303VET6.a(uart_protocol.o)
 .text.msgfifo_init
                0x08025fc0       0x30 ./\libGD32F303VET6.a(uart_protocol.o)
                0x08025fc0                msgfifo_init
 .text.msgfifo_buf_put
                0x08025ff0       0x64 ./\libGD32F303VET6.a(uart_protocol.o)
                0x08025ff0                msgfifo_buf_put
 .text.msgfifo_buf_get
                0x08026054       0x50 ./\libGD32F303VET6.a(uart_protocol.o)
                0x08026054                msgfifo_buf_get
 .text.decode_cmd_proc
                0x080260a4       0x88 ./\libGD32F303VET6.a(uart_protocol.o)
                0x080260a4                decode_cmd_proc
 .text.de_proc  0x0802612c       0xc0 ./\libGD32F303VET6.a(uart_protocol.o)
                0x0802612c                de_proc
 .text.msg_read
                0x080261ec       0x24 ./\libGD32F303VET6.a(uart_protocol.o)
                0x080261ec                msg_read
 .text.msg_rev_enable
                0x08026210       0x20 ./\libGD32F303VET6.a(uart_protocol.o)
                0x08026210                msg_rev_enable
 .text.msg_init
                0x08026230        0xc ./\libGD32F303VET6.a(uart_protocol.o)
                0x08026230                msg_init
 .text.msg_it_cb
                0x0802623c       0x1c ./\libGD32F303VET6.a(uart_protocol.o)
                0x0802623c                msg_it_cb
 .text.spi_init
                0x08026258       0x82 ./\libGD32F303VET6.a(gd32f30x_spi.o)
                0x08026258                spi_init
 .text.spi_enable
                0x080262da       0x1e ./\libGD32F303VET6.a(gd32f30x_spi.o)
                0x080262da                spi_enable
 .text.spi_i2s_data_transmit
                0x080262f8       0x20 ./\libGD32F303VET6.a(gd32f30x_spi.o)
                0x080262f8                spi_i2s_data_transmit
 .text.spi_i2s_data_receive
                0x08026318       0x1a ./\libGD32F303VET6.a(gd32f30x_spi.o)
                0x08026318                spi_i2s_data_receive
 .text.spi_crc_polynomial_set
                0x08026332       0x20 ./\libGD32F303VET6.a(gd32f30x_spi.o)
                0x08026332                spi_crc_polynomial_set
 .text.spi_i2s_flag_get
                0x08026352       0x28 ./\libGD32F303VET6.a(gd32f30x_spi.o)
                0x08026352                spi_i2s_flag_get
 *fill*         0x0802637a        0x2 
 .text.fmc_unlock
                0x0802637c       0x64 ./\libGD32F303VET6.a(gd32f30x_fmc.o)
                0x0802637c                fmc_unlock
 .text.fmc_lock
                0x080263e0       0x3c ./\libGD32F303VET6.a(gd32f30x_fmc.o)
                0x080263e0                fmc_lock
 .text.fmc_page_erase
                0x0802641c      0x128 ./\libGD32F303VET6.a(gd32f30x_fmc.o)
                0x0802641c                fmc_page_erase
 .text.fmc_word_program
                0x08026544       0xec ./\libGD32F303VET6.a(gd32f30x_fmc.o)
                0x08026544                fmc_word_program
 .text.fmc_flag_clear
                0x08026630       0x3e ./\libGD32F303VET6.a(gd32f30x_fmc.o)
                0x08026630                fmc_flag_clear
 *fill*         0x0802666e        0x2 
 .text.fmc_bank0_state_get
                0x08026670       0x50 ./\libGD32F303VET6.a(gd32f30x_fmc.o)
                0x08026670                fmc_bank0_state_get
 .text.fmc_bank1_state_get
                0x080266c0       0x50 ./\libGD32F303VET6.a(gd32f30x_fmc.o)
                0x080266c0                fmc_bank1_state_get
 .text.fmc_bank0_ready_wait
                0x08026710       0x3a ./\libGD32F303VET6.a(gd32f30x_fmc.o)
                0x08026710                fmc_bank0_ready_wait
 .text.fmc_bank1_ready_wait
                0x0802674a       0x3a ./\libGD32F303VET6.a(gd32f30x_fmc.o)
                0x0802674a                fmc_bank1_ready_wait
 .text.timer_deinit
                0x08026784      0x130 ./\libGD32F303VET6.a(gd32f30x_timer.o)
                0x08026784                timer_deinit
 .text.timer_struct_para_init
                0x080268b4       0x38 ./\libGD32F303VET6.a(gd32f30x_timer.o)
                0x080268b4                timer_struct_para_init
 .text.timer_init
                0x080268ec       0xf8 ./\libGD32F303VET6.a(gd32f30x_timer.o)
                0x080268ec                timer_init
 .text.timer_enable
                0x080269e4       0x1e ./\libGD32F303VET6.a(gd32f30x_timer.o)
                0x080269e4                timer_enable
 .text.timer_disable
                0x08026a02       0x1e ./\libGD32F303VET6.a(gd32f30x_timer.o)
                0x08026a02                timer_disable
 .text.timer_counter_value_config
                0x08026a20       0x20 ./\libGD32F303VET6.a(gd32f30x_timer.o)
                0x08026a20                timer_counter_value_config
 .text.timer_interrupt_enable
                0x08026a40       0x26 ./\libGD32F303VET6.a(gd32f30x_timer.o)
                0x08026a40                timer_interrupt_enable
 .text.timer_interrupt_disable
                0x08026a66       0x26 ./\libGD32F303VET6.a(gd32f30x_timer.o)
                0x08026a66                timer_interrupt_disable
 .text.timer_interrupt_flag_get
                0x08026a8c       0x3a ./\libGD32F303VET6.a(gd32f30x_timer.o)
                0x08026a8c                timer_interrupt_flag_get
 .text.timer_interrupt_flag_clear
                0x08026ac6       0x20 ./\libGD32F303VET6.a(gd32f30x_timer.o)
                0x08026ac6                timer_interrupt_flag_clear
 *fill*         0x08026ae6        0x2 
 .text.exmc_norsram_init
                0x08026ae8      0x17c ./\libGD32F303VET6.a(gd32f30x_exmc.o)
                0x08026ae8                exmc_norsram_init
 .text.exmc_norsram_enable
                0x08026c64       0x2a ./\libGD32F303VET6.a(gd32f30x_exmc.o)
                0x08026c64                exmc_norsram_enable
 *fill*         0x08026c8e        0x2 
 .text.disk_status
                0x08026c90       0x34 ./\libGD32F303VET6.a(diskio.o)
                0x08026c90                disk_status
 .text.disk_initialize
                0x08026cc4       0x4c ./\libGD32F303VET6.a(diskio.o)
                0x08026cc4                disk_initialize
 .text.disk_read
                0x08026d10       0x44 ./\libGD32F303VET6.a(diskio.o)
                0x08026d10                disk_read
 .text.disk_write
                0x08026d54       0x44 ./\libGD32F303VET6.a(diskio.o)
                0x08026d54                disk_write
 .text.disk_ioctl
                0x08026d98       0x3c ./\libGD32F303VET6.a(diskio.o)
                0x08026d98                disk_ioctl
 .text.get_fattime
                0x08026dd4       0x16 ./\libGD32F303VET6.a(diskio.o)
                0x08026dd4                get_fattime
 *fill*         0x08026dea        0x2 
 .text.FATFS_LinkDriverEx
                0x08026dec       0x94 ./\libGD32F303VET6.a(ff_gen_drv.o)
                0x08026dec                FATFS_LinkDriverEx
 .text.FATFS_LinkDriver
                0x08026e80       0x1e ./\libGD32F303VET6.a(ff_gen_drv.o)
                0x08026e80                FATFS_LinkDriver
 *fill*         0x08026e9e        0x2 
 .text.FATFS_UnLinkDriverEx
                0x08026ea0       0x6c ./\libGD32F303VET6.a(ff_gen_drv.o)
                0x08026ea0                FATFS_UnLinkDriverEx
 .text.FATFS_UnLinkDriver
                0x08026f0c       0x1a ./\libGD32F303VET6.a(ff_gen_drv.o)
                0x08026f0c                FATFS_UnLinkDriver
 *fill*         0x08026f26        0x2 
 .text.SD_initialize
                0x08026f28       0x3c ./\libGD32F303VET6.a(sd_diskio.o)
                0x08026f28                SD_initialize
 .text.Flash_initialize
                0x08026f64       0x34 ./\libGD32F303VET6.a(sd_diskio.o)
                0x08026f64                Flash_initialize
 .text.SD_status
                0x08026f98       0x3c ./\libGD32F303VET6.a(sd_diskio.o)
                0x08026f98                SD_status
 .text.Flash_status
                0x08026fd4       0x34 ./\libGD32F303VET6.a(sd_diskio.o)
                0x08026fd4                Flash_status
 .text.SD_read  0x08027008       0x38 ./\libGD32F303VET6.a(sd_diskio.o)
                0x08027008                SD_read
 .text.Flash_read
                0x08027040       0x46 ./\libGD32F303VET6.a(sd_diskio.o)
                0x08027040                Flash_read
 .text.SD_write
                0x08027086       0x38 ./\libGD32F303VET6.a(sd_diskio.o)
                0x08027086                SD_write
 .text.Flash_write
                0x080270be       0x4c ./\libGD32F303VET6.a(sd_diskio.o)
                0x080270be                Flash_write
 *fill*         0x0802710a        0x2 
 .text.SD_ioctl
                0x0802710c       0x9c ./\libGD32F303VET6.a(sd_diskio.o)
                0x0802710c                SD_ioctl
 .text.Flash_ioctl
                0x080271a8       0x90 ./\libGD32F303VET6.a(sd_diskio.o)
                0x080271a8                Flash_ioctl
 .text.SetDdrWrPage
                0x08027238       0x28 ./\libGD32F303VET6.a(GPU_DDR.o)
                0x08027238                SetDdrWrPage
 .text.SetDdrWrPageA
                0x08027260       0x38 ./\libGD32F303VET6.a(GPU_DDR.o)
                0x08027260                SetDdrWrPageA
 .text.SetDdrWrEnable
                0x08027298       0x30 ./\libGD32F303VET6.a(GPU_DDR.o)
                0x08027298                SetDdrWrEnable
 .text.SetDdrWrDisable
                0x080272c8       0x30 ./\libGD32F303VET6.a(GPU_DDR.o)
                0x080272c8                SetDdrWrDisable
 .text.SetDdrFillStart
                0x080272f8       0x90 ./\libGD32F303VET6.a(GPU_DDR.o)
                0x080272f8                SetDdrFillStart
 .text.SetDdrWrSize
                0x08027388       0x64 ./\libGD32F303VET6.a(GPU_DDR.o)
                0x08027388                SetDdrWrSize
 .text.SetDdrWrFill
                0x080273ec       0x38 ./\libGD32F303VET6.a(GPU_DDR.o)
                0x080273ec                SetDdrWrFill
 .text.SetDdrRdPage1
                0x08027424       0x28 ./\libGD32F303VET6.a(GPU_DDR.o)
                0x08027424                SetDdrRdPage1
 .text.SetDdrRdCtrl
                0x0802744c       0x28 ./\libGD32F303VET6.a(GPU_DDR.o)
                0x0802744c                SetDdrRdCtrl
 .text.SetDdrRdPageA
                0x08027474       0x30 ./\libGD32F303VET6.a(GPU_DDR.o)
                0x08027474                SetDdrRdPageA
 .text.SetDdrRdSize1
                0x080274a4       0x64 ./\libGD32F303VET6.a(GPU_DDR.o)
                0x080274a4                SetDdrRdSize1
 .text.usMBCRC16
                0x08027508       0x6c ./\libGD32F303VET6.a(mbcrc.o)
                0x08027508                usMBCRC16
 .text.W_C      0x08027574       0x72 ./\libGD32F303VET6.a(mipi_cfg.o)
                0x08027574                W_C
 .text.W_D      0x080275e6       0x72 ./\libGD32F303VET6.a(mipi_cfg.o)
                0x080275e6                W_D
 .text.sd_io_init
                0x08027658       0x9c ./\libGD32F303VET6.a(bsp_driver_sd.o)
                0x08027658                sd_io_init
 .text.card_info_get
                0x080276f4      0x234 ./\libGD32F303VET6.a(bsp_driver_sd.o)
                0x080276f4                card_info_get
 .text.sd_init  0x08027928       0x5a ./\libGD32F303VET6.a(sdcard.o)
                0x08027928                sd_init
 *fill*         0x08027982        0x2 
 .text.sd_card_init
                0x08027984      0x14c ./\libGD32F303VET6.a(sdcard.o)
                0x08027984                sd_card_init
 .text.sd_power_on
                0x08027ad0      0x168 ./\libGD32F303VET6.a(sdcard.o)
                0x08027ad0                sd_power_on
 .text.sd_bus_mode_config
                0x08027c38       0xb8 ./\libGD32F303VET6.a(sdcard.o)
                0x08027c38                sd_bus_mode_config
 .text.sd_transfer_mode_config
                0x08027cf0       0x34 ./\libGD32F303VET6.a(sdcard.o)
                0x08027cf0                sd_transfer_mode_config
 .text.sd_multiblocks_read
                0x08027d24      0x374 ./\libGD32F303VET6.a(sdcard.o)
                0x08027d24                sd_multiblocks_read
 .text.sd_multiblocks_write
                0x08028098      0x4c4 ./\libGD32F303VET6.a(sdcard.o)
                0x08028098                sd_multiblocks_write
 .text.sd_card_select_deselect
                0x0802855c       0x3a ./\libGD32F303VET6.a(sdcard.o)
                0x0802855c                sd_card_select_deselect
 *fill*         0x08028596        0x2 
 .text.sd_cardstatus_get
                0x08028598       0x64 ./\libGD32F303VET6.a(sdcard.o)
                0x08028598                sd_cardstatus_get
 .text.sd_transfer_state_get
                0x080285fc       0x26 ./\libGD32F303VET6.a(sdcard.o)
                0x080285fc                sd_transfer_state_get
 *fill*         0x08028622        0x2 
 .text.sd_card_capacity_get
                0x08028624      0x110 ./\libGD32F303VET6.a(sdcard.o)
                0x08028624                sd_card_capacity_get
 .text.sd_card_information_get
                0x08028734      0x4d0 ./\libGD32F303VET6.a(sdcard.o)
                0x08028734                sd_card_information_get
 .text.cmdsent_error_check
                0x08028c04       0x50 ./\libGD32F303VET6.a(sdcard.o)
 .text.r1_error_type_check
                0x08028c54      0x122 ./\libGD32F303VET6.a(sdcard.o)
 *fill*         0x08028d76        0x2 
 .text.r1_error_check
                0x08028d78       0xb4 ./\libGD32F303VET6.a(sdcard.o)
 .text.r2_error_check
                0x08028e2c       0x70 ./\libGD32F303VET6.a(sdcard.o)
 .text.r3_error_check
                0x08028e9c       0x58 ./\libGD32F303VET6.a(sdcard.o)
 .text.r6_error_check
                0x08028ef4       0xdc ./\libGD32F303VET6.a(sdcard.o)
 .text.r7_error_check
                0x08028fd0       0x80 ./\libGD32F303VET6.a(sdcard.o)
 .text.sd_card_state_get
                0x08029050       0xe4 ./\libGD32F303VET6.a(sdcard.o)
 .text.sd_bus_width_config
                0x08029134      0x138 ./\libGD32F303VET6.a(sdcard.o)
 .text.sd_scr_get
                0x0802926c      0x1a8 ./\libGD32F303VET6.a(sdcard.o)
 .text.sd_datablocksize_get
                0x08029414       0x32 ./\libGD32F303VET6.a(sdcard.o)
 *fill*         0x08029446        0x2 
 .text.gpio_config
                0x08029448       0x2c ./\libGD32F303VET6.a(sdcard.o)
 .text.rcu_config
                0x08029474       0x28 ./\libGD32F303VET6.a(sdcard.o)
 .text.dma_transfer_config
                0x0802949c       0xa4 ./\libGD32F303VET6.a(sdcard.o)
 .text.dma_receive_config
                0x08029540       0xa4 ./\libGD32F303VET6.a(sdcard.o)
 .text.Int2Str  0x080295e4       0xa8 ./\libGD32F303VET6.a(common.o)
                0x080295e4                Int2Str
 .text.Str2Int  0x0802968c      0x1fc ./\libGD32F303VET6.a(common.o)
                0x0802968c                Str2Int
 .text.SerialKeyPressed
                0x08029888       0x38 ./\libGD32F303VET6.a(common.o)
                0x08029888                SerialKeyPressed
 .text.SerialPutChar
                0x080298c0       0x34 ./\libGD32F303VET6.a(common.o)
                0x080298c0                SerialPutChar
 .text.Serial_PutString
                0x080298f4       0x32 ./\libGD32F303VET6.a(common.o)
                0x080298f4                Serial_PutString
 .text.dma_deinit
                0x08029926       0xcc ./\libGD32F303VET6.a(gd32f30x_dma.o)
                0x08029926                dma_deinit
 .text.dma_init
                0x080299f2      0x1f6 ./\libGD32F303VET6.a(gd32f30x_dma.o)
                0x080299f2                dma_init
 .text.dma_circulation_disable
                0x08029be8       0x54 ./\libGD32F303VET6.a(gd32f30x_dma.o)
                0x08029be8                dma_circulation_disable
 .text.dma_channel_enable
                0x08029c3c       0x54 ./\libGD32F303VET6.a(gd32f30x_dma.o)
                0x08029c3c                dma_channel_enable
 .text.dma_channel_disable
                0x08029c90       0x54 ./\libGD32F303VET6.a(gd32f30x_dma.o)
                0x08029c90                dma_channel_disable
 .text.dma_flag_get
                0x08029ce4       0x38 ./\libGD32F303VET6.a(gd32f30x_dma.o)
                0x08029ce4                dma_flag_get
 .text.dma_flag_clear
                0x08029d1c       0x30 ./\libGD32F303VET6.a(gd32f30x_dma.o)
                0x08029d1c                dma_flag_clear
 .text.dma_periph_and_channel_check
                0x08029d4c       0x34 ./\libGD32F303VET6.a(gd32f30x_dma.o)
 .text.sdio_deinit
                0x08029d80       0x68 ./\libGD32F303VET6.a(gd32f30x_sdio.o)
                0x08029d80                sdio_deinit
 .text.sdio_clock_config
                0x08029de8       0x64 ./\libGD32F303VET6.a(gd32f30x_sdio.o)
                0x08029de8                sdio_clock_config
 .text.sdio_hardware_clock_disable
                0x08029e4c       0x1c ./\libGD32F303VET6.a(gd32f30x_sdio.o)
                0x08029e4c                sdio_hardware_clock_disable
 .text.sdio_bus_mode_set
                0x08029e68       0x30 ./\libGD32F303VET6.a(gd32f30x_sdio.o)
                0x08029e68                sdio_bus_mode_set
 .text.sdio_power_state_set
                0x08029e98       0x1c ./\libGD32F303VET6.a(gd32f30x_sdio.o)
                0x08029e98                sdio_power_state_set
 .text.sdio_power_state_get
                0x08029eb4       0x14 ./\libGD32F303VET6.a(gd32f30x_sdio.o)
                0x08029eb4                sdio_power_state_get
 .text.sdio_clock_enable
                0x08029ec8       0x1c ./\libGD32F303VET6.a(gd32f30x_sdio.o)
                0x08029ec8                sdio_clock_enable
 .text.sdio_command_response_config
                0x08029ee4       0x54 ./\libGD32F303VET6.a(gd32f30x_sdio.o)
                0x08029ee4                sdio_command_response_config
 .text.sdio_wait_type_set
                0x08029f38       0x30 ./\libGD32F303VET6.a(gd32f30x_sdio.o)
                0x08029f38                sdio_wait_type_set
 .text.sdio_csm_enable
                0x08029f68       0x1c ./\libGD32F303VET6.a(gd32f30x_sdio.o)
                0x08029f68                sdio_csm_enable
 .text.sdio_command_index_get
                0x08029f84       0x18 ./\libGD32F303VET6.a(gd32f30x_sdio.o)
                0x08029f84                sdio_command_index_get
 .text.sdio_response_get
                0x08029f9c       0x68 ./\libGD32F303VET6.a(gd32f30x_sdio.o)
                0x08029f9c                sdio_response_get
 .text.sdio_data_config
                0x0802a004       0x5c ./\libGD32F303VET6.a(gd32f30x_sdio.o)
                0x0802a004                sdio_data_config
 .text.sdio_data_transfer_config
                0x0802a060       0x3c ./\libGD32F303VET6.a(gd32f30x_sdio.o)
                0x0802a060                sdio_data_transfer_config
 .text.sdio_dsm_enable
                0x0802a09c       0x1c ./\libGD32F303VET6.a(gd32f30x_sdio.o)
                0x0802a09c                sdio_dsm_enable
 .text.sdio_dsm_disable