ARM GAS  C:\Users\ADMINI~1\AppData\Local\Temp\cc7uOHq6.s 			page 1


   1              		.cpu cortex-m4
   2              		.arch armv7e-m
   3              		.fpu softvfp
   4              		.eabi_attribute 20, 1
   5              		.eabi_attribute 21, 1
   6              		.eabi_attribute 23, 3
   7              		.eabi_attribute 24, 1
   8              		.eabi_attribute 25, 1
   9              		.eabi_attribute 26, 1
  10              		.eabi_attribute 30, 1
  11              		.eabi_attribute 34, 1
  12              		.eabi_attribute 18, 4
  13              		.file	"gd32f30x_it.c"
  14              		.text
  15              	.Ltext0:
  16              		.cfi_sections	.debug_frame
  17              		.section	.text.NMI_Handler,"ax",%progbits
  18              		.align	1
  19              		.global	NMI_Handler
  20              		.syntax unified
  21              		.thumb
  22              		.thumb_func
  24              	NMI_Handler:
  25              	.LFB116:
  26              		.file 1 "User/gd32f30x_it.c"
   1:User/gd32f30x_it.c **** /*!
   2:User/gd32f30x_it.c ****     \file  gd32f30x_it.c
   3:User/gd32f30x_it.c ****     \brief interrupt service routines
   4:User/gd32f30x_it.c **** 
   5:User/gd32f30x_it.c ****     \version 2021-03-23, V2.0.0, demo for GD32F30x
   6:User/gd32f30x_it.c **** */
   7:User/gd32f30x_it.c **** 
   8:User/gd32f30x_it.c **** /*
   9:User/gd32f30x_it.c ****     Copyright (c) 2021, GigaDevice Semiconductor Inc.
  10:User/gd32f30x_it.c **** 
  11:User/gd32f30x_it.c ****     Redistribution and use in source and binary forms, with or without modification, 
  12:User/gd32f30x_it.c **** are permitted provided that the following conditions are met:
  13:User/gd32f30x_it.c **** 
  14:User/gd32f30x_it.c ****     1. Redistributions of source code must retain the above copyright notice, this 
  15:User/gd32f30x_it.c ****        list of conditions and the following disclaimer.
  16:User/gd32f30x_it.c ****     2. Redistributions in binary form must reproduce the above copyright notice, 
  17:User/gd32f30x_it.c ****        this list of conditions and the following disclaimer in the documentation 
  18:User/gd32f30x_it.c ****        and/or other materials provided with the distribution.
  19:User/gd32f30x_it.c ****     3. Neither the name of the copyright holder nor the names of its contributors 
  20:User/gd32f30x_it.c ****        may be used to endorse or promote products derived from this software without 
  21:User/gd32f30x_it.c ****        specific prior written permission.
  22:User/gd32f30x_it.c **** 
  23:User/gd32f30x_it.c ****     THIS SOFTWARE IS PROVIDED BY THE COPYRIGHT HOLDERS AND CONTRIBUTORS "AS IS" 
  24:User/gd32f30x_it.c **** AND ANY EXPRESS OR IMPLIED WARRANTIES, INCLUDING, BUT NOT LIMITED TO, THE IMPLIED 
  25:User/gd32f30x_it.c **** WARRANTIES OF MERCHANTABILITY AND FITNESS FOR A PARTICULAR PURPOSE ARE DISCLAIMED. 
  26:User/gd32f30x_it.c **** IN NO EVENT SHALL THE COPYRIGHT HOLDER OR CONTRIBUTORS BE LIABLE FOR ANY DIRECT, 
  27:User/gd32f30x_it.c **** INDIRECT, INCIDENTAL, SPECIAL, EXEMPLARY, OR CONSEQUENTIAL DAMAGES (INCLUDING, BUT 
  28:User/gd32f30x_it.c **** NOT LIMITED TO, PROCUREMENT OF SUBSTITUTE GOODS OR SERVICES; LOSS OF USE, DATA, OR 
  29:User/gd32f30x_it.c **** PROFITS; OR BUSINESS INTERRUPTION) HOWEVER CAUSED AND ON ANY THEORY OF LIABILITY, 
  30:User/gd32f30x_it.c **** WHETHER IN CONTRACT, STRICT LIABILITY, OR TORT (INCLUDING NEGLIGENCE OR OTHERWISE) 
  31:User/gd32f30x_it.c **** ARISING IN ANY WAY OUT OF THE USE OF THIS SOFTWARE, EVEN IF ADVISED OF THE POSSIBILITY 
  32:User/gd32f30x_it.c **** OF SUCH DAMAGE.
ARM GAS  C:\Users\ADMINI~1\AppData\Local\Temp\cc7uOHq6.s 			page 2


  33:User/gd32f30x_it.c **** */
  34:User/gd32f30x_it.c **** 
  35:User/gd32f30x_it.c **** #include "gd32f30x_it.h"
  36:User/gd32f30x_it.c **** #include "systick.h"
  37:User/gd32f30x_it.c **** #include "timer.h"
  38:User/gd32f30x_it.c **** #include "sdcard.h"
  39:User/gd32f30x_it.c **** 
  40:User/gd32f30x_it.c **** /*!
  41:User/gd32f30x_it.c ****     \brief      this function handles NMI exception
  42:User/gd32f30x_it.c ****     \param[in]  none
  43:User/gd32f30x_it.c ****     \param[out] none
  44:User/gd32f30x_it.c ****     \retval     none
  45:User/gd32f30x_it.c **** */
  46:User/gd32f30x_it.c **** void NMI_Handler(void)
  47:User/gd32f30x_it.c **** {
  27              		.loc 1 47 1 view -0
  28              		.cfi_startproc
  29              		@ args = 0, pretend = 0, frame = 0
  30              		@ frame_needed = 0, uses_anonymous_args = 0
  31              		@ link register save eliminated.
  48:User/gd32f30x_it.c **** }
  32              		.loc 1 48 1 view .LVU1
  33 0000 7047     		bx	lr
  34              		.cfi_endproc
  35              	.LFE116:
  37              		.section	.text.HardFault_Handler,"ax",%progbits
  38              		.align	1
  39              		.global	HardFault_Handler
  40              		.syntax unified
  41              		.thumb
  42              		.thumb_func
  44              	HardFault_Handler:
  45              	.LFB117:
  49:User/gd32f30x_it.c **** 
  50:User/gd32f30x_it.c **** /*!
  51:User/gd32f30x_it.c ****     \brief      this function handles HardFault exception
  52:User/gd32f30x_it.c ****     \param[in]  none
  53:User/gd32f30x_it.c ****     \param[out] none
  54:User/gd32f30x_it.c ****     \retval     none
  55:User/gd32f30x_it.c **** */
  56:User/gd32f30x_it.c **** void HardFault_Handler(void)
  57:User/gd32f30x_it.c **** {
  46              		.loc 1 57 1 view -0
  47              		.cfi_startproc
  48              		@ Volatile: function does not return.
  49              		@ args = 0, pretend = 0, frame = 0
  50              		@ frame_needed = 0, uses_anonymous_args = 0
  51              		@ link register save eliminated.
  52              	.L3:
  58:User/gd32f30x_it.c ****     /* if Hard Fault exception occurs, go to infinite loop */
  59:User/gd32f30x_it.c ****     while (1);
  53              		.loc 1 59 5 discriminator 1 view .LVU3
  54              		.loc 1 59 14 discriminator 1 view .LVU4
  55              		.loc 1 59 11 discriminator 1 view .LVU5
  56 0000 FEE7     		b	.L3
  57              		.cfi_endproc
  58              	.LFE117:
ARM GAS  C:\Users\ADMINI~1\AppData\Local\Temp\cc7uOHq6.s 			page 3


  60              		.section	.text.MemManage_Handler,"ax",%progbits
  61              		.align	1
  62              		.global	MemManage_Handler
  63              		.syntax unified
  64              		.thumb
  65              		.thumb_func
  67              	MemManage_Handler:
  68              	.LFB118:
  60:User/gd32f30x_it.c **** }
  61:User/gd32f30x_it.c **** 
  62:User/gd32f30x_it.c **** /*!
  63:User/gd32f30x_it.c ****     \brief      this function handles MemManage exception
  64:User/gd32f30x_it.c ****     \param[in]  none
  65:User/gd32f30x_it.c ****     \param[out] none
  66:User/gd32f30x_it.c ****     \retval     none
  67:User/gd32f30x_it.c **** */
  68:User/gd32f30x_it.c **** void MemManage_Handler(void)
  69:User/gd32f30x_it.c **** {
  69              		.loc 1 69 1 view -0
  70              		.cfi_startproc
  71              		@ Volatile: function does not return.
  72              		@ args = 0, pretend = 0, frame = 0
  73              		@ frame_needed = 0, uses_anonymous_args = 0
  74              		@ link register save eliminated.
  75              	.L5:
  70:User/gd32f30x_it.c ****     /* if Memory Manage exception occurs, go to infinite loop */
  71:User/gd32f30x_it.c ****     while (1);
  76              		.loc 1 71 5 discriminator 1 view .LVU7
  77              		.loc 1 71 14 discriminator 1 view .LVU8
  78              		.loc 1 71 11 discriminator 1 view .LVU9
  79 0000 FEE7     		b	.L5
  80              		.cfi_endproc
  81              	.LFE118:
  83              		.section	.text.BusFault_Handler,"ax",%progbits
  84              		.align	1
  85              		.global	BusFault_Handler
  86              		.syntax unified
  87              		.thumb
  88              		.thumb_func
  90              	BusFault_Handler:
  91              	.LFB119:
  72:User/gd32f30x_it.c **** }
  73:User/gd32f30x_it.c **** 
  74:User/gd32f30x_it.c **** /*!
  75:User/gd32f30x_it.c ****     \brief      this function handles BusFault exception
  76:User/gd32f30x_it.c ****     \param[in]  none
  77:User/gd32f30x_it.c ****     \param[out] none
  78:User/gd32f30x_it.c ****     \retval     none
  79:User/gd32f30x_it.c **** */
  80:User/gd32f30x_it.c **** void BusFault_Handler(void)
  81:User/gd32f30x_it.c **** {
  92              		.loc 1 81 1 view -0
  93              		.cfi_startproc
  94              		@ Volatile: function does not return.
  95              		@ args = 0, pretend = 0, frame = 0
  96              		@ frame_needed = 0, uses_anonymous_args = 0
  97              		@ link register save eliminated.
ARM GAS  C:\Users\ADMINI~1\AppData\Local\Temp\cc7uOHq6.s 			page 4


  98              	.L7:
  82:User/gd32f30x_it.c ****     /* if Bus Fault exception occurs, go to infinite loop */
  83:User/gd32f30x_it.c ****     while (1);
  99              		.loc 1 83 5 discriminator 1 view .LVU11
 100              		.loc 1 83 14 discriminator 1 view .LVU12
 101              		.loc 1 83 11 discriminator 1 view .LVU13
 102 0000 FEE7     		b	.L7
 103              		.cfi_endproc
 104              	.LFE119:
 106              		.section	.text.UsageFault_Handler,"ax",%progbits
 107              		.align	1
 108              		.global	UsageFault_Handler
 109              		.syntax unified
 110              		.thumb
 111              		.thumb_func
 113              	UsageFault_Handler:
 114              	.LFB120:
  84:User/gd32f30x_it.c **** }
  85:User/gd32f30x_it.c **** 
  86:User/gd32f30x_it.c **** /*!
  87:User/gd32f30x_it.c ****     \brief      this function handles UsageFault exception
  88:User/gd32f30x_it.c ****     \param[in]  none
  89:User/gd32f30x_it.c ****     \param[out] none
  90:User/gd32f30x_it.c ****     \retval     none
  91:User/gd32f30x_it.c **** */
  92:User/gd32f30x_it.c **** void UsageFault_Handler(void)
  93:User/gd32f30x_it.c **** {
 115              		.loc 1 93 1 view -0
 116              		.cfi_startproc
 117              		@ Volatile: function does not return.
 118              		@ args = 0, pretend = 0, frame = 0
 119              		@ frame_needed = 0, uses_anonymous_args = 0
 120              		@ link register save eliminated.
 121              	.L9:
  94:User/gd32f30x_it.c ****     /* if Usage Fault exception occurs, go to infinite loop */
  95:User/gd32f30x_it.c ****     while (1);
 122              		.loc 1 95 5 discriminator 1 view .LVU15
 123              		.loc 1 95 14 discriminator 1 view .LVU16
 124              		.loc 1 95 11 discriminator 1 view .LVU17
 125 0000 FEE7     		b	.L9
 126              		.cfi_endproc
 127              	.LFE120:
 129              		.section	.text.SVC_Handler,"ax",%progbits
 130              		.align	1
 131              		.global	SVC_Handler
 132              		.syntax unified
 133              		.thumb
 134              		.thumb_func
 136              	SVC_Handler:
 137              	.LFB121:
  96:User/gd32f30x_it.c **** }
  97:User/gd32f30x_it.c **** 
  98:User/gd32f30x_it.c **** /*!
  99:User/gd32f30x_it.c ****     \brief      this function handles SVC exception
 100:User/gd32f30x_it.c ****     \param[in]  none
 101:User/gd32f30x_it.c ****     \param[out] none
 102:User/gd32f30x_it.c ****     \retval     none
ARM GAS  C:\Users\ADMINI~1\AppData\Local\Temp\cc7uOHq6.s 			page 5


 103:User/gd32f30x_it.c **** */
 104:User/gd32f30x_it.c **** void SVC_Handler(void)
 105:User/gd32f30x_it.c **** {
 138              		.loc 1 105 1 view -0
 139              		.cfi_startproc
 140              		@ args = 0, pretend = 0, frame = 0
 141              		@ frame_needed = 0, uses_anonymous_args = 0
 142              		@ link register save eliminated.
 106:User/gd32f30x_it.c **** }
 143              		.loc 1 106 1 view .LVU19
 144 0000 7047     		bx	lr
 145              		.cfi_endproc
 146              	.LFE121:
 148              		.section	.text.DebugMon_Handler,"ax",%progbits
 149              		.align	1
 150              		.global	DebugMon_Handler
 151              		.syntax unified
 152              		.thumb
 153              		.thumb_func
 155              	DebugMon_Handler:
 156              	.LFB122:
 107:User/gd32f30x_it.c **** 
 108:User/gd32f30x_it.c **** /*!
 109:User/gd32f30x_it.c ****     \brief      this function handles DebugMon exception
 110:User/gd32f30x_it.c ****     \param[in]  none
 111:User/gd32f30x_it.c ****     \param[out] none
 112:User/gd32f30x_it.c ****     \retval     none
 113:User/gd32f30x_it.c **** */
 114:User/gd32f30x_it.c **** void DebugMon_Handler(void)
 115:User/gd32f30x_it.c **** {
 157              		.loc 1 115 1 view -0
 158              		.cfi_startproc
 159              		@ args = 0, pretend = 0, frame = 0
 160              		@ frame_needed = 0, uses_anonymous_args = 0
 161              		@ link register save eliminated.
 116:User/gd32f30x_it.c **** }
 162              		.loc 1 116 1 view .LVU21
 163 0000 7047     		bx	lr
 164              		.cfi_endproc
 165              	.LFE122:
 167              		.section	.text.PendSV_Handler,"ax",%progbits
 168              		.align	1
 169              		.global	PendSV_Handler
 170              		.syntax unified
 171              		.thumb
 172              		.thumb_func
 174              	PendSV_Handler:
 175              	.LFB123:
 117:User/gd32f30x_it.c **** 
 118:User/gd32f30x_it.c **** /*!
 119:User/gd32f30x_it.c ****     \brief      this function handles PendSV exception
 120:User/gd32f30x_it.c ****     \param[in]  none
 121:User/gd32f30x_it.c ****     \param[out] none
 122:User/gd32f30x_it.c ****     \retval     none
 123:User/gd32f30x_it.c **** */
 124:User/gd32f30x_it.c **** void PendSV_Handler(void)
 125:User/gd32f30x_it.c **** {
ARM GAS  C:\Users\ADMINI~1\AppData\Local\Temp\cc7uOHq6.s 			page 6


 176              		.loc 1 125 1 view -0
 177              		.cfi_startproc
 178              		@ args = 0, pretend = 0, frame = 0
 179              		@ frame_needed = 0, uses_anonymous_args = 0
 180              		@ link register save eliminated.
 126:User/gd32f30x_it.c **** }
 181              		.loc 1 126 1 view .LVU23
 182 0000 7047     		bx	lr
 183              		.cfi_endproc
 184              	.LFE123:
 186              		.section	.text.SysTick_Handler,"ax",%progbits
 187              		.align	1
 188              		.global	SysTick_Handler
 189              		.syntax unified
 190              		.thumb
 191              		.thumb_func
 193              	SysTick_Handler:
 194              	.LFB124:
 127:User/gd32f30x_it.c **** 
 128:User/gd32f30x_it.c **** /*!
 129:User/gd32f30x_it.c ****     \brief      this function handles SysTick exception
 130:User/gd32f30x_it.c ****     \param[in]  none
 131:User/gd32f30x_it.c ****     \param[out] none
 132:User/gd32f30x_it.c ****     \retval     none
 133:User/gd32f30x_it.c **** */
 134:User/gd32f30x_it.c **** 
 135:User/gd32f30x_it.c **** void SysTick_Handler(void)
 136:User/gd32f30x_it.c **** {
 195              		.loc 1 136 1 view -0
 196              		.cfi_startproc
 197              		@ args = 0, pretend = 0, frame = 0
 198              		@ frame_needed = 0, uses_anonymous_args = 0
 199 0000 08B5     		push	{r3, lr}
 200              	.LCFI0:
 201              		.cfi_def_cfa_offset 8
 202              		.cfi_offset 3, -8
 203              		.cfi_offset 14, -4
 137:User/gd32f30x_it.c **** //    delay_decrement();
 138:User/gd32f30x_it.c **** 		SysTick_ISR();
 204              		.loc 1 138 3 view .LVU25
 205 0002 FFF7FEFF 		bl	SysTick_ISR
 206              	.LVL0:
 139:User/gd32f30x_it.c **** 		
 140:User/gd32f30x_it.c **** }
 207              		.loc 1 140 1 is_stmt 0 view .LVU26
 208 0006 08BD     		pop	{r3, pc}
 209              		.cfi_endproc
 210              	.LFE124:
 212              		.section	.text.USBD_LP_CAN0_RX0_IRQHandler,"ax",%progbits
 213              		.align	1
 214              		.global	USBD_LP_CAN0_RX0_IRQHandler
 215              		.syntax unified
 216              		.thumb
 217              		.thumb_func
 219              	USBD_LP_CAN0_RX0_IRQHandler:
 220              	.LFB125:
 141:User/gd32f30x_it.c **** 
ARM GAS  C:\Users\ADMINI~1\AppData\Local\Temp\cc7uOHq6.s 			page 7


 142:User/gd32f30x_it.c **** void USBD_LP_CAN0_RX0_IRQHandler (void)
 143:User/gd32f30x_it.c **** {
 221              		.loc 1 143 1 is_stmt 1 view -0
 222              		.cfi_startproc
 223              		@ args = 0, pretend = 0, frame = 0
 224              		@ frame_needed = 0, uses_anonymous_args = 0
 225              		@ link register save eliminated.
 144:User/gd32f30x_it.c **** //    usbd_isr();
 145:User/gd32f30x_it.c **** }
 226              		.loc 1 145 1 view .LVU28
 227 0000 7047     		bx	lr
 228              		.cfi_endproc
 229              	.LFE125:
 231              		.text
 232              	.Letext0:
 233              		.file 2 "Soft_Drive/timer.h"
ARM GAS  C:\Users\ADMINI~1\AppData\Local\Temp\cc7uOHq6.s 			page 8


DEFINED SYMBOLS
                            *ABS*:00000000 gd32f30x_it.c
C:\Users\ADMINI~1\AppData\Local\Temp\cc7uOHq6.s:18     .text.NMI_Handler:00000000 $t
C:\Users\ADMINI~1\AppData\Local\Temp\cc7uOHq6.s:24     .text.NMI_Handler:00000000 NMI_Handler
C:\Users\ADMINI~1\AppData\Local\Temp\cc7uOHq6.s:38     .text.HardFault_Handler:00000000 $t
C:\Users\ADMINI~1\AppData\Local\Temp\cc7uOHq6.s:44     .text.HardFault_Handler:00000000 HardFault_Handler
C:\Users\ADMINI~1\AppData\Local\Temp\cc7uOHq6.s:61     .text.MemManage_Handler:00000000 $t
C:\Users\ADMINI~1\AppData\Local\Temp\cc7uOHq6.s:67     .text.MemManage_Handler:00000000 MemManage_Handler
C:\Users\ADMINI~1\AppData\Local\Temp\cc7uOHq6.s:84     .text.BusFault_Handler:00000000 $t
C:\Users\ADMINI~1\AppData\Local\Temp\cc7uOHq6.s:90     .text.BusFault_Handler:00000000 BusFault_Handler
C:\Users\ADMINI~1\AppData\Local\Temp\cc7uOHq6.s:107    .text.UsageFault_Handler:00000000 $t
C:\Users\ADMINI~1\AppData\Local\Temp\cc7uOHq6.s:113    .text.UsageFault_Handler:00000000 UsageFault_Handler
C:\Users\ADMINI~1\AppData\Local\Temp\cc7uOHq6.s:130    .text.SVC_Handler:00000000 $t
C:\Users\ADMINI~1\AppData\Local\Temp\cc7uOHq6.s:136    .text.SVC_Handler:00000000 SVC_Handler
C:\Users\ADMINI~1\AppData\Local\Temp\cc7uOHq6.s:149    .text.DebugMon_Handler:00000000 $t
C:\Users\ADMINI~1\AppData\Local\Temp\cc7uOHq6.s:155    .text.DebugMon_Handler:00000000 DebugMon_Handler
C:\Users\ADMINI~1\AppData\Local\Temp\cc7uOHq6.s:168    .text.PendSV_Handler:00000000 $t
C:\Users\ADMINI~1\AppData\Local\Temp\cc7uOHq6.s:174    .text.PendSV_Handler:00000000 PendSV_Handler
C:\Users\ADMINI~1\AppData\Local\Temp\cc7uOHq6.s:187    .text.SysTick_Handler:00000000 $t
C:\Users\ADMINI~1\AppData\Local\Temp\cc7uOHq6.s:193    .text.SysTick_Handler:00000000 SysTick_Handler
C:\Users\ADMINI~1\AppData\Local\Temp\cc7uOHq6.s:213    .text.USBD_LP_CAN0_RX0_IRQHandler:00000000 $t
C:\Users\ADMINI~1\AppData\Local\Temp\cc7uOHq6.s:219    .text.USBD_LP_CAN0_RX0_IRQHandler:00000000 USBD_LP_CAN0_RX0_IRQHandler

UNDEFINED SYMBOLS
SysTick_ISR
