ARM GAS  C:\Users\ADMINI~1\AppData\Local\Temp\cct0XgkL.s 			page 1


   1              		.cpu cortex-m4
   2              		.arch armv7e-m
   3              		.fpu softvfp
   4              		.eabi_attribute 20, 1
   5              		.eabi_attribute 21, 1
   6              		.eabi_attribute 23, 3
   7              		.eabi_attribute 24, 1
   8              		.eabi_attribute 25, 1
   9              		.eabi_attribute 26, 1
  10              		.eabi_attribute 30, 1
  11              		.eabi_attribute 34, 1
  12              		.eabi_attribute 18, 4
  13              		.file	"main.c"
  14              		.text
  15              	.Ltext0:
  16              		.cfi_sections	.debug_frame
  17              		.section	.text.app_fatfs_init,"ax",%progbits
  18              		.align	1
  19              		.global	app_fatfs_init
  20              		.syntax unified
  21              		.thumb
  22              		.thumb_func
  24              	app_fatfs_init:
  25              	.LFB121:
  26              		.file 1 "User/main.c"
   1:User/main.c   **** /*!
   2:User/main.c   ****     \file  main.c
   3:User/main.c   ****     \brief SPI flash demo
   4:User/main.c   **** 
   5:User/main.c   ****     \version 2021-03-23, V2.0.0, demo for GD32F30x
   6:User/main.c   **** */
   7:User/main.c   **** 
   8:User/main.c   **** /*
   9:User/main.c   ****     Copyright (c) 2021, GigaDevice Semiconductor Inc.
  10:User/main.c   **** 
  11:User/main.c   ****     Redistribution and use in source and binary forms, with or without modification,
  12:User/main.c   **** are permitted provided that the following conditions are met:
  13:User/main.c   **** 
  14:User/main.c   ****     1. Redistributions of source code must retain the above copyright notice, this
  15:User/main.c   ****        list of conditions and the following disclaimer.
  16:User/main.c   ****     2. Redistributions in binary form must reproduce the above copyright notice,
  17:User/main.c   ****        this list of conditions and the following disclaimer in the documentation
  18:User/main.c   ****        and/or other materials provided with the distribution.
  19:User/main.c   ****     3. Neither the name of the copyright holder nor the names of its contributors
  20:User/main.c   ****        may be used to endorse or promote products derived from this software without
  21:User/main.c   ****        specific prior written permission.
  22:User/main.c   **** 
  23:User/main.c   ****     THIS SOFTWARE IS PROVIDED BY THE COPYRIGHT HOLDERS AND CONTRIBUTORS "AS IS"
  24:User/main.c   **** AND ANY EXPRESS OR IMPLIED WARRANTIES, INCLUDING, BUT NOT LIMITED TO, THE IMPLIED
  25:User/main.c   **** WARRANTIES OF MERCHANTABILITY AND FITNESS FOR A PARTICULAR PURPOSE ARE DISCLAIMED.
  26:User/main.c   **** IN NO EVENT SHALL THE COPYRIGHT HOLDER OR CONTRIBUTORS BE LIABLE FOR ANY DIRECT,
  27:User/main.c   **** INDIRECT, INCIDENTAL, SPECIAL, EXEMPLARY, OR CONSEQUENTIAL DAMAGES (INCLUDING, BUT
  28:User/main.c   **** NOT LIMITED TO, PROCUREMENT OF SUBSTITUTE GOODS OR SERVICES; LOSS OF USE, DATA, OR
  29:User/main.c   **** PROFITS; OR BUSINESS INTERRUPTION) HOWEVER CAUSED AND ON ANY THEORY OF LIABILITY,
  30:User/main.c   **** WHETHER IN CONTRACT, STRICT LIABILITY, OR TORT (INCLUDING NEGLIGENCE OR OTHERWISE)
  31:User/main.c   **** ARISING IN ANY WAY OUT OF THE USE OF THIS SOFTWARE, EVEN IF ADVISED OF THE POSSIBILITY
  32:User/main.c   **** OF SUCH DAMAGE.
ARM GAS  C:\Users\ADMINI~1\AppData\Local\Temp\cct0XgkL.s 			page 2


  33:User/main.c   **** */
  34:User/main.c   **** 
  35:User/main.c   **** #include <stdio.h>
  36:User/main.c   **** #include "gd32f30x.h"
  37:User/main.c   **** #include "gd25qxx.h"
  38:User/main.c   **** #include "gd32f303e_eval.h"
  39:User/main.c   **** #include "bsp_lcd.h"
  40:User/main.c   **** #include "screenUI.h"
  41:User/main.c   **** #include "malloc.h"
  42:User/main.c   **** #include "timer.h"
  43:User/main.c   **** #include "usart.h"
  44:User/main.c   **** #include "display.h"
  45:User/main.c   **** #include "log.h"
  46:User/main.c   **** #include "GPU_PIC.h"
  47:User/main.c   **** #include "GPU_DAC.h"
  48:User/main.c   **** #include "GPU_SDIO.h"
  49:User/main.c   **** #include "BSP.h"
  50:User/main.c   **** #include "GPU_GPIO.h"
  51:User/main.c   **** #include "stdio.h"
  52:User/main.c   **** #include "chipiic.h"
  53:User/main.c   **** #include "ina220.h"
  54:User/main.c   **** #include "pll_freq_def.h"
  55:User/main.c   **** #include "mb.h"
  56:User/main.c   **** #include "mbport.h"
  57:User/main.c   **** #include "user_mb_app.h"
  58:User/main.c   **** #include "bspdrivermemory.h"
  59:User/main.c   **** #include "calibthread.h"
  60:User/main.c   **** #include "Function.h"
  61:User/main.c   **** #include "file_opration.h"
  62:User/main.c   **** #include "bsp_driver_sd.h"
  63:User/main.c   **** #include "fatfs.h"
  64:User/main.c   **** #include "dac5571.h"
  65:User/main.c   **** //#include "fontupd.h"
  66:User/main.c   **** #include "iap.h"
  67:User/main.c   **** #include "menu.h"
  68:User/main.c   **** #include "usartfifo.h"
  69:User/main.c   **** #include "ff.h"
  70:User/main.c   **** #include "fatfs.h"
  71:User/main.c   **** #include "GPU_Show.h"
  72:User/main.c   **** 
  73:User/main.c   **** 
  74:User/main.c   **** #define  SFLASH_ID                     0xEF4017
  75:User/main.c   **** #define  MAX_TASK			10
  76:User/main.c   **** #include  "uart_protocol.h"
  77:User/main.c   **** 
  78:User/main.c   **** uint8_t System_Ready;
  79:User/main.c   **** void Recevefile(void);
  80:User/main.c   **** void init_receivefile(void);
  81:User/main.c   **** 
  82:User/main.c   **** extern uint8_t Fatfs_init(uint8_t driver);
  83:User/main.c   **** extern uint32_t crcvalue;
  84:User/main.c   **** extern uint32_t crc_read;
  85:User/main.c   **** ErrStatus memory_compare(uint8_t *src, uint8_t *dst, uint16_t length);
  86:User/main.c   **** 
  87:User/main.c   **** void led_init(void);
  88:User/main.c   **** void bsp_Idle(void);
  89:User/main.c   **** void bsp_init(void);
ARM GAS  C:\Users\ADMINI~1\AppData\Local\Temp\cct0XgkL.s 			page 3


  90:User/main.c   **** void start_usb(void);
  91:User/main.c   **** void dis_usb (void);
  92:User/main.c   **** void start_usb(void);
  93:User/main.c   **** void app_fatfs_init(void);
  94:User/main.c   **** 
  95:User/main.c   **** extern uint8_t temp_read_data[14];
  96:User/main.c   **** 
  97:User/main.c   **** 
  98:User/main.c   **** 
  99:User/main.c   **** 
 100:User/main.c   **** ///************************************************************************************************
 101:User/main.c   **** // 函数名：bsp_init
 102:User/main.c   **** // 功能：初始化一些相关外设和必要的函数
 103:User/main.c   **** // 参数：无
 104:User/main.c   **** //返回：无
 105:User/main.c   **** //*************************************************************************************************
 106:User/main.c   **** void bsp_init(void)
 107:User/main.c   **** {
 108:User/main.c   ****     uint32_t flash_id = 0;
 109:User/main.c   ****     systick_config();   
 110:User/main.c   ****     gd_eval_com_init(EVAL_COM1);
 111:User/main.c   ****     gd_eval_com_init(EVAL_COM2);
 112:User/main.c   ****     gd_eval_com_init(EVAL_COM3);
 113:User/main.c   **** 		led_init();
 114:User/main.c   ****     time_config();
 115:User/main.c   ****     spi_flash_init();
 116:User/main.c   ****     GPIO_Configuration();
 117:User/main.c   ****     MCU_GPU_FSMCConfig();
 118:User/main.c   **** 	//modbusflag=0;
 119:User/main.c   **** 	if(modbusflag)
 120:User/main.c   **** 	{
 121:User/main.c   **** 		eMBInit( MB_RTU, 1, 0, 115200, MB_PAR_NONE);  //modbus init
 122:User/main.c   **** 		eMBEnable();
 123:User/main.c   **** 	}else
 124:User/main.c   **** 	{
 125:User/main.c   **** 		msgfifo_init();
 126:User/main.c   **** 		msg_init();	
 127:User/main.c   **** 	}
 128:User/main.c   ****     CHIP_IIC_Init();
 129:User/main.c   ****     MEMORY_Init();
 130:User/main.c   ****     InitDac();
 131:User/main.c   ****     Ina220_Iint();
 132:User/main.c   ****     flash_id = spi_flash_read_id();
 133:User/main.c   ****     if(flash_id == SFLASH_ID)
 134:User/main.c   ****     {
 135:User/main.c   ****         log_info("Flash init successfull");
 136:User/main.c   ****     }
 137:User/main.c   ****     else log_info("Flash init FAIL!!!");
 138:User/main.c   ****     read_pass_num(temp_read_data);
 139:User/main.c   **** }
 140:User/main.c   **** 
 141:User/main.c   **** ///************************************************************************************************
 142:User/main.c   **** // 函数名：main
 143:User/main.c   **** // 功能：入口函数
 144:User/main.c   **** // 参数：无
 145:User/main.c   **** //返回：无
 146:User/main.c   **** //*************************************************************************************************
ARM GAS  C:\Users\ADMINI~1\AppData\Local\Temp\cct0XgkL.s 			page 4


 147:User/main.c   **** //extern  _srtCalibInfor srtCalibInfor;
 148:User/main.c   **** uint32_t pixcolor[100]={0xff0000};
 149:User/main.c   **** int main(void)
 150:User/main.c   **** {
 151:User/main.c   **** 		UINT bw;
 152:User/main.c   **** 		FRESULT res;
 153:User/main.c   **** 		DISABLE_INT();
 154:User/main.c   ****     ENABLE_INT();
 155:User/main.c   ****     nvic_vector_table_set(NVIC_VECTTAB_FLASH, 0x10000);
 156:User/main.c   **** 	  System_Ready=0;
 157:User/main.c   ****     bsp_init();
 158:User/main.c   **** 	  ringbuffer_init();
 159:User/main.c   **** 		Fpga_Start();
 160:User/main.c   **** 	  mainInit();
 161:User/main.c   **** 		GPU_Beep(1);
 162:User/main.c   ****     O_PWR_5V_EN(1);
 163:User/main.c   **** 	GPU_SDIO_INIT();
 164:User/main.c   **** 	GPU_FindBmp();
 165:User/main.c   **** 	  //Gpu_Mcu_Fill(0,0,10,10,pixcolor);
 166:User/main.c   ****     GPU_PIC_Init();
 167:User/main.c   ****     CALIB_THREAD_Init();
 168:User/main.c   ****     Init_Alarm();
 169:User/main.c   ****     printf("\r\n#################################User Start######################################\r
 170:User/main.c   **** 	  printk("checktestnum%d \r\n",temp_read_data[0] << 8 | temp_read_data[1]);
 171:User/main.c   **** 
 172:User/main.c   **** 		FATFS_Init();
 173:User/main.c   ****     mem_init(SRAMIN);
 174:User/main.c   ****     log_info("SDCard :%d \r\n",Fatfs_init(SDCard));
 175:User/main.c   **** 		log_info("SPIFlash :%d \r\n",Fatfs_init(SPIFlash));
 176:User/main.c   **** 		// res=f_mount(NULL,"0:",1);
 177:User/main.c   **** 		// log_info("f_mount NULL :%d \r\n",res);
 178:User/main.c   **** 		// ShowBMP("0:\F01.BMP");
 179:User/main.c   ****     f_mount(NULL,"1:",1);
 180:User/main.c   ****     res=f_mount(&Flash,"1:",1);
 181:User/main.c   ****     if(res==FR_NO_FILESYSTEM)
 182:User/main.c   ****     {
 183:User/main.c   ****         res=f_mkfs("1:",0,0);
 184:User/main.c   ****         log_info("open %d \r\n",res);
 185:User/main.c   ****         f_mount(NULL,"1:",1);
 186:User/main.c   ****         f_mount(&Flash,"1:",1);
 187:User/main.c   ****         FIL fil;
 188:User/main.c   ****         res = f_open(&fil, "1:/test1.txt",FA_OPEN_ALWAYS|FA_WRITE|FA_READ);
 189:User/main.c   ****         log_info("open %d size %d\r\n",res,(uint32_t)f_size(&fil));
 190:User/main.c   ****         uint8_t buf[13]= {0};
 191:User/main.c   ****         uint8_t wrbuf[11]="hello word";
 192:User/main.c   ****         uint8_t mm[11];
 193:User/main.c   ****         int read_len;
 194:User/main.c   ****         for(int i=0 ; i<10; i++)
 195:User/main.c   ****         {
 196:User/main.c   ****             sprintf((char *)buf,"%s %d",wrbuf,i);
 197:User/main.c   ****             res = f_write(&fil, buf, sizeof(buf), &bw);
 198:User/main.c   ****             log_info("write %d len %d\r\n",res,bw);
 199:User/main.c   ****         }
 200:User/main.c   **** 
 201:User/main.c   ****         f_close(&fil);
 202:User/main.c   ****         res = f_open(&fil, "1:/test1.txt",FA_WRITE|FA_READ);
 203:User/main.c   ****         log_info("open %d size %d\r\n",res,(uint32_t)f_size(&fil));
ARM GAS  C:\Users\ADMINI~1\AppData\Local\Temp\cct0XgkL.s 			page 5


 204:User/main.c   **** 
 205:User/main.c   ****         for(int i=0 ; i<10; i++)
 206:User/main.c   ****         {
 207:User/main.c   ****             res = f_read(&fil,mm,13,(UINT *)&read_len);
 208:User/main.c   ****             log_info("read %s len %d res %d\r\n",(char*)mm,read_len,res);
 209:User/main.c   ****         }
 210:User/main.c   **** 
 211:User/main.c   **** 
 212:User/main.c   ****         f_close(&fil);
 213:User/main.c   ****         scan_files("1:");
 214:User/main.c   ****     }
 215:User/main.c   **** #if 0
 216:User/main.c   ****     FIL fil;
 217:User/main.c   ****     res = f_open(&fil, "1:/test2.txt",FA_OPEN_ALWAYS|FA_WRITE|FA_READ);
 218:User/main.c   ****     log_info("open %d size %d\r\n",res,f_size(&fil));
 219:User/main.c   ****     uint8_t buf[13]= {0};
 220:User/main.c   ****     uint8_t wrbuf[11]="hello word";
 221:User/main.c   ****     uint8_t mm[11];
 222:User/main.c   ****     int read_len;
 223:User/main.c   ****     for(int i=0 ; i<10; i++)
 224:User/main.c   ****     {
 225:User/main.c   ****         sprintf((char *)buf,"%s %d",wrbuf,i);
 226:User/main.c   ****         res = f_write(&fil, buf, sizeof(buf), &bw);
 227:User/main.c   ****         log_info("write %d len %d\r\n",res,bw);
 228:User/main.c   ****         //delay_1ms(20);
 229:User/main.c   ****     }
 230:User/main.c   **** 
 231:User/main.c   ****     f_close(&fil);
 232:User/main.c   ****     //f_lseek(&fil,0);
 233:User/main.c   ****     res = f_open(&fil, "1:/test1.txt",FA_WRITE|FA_READ);
 234:User/main.c   ****     log_info("open %d size %d\r\n",res,f_size(&fil));
 235:User/main.c   **** 
 236:User/main.c   ****     for(int i=0 ; i<12; i++)
 237:User/main.c   ****     {
 238:User/main.c   ****         res = f_read(&fil,mm,13,&read_len);
 239:User/main.c   ****         log_info("read %s len %d res %d\r\n",(char*)mm,read_len,res);
 240:User/main.c   ****         //delay_1ms(20);
 241:User/main.c   ****     }
 242:User/main.c   ****     f_close(&fil);
 243:User/main.c   **** #endif
 244:User/main.c   ****     scan_files("1:");
 245:User/main.c   ****     uint8_t cont[30]= {0};
 246:User/main.c   ****     for(int i=0; i<60; i++)
 247:User/main.c   ****     {
 248:User/main.c   ****         if(strcmp((char *)app_name[i],(char *)cont)==0)
 249:User/main.c   ****             break;
 250:User/main.c   ****         log_info("%s",app_name[i]);
 251:User/main.c   ****     }
 252:User/main.c   **** /*
 253:User/main.c   ****     app_fatfs_init();
 254:User/main.c   ****     res = Fatfs_open(SDCard, "UPDATA/app.bin", FA_OPEN_ALWAYS | FA_WRITE);
 255:User/main.c   ****    res = f_open(&fs, "0:/UPDATA/app.bin", FA_OPEN_ALWAYS | FA_WRITE);
 256:User/main.c   ****    if(res != FR_OK)
 257:User/main.c   ****    {
 258:User/main.c   ****        log_info("open file  operation fail!!");
 259:User/main.c   ****     }
 260:User/main.c   ****     else ;
ARM GAS  C:\Users\ADMINI~1\AppData\Local\Temp\cct0XgkL.s 			page 6


 261:User/main.c   ****     Main_Menu();  //测试YMODLE协议用
 262:User/main.c   ****     uint8_t *temp = (uint8_t *)0x8070000;
 263:User/main.c   ****     for(int i = 0; i < 200; i++)
 264:User/main.c   **** 		printf("number:[%03d  0x%02x ] ",i+1, temp[i]);
 265:User/main.c   **** */
 266:User/main.c   ****     ParameterDownload();
 267:User/main.c   ****     System_Ready=1;
 268:User/main.c   ****     while(1)
 269:User/main.c   ****     {
 270:User/main.c   ****         mainFunction();
 271:User/main.c   **** 		if(modbusflag)
 272:User/main.c   **** 		{
 273:User/main.c   ****         ( void )eMBPoll(  );
 274:User/main.c   **** 		}
 275:User/main.c   **** 		else
 276:User/main.c   **** 		{
 277:User/main.c   **** 			msg_read();
 278:User/main.c   **** 			
 279:User/main.c   **** 		}
 280:User/main.c   ****         CALIB_THREAD_Poll();
 281:User/main.c   **** //        measurement();
 282:User/main.c   **** 					ina220_poll();
 283:User/main.c   **** 					reportinfo();
 284:User/main.c   ****         led_poll();
 285:User/main.c   **** 			
 286:User/main.c   **** 				debug_read();			
 287:User/main.c   **** 				mbapp_poll(	);
 288:User/main.c   ****     }
 289:User/main.c   **** }
 290:User/main.c   **** 
 291:User/main.c   **** uint8_t crc = 0;
 292:User/main.c   **** uint8_t file_creatflag = 0;
 293:User/main.c   **** extern uint32_t firmware_size;
 294:User/main.c   **** void app_fatfs_init(void)
 295:User/main.c   **** {
  27              		.loc 1 295 1 view -0
  28              		.cfi_startproc
  29              		@ args = 0, pretend = 0, frame = 0
  30              		@ frame_needed = 0, uses_anonymous_args = 0
  31 0000 08B5     		push	{r3, lr}
  32              	.LCFI0:
  33              		.cfi_def_cfa_offset 8
  34              		.cfi_offset 3, -8
  35              		.cfi_offset 14, -4
 296:User/main.c   ****     MCU_GPU_ADDR = GPU_SDIO_CTRL;//enable sd ip
  36              		.loc 1 296 5 view .LVU1
  37              		.loc 1 296 18 is_stmt 0 view .LVU2
  38 0002 4FF0C043 		mov	r3, #1610612736
  39 0006 1022     		movs	r2, #16
  40 0008 1A80     		strh	r2, [r3]	@ movhi
 297:User/main.c   ****     MCU_GPU_DATA = 0x00;
  41              		.loc 1 297 5 is_stmt 1 view .LVU3
  42              		.loc 1 297 18 is_stmt 0 view .LVU4
  43 000a 03F58023 		add	r3, r3, #262144
  44 000e 0022     		movs	r2, #0
  45 0010 1A80     		strh	r2, [r3]	@ movhi
 298:User/main.c   ****     bsp_DelayMS(2);
ARM GAS  C:\Users\ADMINI~1\AppData\Local\Temp\cct0XgkL.s 			page 7


  46              		.loc 1 298 5 is_stmt 1 view .LVU5
  47 0012 0220     		movs	r0, #2
  48 0014 FFF7FEFF 		bl	bsp_DelayMS
  49              	.LVL0:
 299:User/main.c   ****     iap_init();
  50              		.loc 1 299 5 view .LVU6
  51 0018 FFF7FEFF 		bl	iap_init
  52              	.LVL1:
 300:User/main.c   **** }
  53              		.loc 1 300 1 is_stmt 0 view .LVU7
  54 001c 08BD     		pop	{r3, pc}
  55              		.cfi_endproc
  56              	.LFE121:
  58              		.section	.text.bsp_Idle,"ax",%progbits
  59              		.align	1
  60              		.global	bsp_Idle
  61              		.syntax unified
  62              		.thumb
  63              		.thumb_func
  65              	bsp_Idle:
  66              	.LFB122:
 301:User/main.c   **** 
 302:User/main.c   **** 
 303:User/main.c   **** 
 304:User/main.c   **** ///************************************************************************************************
 305:User/main.c   **** // 函数名：bsp_Idle
 306:User/main.c   **** // 功能：在bsp_DelayMS时会调用此函数
 307:User/main.c   **** // 参数：无
 308:User/main.c   **** //返回：无
 309:User/main.c   **** //*************************************************************************************************
 310:User/main.c   **** 
 311:User/main.c   **** 
 312:User/main.c   **** 
 313:User/main.c   **** 
 314:User/main.c   **** void bsp_Idle  (void)
 315:User/main.c   **** {
  67              		.loc 1 315 1 is_stmt 1 view -0
  68              		.cfi_startproc
  69              		@ args = 0, pretend = 0, frame = 0
  70              		@ frame_needed = 0, uses_anonymous_args = 0
  71 0000 08B5     		push	{r3, lr}
  72              	.LCFI1:
  73              		.cfi_def_cfa_offset 8
  74              		.cfi_offset 3, -8
  75              		.cfi_offset 14, -4
 316:User/main.c   ****     led_poll();
  76              		.loc 1 316 5 view .LVU9
  77 0002 FFF7FEFF 		bl	led_poll
  78              	.LVL2:
 317:User/main.c   **** 	  debug_read();	
  79              		.loc 1 317 4 view .LVU10
  80 0006 FFF7FEFF 		bl	debug_read
  81              	.LVL3:
 318:User/main.c   **** //		mainFunction();
 319:User/main.c   **** 		//( void )eMBPoll(  );
 320:User/main.c   **** 		CALIB_THREAD_Poll();
  82              		.loc 1 320 3 view .LVU11
ARM GAS  C:\Users\ADMINI~1\AppData\Local\Temp\cct0XgkL.s 			page 8


  83 000a FFF7FEFF 		bl	CALIB_THREAD_Poll
  84              	.LVL4:
 321:User/main.c   **** 		ina220_poll();
  85              		.loc 1 321 3 view .LVU12
  86 000e FFF7FEFF 		bl	ina220_poll
  87              	.LVL5:
 322:User/main.c   **** 		reportinfo();		
  88              		.loc 1 322 3 view .LVU13
  89 0012 FFF7FEFF 		bl	reportinfo
  90              	.LVL6:
 323:User/main.c   **** 		mbapp_poll(	);
  91              		.loc 1 323 3 view .LVU14
  92 0016 FFF7FEFF 		bl	mbapp_poll
  93              	.LVL7:
 324:User/main.c   **** }
  94              		.loc 1 324 1 is_stmt 0 view .LVU15
  95 001a 08BD     		pop	{r3, pc}
  96              		.cfi_endproc
  97              	.LFE122:
  99              		.section	.rodata.led_init.str1.4,"aMS",%progbits,1
 100              		.align	2
 101              	.LC0:
 102 0000 43583930 		.ascii	"CX900\000"
 102      3000
 103 0006 0000     		.align	2
 104              	.LC1:
 105 0008 25733A4C 		.ascii	"%s:LED init successfull\015\012\000"
 105      45442069 
 105      6E697420 
 105      73756363 
 105      65737366 
 106              		.section	.text.led_init,"ax",%progbits
 107              		.align	1
 108              		.global	led_init
 109              		.syntax unified
 110              		.thumb
 111              		.thumb_func
 113              	led_init:
 114              	.LFB123:
 325:User/main.c   **** 
 326:User/main.c   **** 
 327:User/main.c   **** ///************************************************************************************************
 328:User/main.c   **** // 函数名：led_init
 329:User/main.c   **** // 功能：初始化LED灯
 330:User/main.c   **** // 参数：无
 331:User/main.c   **** //返回：无
 332:User/main.c   **** //*************************************************************************************************
 333:User/main.c   **** 
 334:User/main.c   **** void led_init(void)
 335:User/main.c   **** {
 115              		.loc 1 335 1 is_stmt 1 view -0
 116              		.cfi_startproc
 117              		@ args = 0, pretend = 0, frame = 0
 118              		@ frame_needed = 0, uses_anonymous_args = 0
 119 0000 08B5     		push	{r3, lr}
 120              	.LCFI2:
 121              		.cfi_def_cfa_offset 8
ARM GAS  C:\Users\ADMINI~1\AppData\Local\Temp\cct0XgkL.s 			page 9


 122              		.cfi_offset 3, -8
 123              		.cfi_offset 14, -4
 336:User/main.c   ****     /* initialize the leds */
 337:User/main.c   ****     rcu_periph_clock_enable(RCU_GPIOB);
 124              		.loc 1 337 5 view .LVU17
 125 0002 40F20360 		movw	r0, #1539
 126 0006 FFF7FEFF 		bl	rcu_periph_clock_enable
 127              	.LVL8:
 338:User/main.c   ****     gpio_init(GPIOB, GPIO_MODE_OUT_PP, GPIO_OSPEED_50MHZ, GPIO_PIN_9);
 128              		.loc 1 338 5 view .LVU18
 129 000a 4FF40073 		mov	r3, #512
 130 000e 0322     		movs	r2, #3
 131 0010 1021     		movs	r1, #16
 132 0012 0448     		ldr	r0, .L7
 133 0014 FFF7FEFF 		bl	gpio_init
 134              	.LVL9:
 339:User/main.c   ****     log_info("LED init successfull");
 135              		.loc 1 339 5 view .LVU19
 136 0018 0349     		ldr	r1, .L7+4
 137 001a 0448     		ldr	r0, .L7+8
 138 001c FFF7FEFF 		bl	printf
 139              	.LVL10:
 340:User/main.c   **** }
 140              		.loc 1 340 1 is_stmt 0 view .LVU20
 141 0020 08BD     		pop	{r3, pc}
 142              	.L8:
 143 0022 00BF     		.align	2
 144              	.L7:
 145 0024 000C0140 		.word	1073810432
 146 0028 00000000 		.word	.LC0
 147 002c 08000000 		.word	.LC1
 148              		.cfi_endproc
 149              	.LFE123:
 151              		.section	.rodata.bsp_init.str1.4,"aMS",%progbits,1
 152              		.align	2
 153              	.LC2:
 154 0000 25733A46 		.ascii	"%s:Flash init successfull\015\012\000"
 154      6C617368 
 154      20696E69 
 154      74207375 
 154      63636573 
 155              		.align	2
 156              	.LC3:
 157 001c 25733A46 		.ascii	"%s:Flash init FAIL!!!\015\012\000"
 157      6C617368 
 157      20696E69 
 157      74204641 
 157      494C2121 
 158              		.section	.text.bsp_init,"ax",%progbits
 159              		.align	1
 160              		.global	bsp_init
 161              		.syntax unified
 162              		.thumb
 163              		.thumb_func
 165              	bsp_init:
 166              	.LFB119:
 107:User/main.c   ****     uint32_t flash_id = 0;
ARM GAS  C:\Users\ADMINI~1\AppData\Local\Temp\cct0XgkL.s 			page 10


 167              		.loc 1 107 1 is_stmt 1 view -0
 168              		.cfi_startproc
 169              		@ args = 0, pretend = 0, frame = 0
 170              		@ frame_needed = 0, uses_anonymous_args = 0
 171 0000 00B5     		push	{lr}
 172              	.LCFI3:
 173              		.cfi_def_cfa_offset 4
 174              		.cfi_offset 14, -4
 175 0002 83B0     		sub	sp, sp, #12
 176              	.LCFI4:
 177              		.cfi_def_cfa_offset 16
 108:User/main.c   ****     systick_config();   
 178              		.loc 1 108 5 view .LVU22
 179              	.LVL11:
 109:User/main.c   ****     gd_eval_com_init(EVAL_COM1);
 180              		.loc 1 109 5 view .LVU23
 181 0004 FFF7FEFF 		bl	systick_config
 182              	.LVL12:
 110:User/main.c   ****     gd_eval_com_init(EVAL_COM2);
 183              		.loc 1 110 5 view .LVU24
 184 0008 1E48     		ldr	r0, .L15
 185 000a FFF7FEFF 		bl	gd_eval_com_init
 186              	.LVL13:
 111:User/main.c   ****     gd_eval_com_init(EVAL_COM3);
 187              		.loc 1 111 5 view .LVU25
 188 000e 1E48     		ldr	r0, .L15+4
 189 0010 FFF7FEFF 		bl	gd_eval_com_init
 190              	.LVL14:
 112:User/main.c   **** 		led_init();
 191              		.loc 1 112 5 view .LVU26
 192 0014 1D48     		ldr	r0, .L15+8
 193 0016 FFF7FEFF 		bl	gd_eval_com_init
 194              	.LVL15:
 113:User/main.c   ****     time_config();
 195              		.loc 1 113 3 view .LVU27
 196 001a FFF7FEFF 		bl	led_init
 197              	.LVL16:
 114:User/main.c   ****     spi_flash_init();
 198              		.loc 1 114 5 view .LVU28
 199 001e FFF7FEFF 		bl	time_config
 200              	.LVL17:
 115:User/main.c   ****     GPIO_Configuration();
 201              		.loc 1 115 5 view .LVU29
 202 0022 FFF7FEFF 		bl	spi_flash_init
 203              	.LVL18:
 116:User/main.c   ****     MCU_GPU_FSMCConfig();
 204              		.loc 1 116 5 view .LVU30
 205 0026 FFF7FEFF 		bl	GPIO_Configuration
 206              	.LVL19:
 117:User/main.c   **** 	//modbusflag=0;
 207              		.loc 1 117 5 view .LVU31
 208 002a FFF7FEFF 		bl	MCU_GPU_FSMCConfig
 209              	.LVL20:
 119:User/main.c   **** 	{
 210              		.loc 1 119 2 view .LVU32
 119:User/main.c   **** 	{
 211              		.loc 1 119 5 is_stmt 0 view .LVU33
ARM GAS  C:\Users\ADMINI~1\AppData\Local\Temp\cct0XgkL.s 			page 11


 212 002e 184B     		ldr	r3, .L15+12
 119:User/main.c   **** 	{
 213              		.loc 1 119 4 view .LVU34
 214 0030 1B78     		ldrb	r3, [r3]	@ zero_extendqisi2
 215 0032 0BB3     		cbz	r3, .L10
 121:User/main.c   **** 		eMBEnable();
 216              		.loc 1 121 3 is_stmt 1 view .LVU35
 217 0034 0020     		movs	r0, #0
 218 0036 0090     		str	r0, [sp]
 219 0038 4FF4E133 		mov	r3, #115200
 220 003c 0246     		mov	r2, r0
 221 003e 0121     		movs	r1, #1
 222 0040 FFF7FEFF 		bl	eMBInit
 223              	.LVL21:
 122:User/main.c   **** 	}else
 224              		.loc 1 122 3 view .LVU36
 225 0044 FFF7FEFF 		bl	eMBEnable
 226              	.LVL22:
 227              	.L11:
 128:User/main.c   ****     MEMORY_Init();
 228              		.loc 1 128 5 view .LVU37
 229 0048 FFF7FEFF 		bl	CHIP_IIC_Init
 230              	.LVL23:
 129:User/main.c   ****     InitDac();
 231              		.loc 1 129 5 view .LVU38
 232 004c FFF7FEFF 		bl	MEMORY_Init
 233              	.LVL24:
 130:User/main.c   ****     Ina220_Iint();
 234              		.loc 1 130 5 view .LVU39
 235 0050 FFF7FEFF 		bl	InitDac
 236              	.LVL25:
 131:User/main.c   ****     flash_id = spi_flash_read_id();
 237              		.loc 1 131 5 view .LVU40
 238 0054 FFF7FEFF 		bl	Ina220_Iint
 239              	.LVL26:
 132:User/main.c   ****     if(flash_id == SFLASH_ID)
 240              		.loc 1 132 5 view .LVU41
 132:User/main.c   ****     if(flash_id == SFLASH_ID)
 241              		.loc 1 132 16 is_stmt 0 view .LVU42
 242 0058 FFF7FEFF 		bl	spi_flash_read_id
 243              	.LVL27:
 133:User/main.c   ****     {
 244              		.loc 1 133 5 is_stmt 1 view .LVU43
 133:User/main.c   ****     {
 245              		.loc 1 133 7 is_stmt 0 view .LVU44
 246 005c 0D4B     		ldr	r3, .L15+16
 247 005e 9842     		cmp	r0, r3
 135:User/main.c   ****     }
 248              		.loc 1 135 9 is_stmt 1 view .LVU45
 249 0060 0D49     		ldr	r1, .L15+20
 250 0062 0CBF     		ite	eq
 251 0064 0D48     		ldreq	r0, .L15+24
 252              	.LVL28:
 137:User/main.c   ****     read_pass_num(temp_read_data);
 253              		.loc 1 137 10 view .LVU46
 254 0066 0E48     		ldrne	r0, .L15+28
 255 0068 FFF7FEFF 		bl	printf
ARM GAS  C:\Users\ADMINI~1\AppData\Local\Temp\cct0XgkL.s 			page 12


 256              	.LVL29:
 138:User/main.c   **** }
 257              		.loc 1 138 5 view .LVU47
 258 006c 0D48     		ldr	r0, .L15+32
 259 006e FFF7FEFF 		bl	read_pass_num
 260              	.LVL30:
 139:User/main.c   **** 
 261              		.loc 1 139 1 is_stmt 0 view .LVU48
 262 0072 03B0     		add	sp, sp, #12
 263              	.LCFI5:
 264              		.cfi_remember_state
 265              		.cfi_def_cfa_offset 4
 266              		@ sp needed
 267 0074 5DF804FB 		ldr	pc, [sp], #4
 268              	.LVL31:
 269              	.L10:
 270              	.LCFI6:
 271              		.cfi_restore_state
 125:User/main.c   **** 		msg_init();	
 272              		.loc 1 125 3 is_stmt 1 view .LVU49
 273 0078 FFF7FEFF 		bl	msgfifo_init
 274              	.LVL32:
 126:User/main.c   **** 	}
 275              		.loc 1 126 3 view .LVU50
 276 007c FFF7FEFF 		bl	msg_init
 277              	.LVL33:
 278 0080 E2E7     		b	.L11
 279              	.L16:
 280 0082 00BF     		.align	2
 281              	.L15:
 282 0084 00380140 		.word	1073821696
 283 0088 00440040 		.word	1073759232
 284 008c 00480040 		.word	1073760256
 285 0090 00000000 		.word	modbusflag
 286 0094 1740EF00 		.word	15679511
 287 0098 00000000 		.word	.LC0
 288 009c 00000000 		.word	.LC2
 289 00a0 1C000000 		.word	.LC3
 290 00a4 00000000 		.word	temp_read_data
 291              		.cfi_endproc
 292              	.LFE119:
 294              		.section	.rodata.main.str1.4,"aMS",%progbits,1
 295              		.align	2
 296              	.LC4:
 297 0000 0D0A2323 		.ascii	"\015\012#################################User Start"
 297      23232323 
 297      23232323 
 297      23232323 
 297      23232323 
 298 002d 23232323 		.ascii	"######################################\015\000"
 298      23232323 
 298      23232323 
 298      23232323 
 298      23232323 
 299 0055 000000   		.align	2
 300              	.LC5:
 301 0058 63686563 		.ascii	"checktestnum%d \015\012\000"
ARM GAS  C:\Users\ADMINI~1\AppData\Local\Temp\cct0XgkL.s 			page 13


 301      6B746573 
 301      746E756D 
 301      2564200D 
 301      0A00
 302 006a 0000     		.align	2
 303              	.LC6:
 304 006c 25733A53 		.ascii	"%s:SDCard :%d \015\012\015\012\000"
 304      44436172 
 304      64203A25 
 304      64200D0A 
 304      0D0A00
 305 007f 00       		.align	2
 306              	.LC7:
 307 0080 25733A53 		.ascii	"%s:SPIFlash :%d \015\012\015\012\000"
 307      5049466C 
 307      61736820 
 307      3A256420 
 307      0D0A0D0A 
 308 0095 000000   		.align	2
 309              	.LC8:
 310 0098 313A00   		.ascii	"1:\000"
 311 009b 00       		.align	2
 312              	.LC9:
 313 009c 25733A6F 		.ascii	"%s:open %d \015\012\015\012\000"
 313      70656E20 
 313      2564200D 
 313      0A0D0A00 
 314              		.align	2
 315              	.LC10:
 316 00ac 313A2F74 		.ascii	"1:/test1.txt\000"
 316      65737431 
 316      2E747874 
 316      00
 317 00b9 000000   		.align	2
 318              	.LC11:
 319 00bc 25733A6F 		.ascii	"%s:open %d size %d\015\012\015\012\000"
 319      70656E20 
 319      25642073 
 319      697A6520 
 319      25640D0A 
 320 00d3 00       		.align	2
 321              	.LC13:
 322 00d4 25732025 		.ascii	"%s %d\000"
 322      6400
 323 00da 0000     		.align	2
 324              	.LC14:
 325 00dc 25733A77 		.ascii	"%s:write %d len %d\015\012\015\012\000"
 325      72697465 
 325      20256420 
 325      6C656E20 
 325      25640D0A 
 326 00f3 00       		.align	2
 327              	.LC15:
 328 00f4 25733A72 		.ascii	"%s:read %s len %d res %d\015\012\015\012\000"
 328      65616420 
 328      2573206C 
 328      656E2025 
ARM GAS  C:\Users\ADMINI~1\AppData\Local\Temp\cct0XgkL.s 			page 14


 328      64207265 
 329 0111 000000   		.align	2
 330              	.LC16:
 331 0114 25733A25 		.ascii	"%s:%s\015\012\000"
 331      730D0A00 
 332              		.align	2
 333              	.LC12:
 334 011c 68656C6C 		.ascii	"hello word\000"
 334      6F20776F 
 334      726400
 335              		.section	.text.main,"ax",%progbits
 336              		.align	1
 337              		.global	main
 338              		.syntax unified
 339              		.thumb
 340              		.thumb_func
 342              	main:
 343              	.LFB120:
 150:User/main.c   **** 		UINT bw;
 344              		.loc 1 150 1 view -0
 345              		.cfi_startproc
 346              		@ args = 0, pretend = 0, frame = 4248
 347              		@ frame_needed = 0, uses_anonymous_args = 0
 348 0000 F0B5     		push	{r4, r5, r6, r7, lr}
 349              	.LCFI7:
 350              		.cfi_def_cfa_offset 20
 351              		.cfi_offset 4, -20
 352              		.cfi_offset 5, -16
 353              		.cfi_offset 6, -12
 354              		.cfi_offset 7, -8
 355              		.cfi_offset 14, -4
 356 0002 ADF5855D 		sub	sp, sp, #4256
 357              	.LCFI8:
 358              		.cfi_def_cfa_offset 4276
 359 0006 81B0     		sub	sp, sp, #4
 360              	.LCFI9:
 361              		.cfi_def_cfa_offset 4280
 151:User/main.c   **** 		FRESULT res;
 362              		.loc 1 151 3 view .LVU52
 152:User/main.c   **** 		DISABLE_INT();
 363              		.loc 1 152 3 view .LVU53
 153:User/main.c   ****     ENABLE_INT();
 364              		.loc 1 153 3 view .LVU54
 365              	.LVL34:
 366              	.LBB10:
 367              	.LBI10:
 368              		.file 2 "Firmware/CMSIS/core_cmFunc.h"
   1:Firmware/CMSIS/core_cmFunc.h **** /**************************************************************************//**
   2:Firmware/CMSIS/core_cmFunc.h ****  * @file     core_cmFunc.h
   3:Firmware/CMSIS/core_cmFunc.h ****  * @brief    CMSIS Cortex-M Core Function Access Header File
   4:Firmware/CMSIS/core_cmFunc.h ****  * @version  V3.01
   5:Firmware/CMSIS/core_cmFunc.h ****  * @date     06. March 2012
   6:Firmware/CMSIS/core_cmFunc.h ****  *
   7:Firmware/CMSIS/core_cmFunc.h ****  * @note
   8:Firmware/CMSIS/core_cmFunc.h ****  * Copyright (C) 2009-2012 ARM Limited. All rights reserved.
   9:Firmware/CMSIS/core_cmFunc.h ****  *
  10:Firmware/CMSIS/core_cmFunc.h ****  * @par
ARM GAS  C:\Users\ADMINI~1\AppData\Local\Temp\cct0XgkL.s 			page 15


  11:Firmware/CMSIS/core_cmFunc.h ****  * ARM Limited (ARM) is supplying this software for use with Cortex-M
  12:Firmware/CMSIS/core_cmFunc.h ****  * processor based microcontrollers.  This file can be freely distributed
  13:Firmware/CMSIS/core_cmFunc.h ****  * within development tools that are supporting such ARM based processors.
  14:Firmware/CMSIS/core_cmFunc.h ****  *
  15:Firmware/CMSIS/core_cmFunc.h ****  * @par
  16:Firmware/CMSIS/core_cmFunc.h ****  * THIS SOFTWARE IS PROVIDED "AS IS".  NO WARRANTIES, WHETHER EXPRESS, IMPLIED
  17:Firmware/CMSIS/core_cmFunc.h ****  * OR STATUTORY, INCLUDING, BUT NOT LIMITED TO, IMPLIED WARRANTIES OF
  18:Firmware/CMSIS/core_cmFunc.h ****  * MERCHANTABILITY AND FITNESS FOR A PARTICULAR PURPOSE APPLY TO THIS SOFTWARE.
  19:Firmware/CMSIS/core_cmFunc.h ****  * ARM SHALL NOT, IN ANY CIRCUMSTANCES, BE LIABLE FOR SPECIAL, INCIDENTAL, OR
  20:Firmware/CMSIS/core_cmFunc.h ****  * CONSEQUENTIAL DAMAGES, FOR ANY REASON WHATSOEVER.
  21:Firmware/CMSIS/core_cmFunc.h ****  *
  22:Firmware/CMSIS/core_cmFunc.h ****  ******************************************************************************/
  23:Firmware/CMSIS/core_cmFunc.h **** 
  24:Firmware/CMSIS/core_cmFunc.h **** #ifndef __CORE_CMFUNC_H
  25:Firmware/CMSIS/core_cmFunc.h **** #define __CORE_CMFUNC_H
  26:Firmware/CMSIS/core_cmFunc.h **** 
  27:Firmware/CMSIS/core_cmFunc.h **** 
  28:Firmware/CMSIS/core_cmFunc.h **** /* ###########################  Core Function Access  ########################### */
  29:Firmware/CMSIS/core_cmFunc.h **** /** \ingroup  CMSIS_Core_FunctionInterface
  30:Firmware/CMSIS/core_cmFunc.h ****     \defgroup CMSIS_Core_RegAccFunctions CMSIS Core Register Access Functions
  31:Firmware/CMSIS/core_cmFunc.h ****   @{
  32:Firmware/CMSIS/core_cmFunc.h ****  */
  33:Firmware/CMSIS/core_cmFunc.h **** 
  34:Firmware/CMSIS/core_cmFunc.h **** #if   defined ( __CC_ARM ) /*------------------RealView Compiler -----------------*/
  35:Firmware/CMSIS/core_cmFunc.h **** /* ARM armcc specific functions */
  36:Firmware/CMSIS/core_cmFunc.h **** 
  37:Firmware/CMSIS/core_cmFunc.h **** #if (__ARMCC_VERSION < 400677)
  38:Firmware/CMSIS/core_cmFunc.h ****   #error "Please use ARM Compiler Toolchain V4.0.677 or later!"
  39:Firmware/CMSIS/core_cmFunc.h **** #endif
  40:Firmware/CMSIS/core_cmFunc.h **** 
  41:Firmware/CMSIS/core_cmFunc.h **** /* intrinsic void __enable_irq();     */
  42:Firmware/CMSIS/core_cmFunc.h **** /* intrinsic void __disable_irq();    */
  43:Firmware/CMSIS/core_cmFunc.h **** 
  44:Firmware/CMSIS/core_cmFunc.h **** /** \brief  Get Control Register
  45:Firmware/CMSIS/core_cmFunc.h **** 
  46:Firmware/CMSIS/core_cmFunc.h ****     This function returns the content of the Control Register.
  47:Firmware/CMSIS/core_cmFunc.h **** 
  48:Firmware/CMSIS/core_cmFunc.h ****     \return               Control Register value
  49:Firmware/CMSIS/core_cmFunc.h ****  */
  50:Firmware/CMSIS/core_cmFunc.h **** __STATIC_INLINE uint32_t __get_CONTROL(void)
  51:Firmware/CMSIS/core_cmFunc.h **** {
  52:Firmware/CMSIS/core_cmFunc.h ****   register uint32_t __regControl         __ASM("control");
  53:Firmware/CMSIS/core_cmFunc.h ****   return(__regControl);
  54:Firmware/CMSIS/core_cmFunc.h **** }
  55:Firmware/CMSIS/core_cmFunc.h **** 
  56:Firmware/CMSIS/core_cmFunc.h **** 
  57:Firmware/CMSIS/core_cmFunc.h **** /** \brief  Set Control Register
  58:Firmware/CMSIS/core_cmFunc.h **** 
  59:Firmware/CMSIS/core_cmFunc.h ****     This function writes the given value to the Control Register.
  60:Firmware/CMSIS/core_cmFunc.h **** 
  61:Firmware/CMSIS/core_cmFunc.h ****     \param [in]    control  Control Register value to set
  62:Firmware/CMSIS/core_cmFunc.h ****  */
  63:Firmware/CMSIS/core_cmFunc.h **** __STATIC_INLINE void __set_CONTROL(uint32_t control)
  64:Firmware/CMSIS/core_cmFunc.h **** {
  65:Firmware/CMSIS/core_cmFunc.h ****   register uint32_t __regControl         __ASM("control");
  66:Firmware/CMSIS/core_cmFunc.h ****   __regControl = control;
  67:Firmware/CMSIS/core_cmFunc.h **** }
ARM GAS  C:\Users\ADMINI~1\AppData\Local\Temp\cct0XgkL.s 			page 16


  68:Firmware/CMSIS/core_cmFunc.h **** 
  69:Firmware/CMSIS/core_cmFunc.h **** 
  70:Firmware/CMSIS/core_cmFunc.h **** /** \brief  Get IPSR Register
  71:Firmware/CMSIS/core_cmFunc.h **** 
  72:Firmware/CMSIS/core_cmFunc.h ****     This function returns the content of the IPSR Register.
  73:Firmware/CMSIS/core_cmFunc.h **** 
  74:Firmware/CMSIS/core_cmFunc.h ****     \return               IPSR Register value
  75:Firmware/CMSIS/core_cmFunc.h ****  */
  76:Firmware/CMSIS/core_cmFunc.h **** __STATIC_INLINE uint32_t __get_IPSR(void)
  77:Firmware/CMSIS/core_cmFunc.h **** {
  78:Firmware/CMSIS/core_cmFunc.h ****   register uint32_t __regIPSR          __ASM("ipsr");
  79:Firmware/CMSIS/core_cmFunc.h ****   return(__regIPSR);
  80:Firmware/CMSIS/core_cmFunc.h **** }
  81:Firmware/CMSIS/core_cmFunc.h **** 
  82:Firmware/CMSIS/core_cmFunc.h **** 
  83:Firmware/CMSIS/core_cmFunc.h **** /** \brief  Get APSR Register
  84:Firmware/CMSIS/core_cmFunc.h **** 
  85:Firmware/CMSIS/core_cmFunc.h ****     This function returns the content of the APSR Register.
  86:Firmware/CMSIS/core_cmFunc.h **** 
  87:Firmware/CMSIS/core_cmFunc.h ****     \return               APSR Register value
  88:Firmware/CMSIS/core_cmFunc.h ****  */
  89:Firmware/CMSIS/core_cmFunc.h **** __STATIC_INLINE uint32_t __get_APSR(void)
  90:Firmware/CMSIS/core_cmFunc.h **** {
  91:Firmware/CMSIS/core_cmFunc.h ****   register uint32_t __regAPSR          __ASM("apsr");
  92:Firmware/CMSIS/core_cmFunc.h ****   return(__regAPSR);
  93:Firmware/CMSIS/core_cmFunc.h **** }
  94:Firmware/CMSIS/core_cmFunc.h **** 
  95:Firmware/CMSIS/core_cmFunc.h **** 
  96:Firmware/CMSIS/core_cmFunc.h **** /** \brief  Get xPSR Register
  97:Firmware/CMSIS/core_cmFunc.h **** 
  98:Firmware/CMSIS/core_cmFunc.h ****     This function returns the content of the xPSR Register.
  99:Firmware/CMSIS/core_cmFunc.h **** 
 100:Firmware/CMSIS/core_cmFunc.h ****     \return               xPSR Register value
 101:Firmware/CMSIS/core_cmFunc.h ****  */
 102:Firmware/CMSIS/core_cmFunc.h **** __STATIC_INLINE uint32_t __get_xPSR(void)
 103:Firmware/CMSIS/core_cmFunc.h **** {
 104:Firmware/CMSIS/core_cmFunc.h ****   register uint32_t __regXPSR          __ASM("xpsr");
 105:Firmware/CMSIS/core_cmFunc.h ****   return(__regXPSR);
 106:Firmware/CMSIS/core_cmFunc.h **** }
 107:Firmware/CMSIS/core_cmFunc.h **** 
 108:Firmware/CMSIS/core_cmFunc.h **** 
 109:Firmware/CMSIS/core_cmFunc.h **** /** \brief  Get Process Stack Pointer
 110:Firmware/CMSIS/core_cmFunc.h **** 
 111:Firmware/CMSIS/core_cmFunc.h ****     This function returns the current value of the Process Stack Pointer (PSP).
 112:Firmware/CMSIS/core_cmFunc.h **** 
 113:Firmware/CMSIS/core_cmFunc.h ****     \return               PSP Register value
 114:Firmware/CMSIS/core_cmFunc.h ****  */
 115:Firmware/CMSIS/core_cmFunc.h **** __STATIC_INLINE uint32_t __get_PSP(void)
 116:Firmware/CMSIS/core_cmFunc.h **** {
 117:Firmware/CMSIS/core_cmFunc.h ****   register uint32_t __regProcessStackPointer  __ASM("psp");
 118:Firmware/CMSIS/core_cmFunc.h ****   return(__regProcessStackPointer);
 119:Firmware/CMSIS/core_cmFunc.h **** }
 120:Firmware/CMSIS/core_cmFunc.h **** 
 121:Firmware/CMSIS/core_cmFunc.h **** 
 122:Firmware/CMSIS/core_cmFunc.h **** /** \brief  Set Process Stack Pointer
 123:Firmware/CMSIS/core_cmFunc.h **** 
 124:Firmware/CMSIS/core_cmFunc.h ****     This function assigns the given value to the Process Stack Pointer (PSP).
ARM GAS  C:\Users\ADMINI~1\AppData\Local\Temp\cct0XgkL.s 			page 17


 125:Firmware/CMSIS/core_cmFunc.h **** 
 126:Firmware/CMSIS/core_cmFunc.h ****     \param [in]    topOfProcStack  Process Stack Pointer value to set
 127:Firmware/CMSIS/core_cmFunc.h ****  */
 128:Firmware/CMSIS/core_cmFunc.h **** __STATIC_INLINE void __set_PSP(uint32_t topOfProcStack)
 129:Firmware/CMSIS/core_cmFunc.h **** {
 130:Firmware/CMSIS/core_cmFunc.h ****   register uint32_t __regProcessStackPointer  __ASM("psp");
 131:Firmware/CMSIS/core_cmFunc.h ****   __regProcessStackPointer = topOfProcStack;
 132:Firmware/CMSIS/core_cmFunc.h **** }
 133:Firmware/CMSIS/core_cmFunc.h **** 
 134:Firmware/CMSIS/core_cmFunc.h **** 
 135:Firmware/CMSIS/core_cmFunc.h **** /** \brief  Get Main Stack Pointer
 136:Firmware/CMSIS/core_cmFunc.h **** 
 137:Firmware/CMSIS/core_cmFunc.h ****     This function returns the current value of the Main Stack Pointer (MSP).
 138:Firmware/CMSIS/core_cmFunc.h **** 
 139:Firmware/CMSIS/core_cmFunc.h ****     \return               MSP Register value
 140:Firmware/CMSIS/core_cmFunc.h ****  */
 141:Firmware/CMSIS/core_cmFunc.h **** __STATIC_INLINE uint32_t __get_MSP(void)
 142:Firmware/CMSIS/core_cmFunc.h **** {
 143:Firmware/CMSIS/core_cmFunc.h ****   register uint32_t __regMainStackPointer     __ASM("msp");
 144:Firmware/CMSIS/core_cmFunc.h ****   return(__regMainStackPointer);
 145:Firmware/CMSIS/core_cmFunc.h **** }
 146:Firmware/CMSIS/core_cmFunc.h **** 
 147:Firmware/CMSIS/core_cmFunc.h **** 
 148:Firmware/CMSIS/core_cmFunc.h **** /** \brief  Set Main Stack Pointer
 149:Firmware/CMSIS/core_cmFunc.h **** 
 150:Firmware/CMSIS/core_cmFunc.h ****     This function assigns the given value to the Main Stack Pointer (MSP).
 151:Firmware/CMSIS/core_cmFunc.h **** 
 152:Firmware/CMSIS/core_cmFunc.h ****     \param [in]    topOfMainStack  Main Stack Pointer value to set
 153:Firmware/CMSIS/core_cmFunc.h ****  */
 154:Firmware/CMSIS/core_cmFunc.h **** __STATIC_INLINE void __set_MSP(uint32_t topOfMainStack)
 155:Firmware/CMSIS/core_cmFunc.h **** {
 156:Firmware/CMSIS/core_cmFunc.h ****   register uint32_t __regMainStackPointer     __ASM("msp");
 157:Firmware/CMSIS/core_cmFunc.h ****   __regMainStackPointer = topOfMainStack;
 158:Firmware/CMSIS/core_cmFunc.h **** }
 159:Firmware/CMSIS/core_cmFunc.h **** 
 160:Firmware/CMSIS/core_cmFunc.h **** 
 161:Firmware/CMSIS/core_cmFunc.h **** /** \brief  Get Priority Mask
 162:Firmware/CMSIS/core_cmFunc.h **** 
 163:Firmware/CMSIS/core_cmFunc.h ****     This function returns the current state of the priority mask bit from the Priority Mask Registe
 164:Firmware/CMSIS/core_cmFunc.h **** 
 165:Firmware/CMSIS/core_cmFunc.h ****     \return               Priority Mask value
 166:Firmware/CMSIS/core_cmFunc.h ****  */
 167:Firmware/CMSIS/core_cmFunc.h **** __STATIC_INLINE uint32_t __get_PRIMASK(void)
 168:Firmware/CMSIS/core_cmFunc.h **** {
 169:Firmware/CMSIS/core_cmFunc.h ****   register uint32_t __regPriMask         __ASM("primask");
 170:Firmware/CMSIS/core_cmFunc.h ****   return(__regPriMask);
 171:Firmware/CMSIS/core_cmFunc.h **** }
 172:Firmware/CMSIS/core_cmFunc.h **** 
 173:Firmware/CMSIS/core_cmFunc.h **** 
 174:Firmware/CMSIS/core_cmFunc.h **** /** \brief  Set Priority Mask
 175:Firmware/CMSIS/core_cmFunc.h **** 
 176:Firmware/CMSIS/core_cmFunc.h ****     This function assigns the given value to the Priority Mask Register.
 177:Firmware/CMSIS/core_cmFunc.h **** 
 178:Firmware/CMSIS/core_cmFunc.h ****     \param [in]    priMask  Priority Mask
 179:Firmware/CMSIS/core_cmFunc.h ****  */
 180:Firmware/CMSIS/core_cmFunc.h **** __STATIC_INLINE void __set_PRIMASK(uint32_t priMask)
 181:Firmware/CMSIS/core_cmFunc.h **** {
ARM GAS  C:\Users\ADMINI~1\AppData\Local\Temp\cct0XgkL.s 			page 18


 182:Firmware/CMSIS/core_cmFunc.h ****   register uint32_t __regPriMask         __ASM("primask");
 183:Firmware/CMSIS/core_cmFunc.h ****   __regPriMask = (priMask);
 184:Firmware/CMSIS/core_cmFunc.h **** }
 185:Firmware/CMSIS/core_cmFunc.h **** 
 186:Firmware/CMSIS/core_cmFunc.h **** 
 187:Firmware/CMSIS/core_cmFunc.h **** #if       (__CORTEX_M >= 0x03)
 188:Firmware/CMSIS/core_cmFunc.h **** 
 189:Firmware/CMSIS/core_cmFunc.h **** /** \brief  Enable FIQ
 190:Firmware/CMSIS/core_cmFunc.h **** 
 191:Firmware/CMSIS/core_cmFunc.h ****     This function enables FIQ interrupts by clearing the F-bit in the CPSR.
 192:Firmware/CMSIS/core_cmFunc.h ****     Can only be executed in Privileged modes.
 193:Firmware/CMSIS/core_cmFunc.h ****  */
 194:Firmware/CMSIS/core_cmFunc.h **** #define __enable_fault_irq                __enable_fiq
 195:Firmware/CMSIS/core_cmFunc.h **** 
 196:Firmware/CMSIS/core_cmFunc.h **** 
 197:Firmware/CMSIS/core_cmFunc.h **** /** \brief  Disable FIQ
 198:Firmware/CMSIS/core_cmFunc.h **** 
 199:Firmware/CMSIS/core_cmFunc.h ****     This function disables FIQ interrupts by setting the F-bit in the CPSR.
 200:Firmware/CMSIS/core_cmFunc.h ****     Can only be executed in Privileged modes.
 201:Firmware/CMSIS/core_cmFunc.h ****  */
 202:Firmware/CMSIS/core_cmFunc.h **** #define __disable_fault_irq               __disable_fiq
 203:Firmware/CMSIS/core_cmFunc.h **** 
 204:Firmware/CMSIS/core_cmFunc.h **** 
 205:Firmware/CMSIS/core_cmFunc.h **** /** \brief  Get Base Priority
 206:Firmware/CMSIS/core_cmFunc.h **** 
 207:Firmware/CMSIS/core_cmFunc.h ****     This function returns the current value of the Base Priority register.
 208:Firmware/CMSIS/core_cmFunc.h **** 
 209:Firmware/CMSIS/core_cmFunc.h ****     \return               Base Priority register value
 210:Firmware/CMSIS/core_cmFunc.h ****  */
 211:Firmware/CMSIS/core_cmFunc.h **** __STATIC_INLINE uint32_t  __get_BASEPRI(void)
 212:Firmware/CMSIS/core_cmFunc.h **** {
 213:Firmware/CMSIS/core_cmFunc.h ****   register uint32_t __regBasePri         __ASM("basepri");
 214:Firmware/CMSIS/core_cmFunc.h ****   return(__regBasePri);
 215:Firmware/CMSIS/core_cmFunc.h **** }
 216:Firmware/CMSIS/core_cmFunc.h **** 
 217:Firmware/CMSIS/core_cmFunc.h **** 
 218:Firmware/CMSIS/core_cmFunc.h **** /** \brief  Set Base Priority
 219:Firmware/CMSIS/core_cmFunc.h **** 
 220:Firmware/CMSIS/core_cmFunc.h ****     This function assigns the given value to the Base Priority register.
 221:Firmware/CMSIS/core_cmFunc.h **** 
 222:Firmware/CMSIS/core_cmFunc.h ****     \param [in]    basePri  Base Priority value to set
 223:Firmware/CMSIS/core_cmFunc.h ****  */
 224:Firmware/CMSIS/core_cmFunc.h **** __STATIC_INLINE void __set_BASEPRI(uint32_t basePri)
 225:Firmware/CMSIS/core_cmFunc.h **** {
 226:Firmware/CMSIS/core_cmFunc.h ****   register uint32_t __regBasePri         __ASM("basepri");
 227:Firmware/CMSIS/core_cmFunc.h ****   __regBasePri = (basePri & 0xff);
 228:Firmware/CMSIS/core_cmFunc.h **** }
 229:Firmware/CMSIS/core_cmFunc.h **** 
 230:Firmware/CMSIS/core_cmFunc.h **** 
 231:Firmware/CMSIS/core_cmFunc.h **** /** \brief  Get Fault Mask
 232:Firmware/CMSIS/core_cmFunc.h **** 
 233:Firmware/CMSIS/core_cmFunc.h ****     This function returns the current value of the Fault Mask register.
 234:Firmware/CMSIS/core_cmFunc.h **** 
 235:Firmware/CMSIS/core_cmFunc.h ****     \return               Fault Mask register value
 236:Firmware/CMSIS/core_cmFunc.h ****  */
 237:Firmware/CMSIS/core_cmFunc.h **** __STATIC_INLINE uint32_t __get_FAULTMASK(void)
 238:Firmware/CMSIS/core_cmFunc.h **** {
ARM GAS  C:\Users\ADMINI~1\AppData\Local\Temp\cct0XgkL.s 			page 19


 239:Firmware/CMSIS/core_cmFunc.h ****   register uint32_t __regFaultMask       __ASM("faultmask");
 240:Firmware/CMSIS/core_cmFunc.h ****   return(__regFaultMask);
 241:Firmware/CMSIS/core_cmFunc.h **** }
 242:Firmware/CMSIS/core_cmFunc.h **** 
 243:Firmware/CMSIS/core_cmFunc.h **** 
 244:Firmware/CMSIS/core_cmFunc.h **** /** \brief  Set Fault Mask
 245:Firmware/CMSIS/core_cmFunc.h **** 
 246:Firmware/CMSIS/core_cmFunc.h ****     This function assigns the given value to the Fault Mask register.
 247:Firmware/CMSIS/core_cmFunc.h **** 
 248:Firmware/CMSIS/core_cmFunc.h ****     \param [in]    faultMask  Fault Mask value to set
 249:Firmware/CMSIS/core_cmFunc.h ****  */
 250:Firmware/CMSIS/core_cmFunc.h **** __STATIC_INLINE void __set_FAULTMASK(uint32_t faultMask)
 251:Firmware/CMSIS/core_cmFunc.h **** {
 252:Firmware/CMSIS/core_cmFunc.h ****   register uint32_t __regFaultMask       __ASM("faultmask");
 253:Firmware/CMSIS/core_cmFunc.h ****   __regFaultMask = (faultMask & (uint32_t)1);
 254:Firmware/CMSIS/core_cmFunc.h **** }
 255:Firmware/CMSIS/core_cmFunc.h **** 
 256:Firmware/CMSIS/core_cmFunc.h **** #endif /* (__CORTEX_M >= 0x03) */
 257:Firmware/CMSIS/core_cmFunc.h **** 
 258:Firmware/CMSIS/core_cmFunc.h **** 
 259:Firmware/CMSIS/core_cmFunc.h **** #if       (__CORTEX_M == 0x04)
 260:Firmware/CMSIS/core_cmFunc.h **** 
 261:Firmware/CMSIS/core_cmFunc.h **** /** \brief  Get FPSCR
 262:Firmware/CMSIS/core_cmFunc.h **** 
 263:Firmware/CMSIS/core_cmFunc.h ****     This function returns the current value of the Floating Point Status/Control register.
 264:Firmware/CMSIS/core_cmFunc.h **** 
 265:Firmware/CMSIS/core_cmFunc.h ****     \return               Floating Point Status/Control register value
 266:Firmware/CMSIS/core_cmFunc.h ****  */
 267:Firmware/CMSIS/core_cmFunc.h **** __STATIC_INLINE uint32_t __get_FPSCR(void)
 268:Firmware/CMSIS/core_cmFunc.h **** {
 269:Firmware/CMSIS/core_cmFunc.h **** #if (__FPU_PRESENT == 1) && (__FPU_USED == 1)
 270:Firmware/CMSIS/core_cmFunc.h ****   register uint32_t __regfpscr         __ASM("fpscr");
 271:Firmware/CMSIS/core_cmFunc.h ****   return(__regfpscr);
 272:Firmware/CMSIS/core_cmFunc.h **** #else
 273:Firmware/CMSIS/core_cmFunc.h ****    return(0);
 274:Firmware/CMSIS/core_cmFunc.h **** #endif
 275:Firmware/CMSIS/core_cmFunc.h **** }
 276:Firmware/CMSIS/core_cmFunc.h **** 
 277:Firmware/CMSIS/core_cmFunc.h **** 
 278:Firmware/CMSIS/core_cmFunc.h **** /** \brief  Set FPSCR
 279:Firmware/CMSIS/core_cmFunc.h **** 
 280:Firmware/CMSIS/core_cmFunc.h ****     This function assigns the given value to the Floating Point Status/Control register.
 281:Firmware/CMSIS/core_cmFunc.h **** 
 282:Firmware/CMSIS/core_cmFunc.h ****     \param [in]    fpscr  Floating Point Status/Control value to set
 283:Firmware/CMSIS/core_cmFunc.h ****  */
 284:Firmware/CMSIS/core_cmFunc.h **** __STATIC_INLINE void __set_FPSCR(uint32_t fpscr)
 285:Firmware/CMSIS/core_cmFunc.h **** {
 286:Firmware/CMSIS/core_cmFunc.h **** #if (__FPU_PRESENT == 1) && (__FPU_USED == 1)
 287:Firmware/CMSIS/core_cmFunc.h ****   register uint32_t __regfpscr         __ASM("fpscr");
 288:Firmware/CMSIS/core_cmFunc.h ****   __regfpscr = (fpscr);
 289:Firmware/CMSIS/core_cmFunc.h **** #endif
 290:Firmware/CMSIS/core_cmFunc.h **** }
 291:Firmware/CMSIS/core_cmFunc.h **** 
 292:Firmware/CMSIS/core_cmFunc.h **** #endif /* (__CORTEX_M == 0x04) */
 293:Firmware/CMSIS/core_cmFunc.h **** 
 294:Firmware/CMSIS/core_cmFunc.h **** 
 295:Firmware/CMSIS/core_cmFunc.h **** #elif defined ( __ICCARM__ ) /*------------------ ICC Compiler -------------------*/
ARM GAS  C:\Users\ADMINI~1\AppData\Local\Temp\cct0XgkL.s 			page 20


 296:Firmware/CMSIS/core_cmFunc.h **** /* IAR iccarm specific functions */
 297:Firmware/CMSIS/core_cmFunc.h **** 
 298:Firmware/CMSIS/core_cmFunc.h **** #include <cmsis_iar.h>
 299:Firmware/CMSIS/core_cmFunc.h **** 
 300:Firmware/CMSIS/core_cmFunc.h **** 
 301:Firmware/CMSIS/core_cmFunc.h **** #elif defined ( __TMS470__ ) /*---------------- TI CCS Compiler ------------------*/
 302:Firmware/CMSIS/core_cmFunc.h **** /* TI CCS specific functions */
 303:Firmware/CMSIS/core_cmFunc.h **** 
 304:Firmware/CMSIS/core_cmFunc.h **** #include <cmsis_ccs.h>
 305:Firmware/CMSIS/core_cmFunc.h **** 
 306:Firmware/CMSIS/core_cmFunc.h **** 
 307:Firmware/CMSIS/core_cmFunc.h **** #elif defined ( __GNUC__ ) /*------------------ GNU Compiler ---------------------*/
 308:Firmware/CMSIS/core_cmFunc.h **** /* GNU gcc specific functions */
 309:Firmware/CMSIS/core_cmFunc.h **** 
 310:Firmware/CMSIS/core_cmFunc.h **** /** \brief  Enable IRQ Interrupts
 311:Firmware/CMSIS/core_cmFunc.h **** 
 312:Firmware/CMSIS/core_cmFunc.h ****   This function enables IRQ interrupts by clearing the I-bit in the CPSR.
 313:Firmware/CMSIS/core_cmFunc.h ****   Can only be executed in Privileged modes.
 314:Firmware/CMSIS/core_cmFunc.h ****  */
 315:Firmware/CMSIS/core_cmFunc.h **** __attribute__( ( always_inline ) ) __STATIC_INLINE void __enable_irq(void)
 316:Firmware/CMSIS/core_cmFunc.h **** {
 317:Firmware/CMSIS/core_cmFunc.h ****   __ASM volatile ("cpsie i");
 318:Firmware/CMSIS/core_cmFunc.h **** }
 319:Firmware/CMSIS/core_cmFunc.h **** 
 320:Firmware/CMSIS/core_cmFunc.h **** 
 321:Firmware/CMSIS/core_cmFunc.h **** /** \brief  Disable IRQ Interrupts
 322:Firmware/CMSIS/core_cmFunc.h **** 
 323:Firmware/CMSIS/core_cmFunc.h ****   This function disables IRQ interrupts by setting the I-bit in the CPSR.
 324:Firmware/CMSIS/core_cmFunc.h ****   Can only be executed in Privileged modes.
 325:Firmware/CMSIS/core_cmFunc.h ****  */
 326:Firmware/CMSIS/core_cmFunc.h **** __attribute__( ( always_inline ) ) __STATIC_INLINE void __disable_irq(void)
 327:Firmware/CMSIS/core_cmFunc.h **** {
 328:Firmware/CMSIS/core_cmFunc.h ****   __ASM volatile ("cpsid i");
 329:Firmware/CMSIS/core_cmFunc.h **** }
 330:Firmware/CMSIS/core_cmFunc.h **** 
 331:Firmware/CMSIS/core_cmFunc.h **** 
 332:Firmware/CMSIS/core_cmFunc.h **** /** \brief  Get Control Register
 333:Firmware/CMSIS/core_cmFunc.h **** 
 334:Firmware/CMSIS/core_cmFunc.h ****     This function returns the content of the Control Register.
 335:Firmware/CMSIS/core_cmFunc.h **** 
 336:Firmware/CMSIS/core_cmFunc.h ****     \return               Control Register value
 337:Firmware/CMSIS/core_cmFunc.h ****  */
 338:Firmware/CMSIS/core_cmFunc.h **** __attribute__( ( always_inline ) ) __STATIC_INLINE uint32_t __get_CONTROL(void)
 339:Firmware/CMSIS/core_cmFunc.h **** {
 340:Firmware/CMSIS/core_cmFunc.h ****   uint32_t result;
 341:Firmware/CMSIS/core_cmFunc.h **** 
 342:Firmware/CMSIS/core_cmFunc.h ****   __ASM volatile ("MRS %0, control" : "=r" (result) );
 343:Firmware/CMSIS/core_cmFunc.h ****   return(result);
 344:Firmware/CMSIS/core_cmFunc.h **** }
 345:Firmware/CMSIS/core_cmFunc.h **** 
 346:Firmware/CMSIS/core_cmFunc.h **** 
 347:Firmware/CMSIS/core_cmFunc.h **** /** \brief  Set Control Register
 348:Firmware/CMSIS/core_cmFunc.h **** 
 349:Firmware/CMSIS/core_cmFunc.h ****     This function writes the given value to the Control Register.
 350:Firmware/CMSIS/core_cmFunc.h **** 
 351:Firmware/CMSIS/core_cmFunc.h ****     \param [in]    control  Control Register value to set
 352:Firmware/CMSIS/core_cmFunc.h ****  */
ARM GAS  C:\Users\ADMINI~1\AppData\Local\Temp\cct0XgkL.s 			page 21


 353:Firmware/CMSIS/core_cmFunc.h **** __attribute__( ( always_inline ) ) __STATIC_INLINE void __set_CONTROL(uint32_t control)
 354:Firmware/CMSIS/core_cmFunc.h **** {
 355:Firmware/CMSIS/core_cmFunc.h ****   __ASM volatile ("MSR control, %0" : : "r" (control) );
 356:Firmware/CMSIS/core_cmFunc.h **** }
 357:Firmware/CMSIS/core_cmFunc.h **** 
 358:Firmware/CMSIS/core_cmFunc.h **** 
 359:Firmware/CMSIS/core_cmFunc.h **** /** \brief  Get IPSR Register
 360:Firmware/CMSIS/core_cmFunc.h **** 
 361:Firmware/CMSIS/core_cmFunc.h ****     This function returns the content of the IPSR Register.
 362:Firmware/CMSIS/core_cmFunc.h **** 
 363:Firmware/CMSIS/core_cmFunc.h ****     \return               IPSR Register value
 364:Firmware/CMSIS/core_cmFunc.h ****  */
 365:Firmware/CMSIS/core_cmFunc.h **** __attribute__( ( always_inline ) ) __STATIC_INLINE uint32_t __get_IPSR(void)
 366:Firmware/CMSIS/core_cmFunc.h **** {
 367:Firmware/CMSIS/core_cmFunc.h ****   uint32_t result;
 368:Firmware/CMSIS/core_cmFunc.h **** 
 369:Firmware/CMSIS/core_cmFunc.h ****   __ASM volatile ("MRS %0, ipsr" : "=r" (result) );
 370:Firmware/CMSIS/core_cmFunc.h ****   return(result);
 371:Firmware/CMSIS/core_cmFunc.h **** }
 372:Firmware/CMSIS/core_cmFunc.h **** 
 373:Firmware/CMSIS/core_cmFunc.h **** 
 374:Firmware/CMSIS/core_cmFunc.h **** /** \brief  Get APSR Register
 375:Firmware/CMSIS/core_cmFunc.h **** 
 376:Firmware/CMSIS/core_cmFunc.h ****     This function returns the content of the APSR Register.
 377:Firmware/CMSIS/core_cmFunc.h **** 
 378:Firmware/CMSIS/core_cmFunc.h ****     \return               APSR Register value
 379:Firmware/CMSIS/core_cmFunc.h ****  */
 380:Firmware/CMSIS/core_cmFunc.h **** __attribute__( ( always_inline ) ) __STATIC_INLINE uint32_t __get_APSR(void)
 381:Firmware/CMSIS/core_cmFunc.h **** {
 382:Firmware/CMSIS/core_cmFunc.h ****   uint32_t result;
 383:Firmware/CMSIS/core_cmFunc.h **** 
 384:Firmware/CMSIS/core_cmFunc.h ****   __ASM volatile ("MRS %0, apsr" : "=r" (result) );
 385:Firmware/CMSIS/core_cmFunc.h ****   return(result);
 386:Firmware/CMSIS/core_cmFunc.h **** }
 387:Firmware/CMSIS/core_cmFunc.h **** 
 388:Firmware/CMSIS/core_cmFunc.h **** 
 389:Firmware/CMSIS/core_cmFunc.h **** /** \brief  Get xPSR Register
 390:Firmware/CMSIS/core_cmFunc.h **** 
 391:Firmware/CMSIS/core_cmFunc.h ****     This function returns the content of the xPSR Register.
 392:Firmware/CMSIS/core_cmFunc.h **** 
 393:Firmware/CMSIS/core_cmFunc.h ****     \return               xPSR Register value
 394:Firmware/CMSIS/core_cmFunc.h ****  */
 395:Firmware/CMSIS/core_cmFunc.h **** __attribute__( ( always_inline ) ) __STATIC_INLINE uint32_t __get_xPSR(void)
 396:Firmware/CMSIS/core_cmFunc.h **** {
 397:Firmware/CMSIS/core_cmFunc.h ****   uint32_t result;
 398:Firmware/CMSIS/core_cmFunc.h **** 
 399:Firmware/CMSIS/core_cmFunc.h ****   __ASM volatile ("MRS %0, xpsr" : "=r" (result) );
 400:Firmware/CMSIS/core_cmFunc.h ****   return(result);
 401:Firmware/CMSIS/core_cmFunc.h **** }
 402:Firmware/CMSIS/core_cmFunc.h **** 
 403:Firmware/CMSIS/core_cmFunc.h **** 
 404:Firmware/CMSIS/core_cmFunc.h **** /** \brief  Get Process Stack Pointer
 405:Firmware/CMSIS/core_cmFunc.h **** 
 406:Firmware/CMSIS/core_cmFunc.h ****     This function returns the current value of the Process Stack Pointer (PSP).
 407:Firmware/CMSIS/core_cmFunc.h **** 
 408:Firmware/CMSIS/core_cmFunc.h ****     \return               PSP Register value
 409:Firmware/CMSIS/core_cmFunc.h ****  */
ARM GAS  C:\Users\ADMINI~1\AppData\Local\Temp\cct0XgkL.s 			page 22


 410:Firmware/CMSIS/core_cmFunc.h **** __attribute__( ( always_inline ) ) __STATIC_INLINE uint32_t __get_PSP(void)
 411:Firmware/CMSIS/core_cmFunc.h **** {
 412:Firmware/CMSIS/core_cmFunc.h ****   register uint32_t result;
 413:Firmware/CMSIS/core_cmFunc.h **** 
 414:Firmware/CMSIS/core_cmFunc.h ****   __ASM volatile ("MRS %0, psp\n"  : "=r" (result) );
 415:Firmware/CMSIS/core_cmFunc.h ****   return(result);
 416:Firmware/CMSIS/core_cmFunc.h **** }
 417:Firmware/CMSIS/core_cmFunc.h **** 
 418:Firmware/CMSIS/core_cmFunc.h **** 
 419:Firmware/CMSIS/core_cmFunc.h **** /** \brief  Set Process Stack Pointer
 420:Firmware/CMSIS/core_cmFunc.h **** 
 421:Firmware/CMSIS/core_cmFunc.h ****     This function assigns the given value to the Process Stack Pointer (PSP).
 422:Firmware/CMSIS/core_cmFunc.h **** 
 423:Firmware/CMSIS/core_cmFunc.h ****     \param [in]    topOfProcStack  Process Stack Pointer value to set
 424:Firmware/CMSIS/core_cmFunc.h ****  */
 425:Firmware/CMSIS/core_cmFunc.h **** __attribute__( ( always_inline ) ) __STATIC_INLINE void __set_PSP(uint32_t topOfProcStack)
 426:Firmware/CMSIS/core_cmFunc.h **** {
 427:Firmware/CMSIS/core_cmFunc.h ****   __ASM volatile ("MSR psp, %0\n" : : "r" (topOfProcStack) );
 428:Firmware/CMSIS/core_cmFunc.h **** }
 429:Firmware/CMSIS/core_cmFunc.h **** 
 430:Firmware/CMSIS/core_cmFunc.h **** 
 431:Firmware/CMSIS/core_cmFunc.h **** /** \brief  Get Main Stack Pointer
 432:Firmware/CMSIS/core_cmFunc.h **** 
 433:Firmware/CMSIS/core_cmFunc.h ****     This function returns the current value of the Main Stack Pointer (MSP).
 434:Firmware/CMSIS/core_cmFunc.h **** 
 435:Firmware/CMSIS/core_cmFunc.h ****     \return               MSP Register value
 436:Firmware/CMSIS/core_cmFunc.h ****  */
 437:Firmware/CMSIS/core_cmFunc.h **** __attribute__( ( always_inline ) ) __STATIC_INLINE uint32_t __get_MSP(void)
 438:Firmware/CMSIS/core_cmFunc.h **** {
 439:Firmware/CMSIS/core_cmFunc.h ****   register uint32_t result;
 440:Firmware/CMSIS/core_cmFunc.h **** 
 441:Firmware/CMSIS/core_cmFunc.h ****   __ASM volatile ("MRS %0, msp\n" : "=r" (result) );
 442:Firmware/CMSIS/core_cmFunc.h ****   return(result);
 443:Firmware/CMSIS/core_cmFunc.h **** }
 444:Firmware/CMSIS/core_cmFunc.h **** 
 445:Firmware/CMSIS/core_cmFunc.h **** 
 446:Firmware/CMSIS/core_cmFunc.h **** /** \brief  Set Main Stack Pointer
 447:Firmware/CMSIS/core_cmFunc.h **** 
 448:Firmware/CMSIS/core_cmFunc.h ****     This function assigns the given value to the Main Stack Pointer (MSP).
 449:Firmware/CMSIS/core_cmFunc.h **** 
 450:Firmware/CMSIS/core_cmFunc.h ****     \param [in]    topOfMainStack  Main Stack Pointer value to set
 451:Firmware/CMSIS/core_cmFunc.h ****  */
 452:Firmware/CMSIS/core_cmFunc.h **** __attribute__( ( always_inline ) ) __STATIC_INLINE void __set_MSP(uint32_t topOfMainStack)
 453:Firmware/CMSIS/core_cmFunc.h **** {
 454:Firmware/CMSIS/core_cmFunc.h ****   __ASM volatile ("MSR msp, %0\n" : : "r" (topOfMainStack) );
 455:Firmware/CMSIS/core_cmFunc.h **** }
 456:Firmware/CMSIS/core_cmFunc.h **** 
 457:Firmware/CMSIS/core_cmFunc.h **** 
 458:Firmware/CMSIS/core_cmFunc.h **** /** \brief  Get Priority Mask
 459:Firmware/CMSIS/core_cmFunc.h **** 
 460:Firmware/CMSIS/core_cmFunc.h ****     This function returns the current state of the priority mask bit from the Priority Mask Registe
 461:Firmware/CMSIS/core_cmFunc.h **** 
 462:Firmware/CMSIS/core_cmFunc.h ****     \return               Priority Mask value
 463:Firmware/CMSIS/core_cmFunc.h ****  */
 464:Firmware/CMSIS/core_cmFunc.h **** __attribute__( ( always_inline ) ) __STATIC_INLINE uint32_t __get_PRIMASK(void)
 465:Firmware/CMSIS/core_cmFunc.h **** {
 466:Firmware/CMSIS/core_cmFunc.h ****   uint32_t result;
ARM GAS  C:\Users\ADMINI~1\AppData\Local\Temp\cct0XgkL.s 			page 23


 467:Firmware/CMSIS/core_cmFunc.h **** 
 468:Firmware/CMSIS/core_cmFunc.h ****   __ASM volatile ("MRS %0, primask" : "=r" (result) );
 469:Firmware/CMSIS/core_cmFunc.h ****   return(result);
 470:Firmware/CMSIS/core_cmFunc.h **** }
 471:Firmware/CMSIS/core_cmFunc.h **** 
 472:Firmware/CMSIS/core_cmFunc.h **** 
 473:Firmware/CMSIS/core_cmFunc.h **** /** \brief  Set Priority Mask
 474:Firmware/CMSIS/core_cmFunc.h **** 
 475:Firmware/CMSIS/core_cmFunc.h ****     This function assigns the given value to the Priority Mask Register.
 476:Firmware/CMSIS/core_cmFunc.h **** 
 477:Firmware/CMSIS/core_cmFunc.h ****     \param [in]    priMask  Priority Mask
 478:Firmware/CMSIS/core_cmFunc.h ****  */
 479:Firmware/CMSIS/core_cmFunc.h **** __attribute__( ( always_inline ) ) __STATIC_INLINE void __set_PRIMASK(uint32_t priMask)
 369              		.loc 2 479 57 view .LVU55
 370              	.LBB11:
 480:Firmware/CMSIS/core_cmFunc.h **** {
 481:Firmware/CMSIS/core_cmFunc.h ****   __ASM volatile ("MSR primask, %0" : : "r" (priMask) );
 371              		.loc 2 481 3 view .LVU56
 372 0008 0124     		movs	r4, #1
 373              		.syntax unified
 374              	@ 481 "Firmware/CMSIS/core_cmFunc.h" 1
 375 000a 84F31088 		MSR primask, r4
 376              	@ 0 "" 2
 377              	.LVL35:
 378              		.loc 2 481 3 is_stmt 0 view .LVU57
 379              		.thumb
 380              		.syntax unified
 381              	.LBE11:
 382              	.LBE10:
 154:User/main.c   ****     nvic_vector_table_set(NVIC_VECTTAB_FLASH, 0x10000);
 383              		.loc 1 154 5 is_stmt 1 view .LVU58
 384              	.LBB12:
 385              	.LBI12:
 479:Firmware/CMSIS/core_cmFunc.h **** {
 386              		.loc 2 479 57 view .LVU59
 387              	.LBB13:
 388              		.loc 2 481 3 view .LVU60
 389 000e 0025     		movs	r5, #0
 390              		.syntax unified
 391              	@ 481 "Firmware/CMSIS/core_cmFunc.h" 1
 392 0010 85F31088 		MSR primask, r5
 393              	@ 0 "" 2
 394              	.LVL36:
 395              		.loc 2 481 3 is_stmt 0 view .LVU61
 396              		.thumb
 397              		.syntax unified
 398              	.LBE13:
 399              	.LBE12:
 155:User/main.c   **** 	  System_Ready=0;
 400              		.loc 1 155 5 is_stmt 1 view .LVU62
 401 0014 4FF48031 		mov	r1, #65536
 402 0018 4FF00060 		mov	r0, #134217728
 403 001c FFF7FEFF 		bl	nvic_vector_table_set
 404              	.LVL37:
 156:User/main.c   ****     bsp_init();
 405              		.loc 1 156 4 view .LVU63
 156:User/main.c   ****     bsp_init();
ARM GAS  C:\Users\ADMINI~1\AppData\Local\Temp\cct0XgkL.s 			page 24


 406              		.loc 1 156 16 is_stmt 0 view .LVU64
 407 0020 7E4B     		ldr	r3, .L32
 408 0022 1D70     		strb	r5, [r3]
 157:User/main.c   **** 	  ringbuffer_init();
 409              		.loc 1 157 5 is_stmt 1 view .LVU65
 410 0024 FFF7FEFF 		bl	bsp_init
 411              	.LVL38:
 158:User/main.c   **** 		Fpga_Start();
 412              		.loc 1 158 4 view .LVU66
 413 0028 FFF7FEFF 		bl	ringbuffer_init
 414              	.LVL39:
 159:User/main.c   **** 	  mainInit();
 415              		.loc 1 159 3 view .LVU67
 416 002c FFF7FEFF 		bl	Fpga_Start
 417              	.LVL40:
 160:User/main.c   **** 		GPU_Beep(1);
 418              		.loc 1 160 4 view .LVU68
 419 0030 FFF7FEFF 		bl	mainInit
 420              	.LVL41:
 161:User/main.c   ****     O_PWR_5V_EN(1);
 421              		.loc 1 161 3 view .LVU69
 422 0034 2046     		mov	r0, r4
 423 0036 FFF7FEFF 		bl	GPU_Beep
 424              	.LVL42:
 162:User/main.c   **** 	GPU_SDIO_INIT();
 425              		.loc 1 162 5 view .LVU70
 426 003a 2046     		mov	r0, r4
 427 003c FFF7FEFF 		bl	O_PWR_5V_EN
 428              	.LVL43:
 163:User/main.c   **** 	GPU_FindBmp();
 429              		.loc 1 163 2 view .LVU71
 430 0040 FFF7FEFF 		bl	GPU_SDIO_INIT
 431              	.LVL44:
 164:User/main.c   **** 	  //Gpu_Mcu_Fill(0,0,10,10,pixcolor);
 432              		.loc 1 164 2 view .LVU72
 433 0044 FFF7FEFF 		bl	GPU_FindBmp
 434              	.LVL45:
 166:User/main.c   ****     CALIB_THREAD_Init();
 435              		.loc 1 166 5 view .LVU73
 436 0048 FFF7FEFF 		bl	GPU_PIC_Init
 437              	.LVL46:
 167:User/main.c   ****     Init_Alarm();
 438              		.loc 1 167 5 view .LVU74
 439 004c FFF7FEFF 		bl	CALIB_THREAD_Init
 440              	.LVL47:
 168:User/main.c   ****     printf("\r\n#################################User Start######################################\r
 441              		.loc 1 168 5 view .LVU75
 442 0050 FFF7FEFF 		bl	Init_Alarm
 443              	.LVL48:
 169:User/main.c   **** 	  printk("checktestnum%d \r\n",temp_read_data[0] << 8 | temp_read_data[1]);
 444              		.loc 1 169 5 view .LVU76
 445 0054 7248     		ldr	r0, .L32+4
 446 0056 FFF7FEFF 		bl	puts
 447              	.LVL49:
 170:User/main.c   **** 
 448              		.loc 1 170 4 view .LVU77
 170:User/main.c   **** 
ARM GAS  C:\Users\ADMINI~1\AppData\Local\Temp\cct0XgkL.s 			page 25


 449              		.loc 1 170 47 is_stmt 0 view .LVU78
 450 005a 724B     		ldr	r3, .L32+8
 451 005c 1978     		ldrb	r1, [r3]	@ zero_extendqisi2
 170:User/main.c   **** 
 452              		.loc 1 170 72 view .LVU79
 453 005e 5B78     		ldrb	r3, [r3, #1]	@ zero_extendqisi2
 170:User/main.c   **** 
 454              		.loc 1 170 4 view .LVU80
 455 0060 43EA0121 		orr	r1, r3, r1, lsl #8
 456 0064 7048     		ldr	r0, .L32+12
 457 0066 FFF7FEFF 		bl	printk
 458              	.LVL50:
 172:User/main.c   ****     mem_init(SRAMIN);
 459              		.loc 1 172 3 is_stmt 1 view .LVU81
 460 006a FFF7FEFF 		bl	FATFS_Init
 461              	.LVL51:
 173:User/main.c   ****     log_info("SDCard :%d \r\n",Fatfs_init(SDCard));
 462              		.loc 1 173 5 view .LVU82
 463 006e 2846     		mov	r0, r5
 464 0070 FFF7FEFF 		bl	mem_init
 465              	.LVL52:
 174:User/main.c   **** 		log_info("SPIFlash :%d \r\n",Fatfs_init(SPIFlash));
 466              		.loc 1 174 5 view .LVU83
 467 0074 2046     		mov	r0, r4
 468 0076 FFF7FEFF 		bl	Fatfs_init
 469              	.LVL53:
 470 007a 0246     		mov	r2, r0
 471 007c 6B4E     		ldr	r6, .L32+16
 472 007e 3146     		mov	r1, r6
 473 0080 6B48     		ldr	r0, .L32+20
 474 0082 FFF7FEFF 		bl	printf
 475              	.LVL54:
 175:User/main.c   **** 		// res=f_mount(NULL,"0:",1);
 476              		.loc 1 175 3 view .LVU84
 477 0086 0220     		movs	r0, #2
 478 0088 FFF7FEFF 		bl	Fatfs_init
 479              	.LVL55:
 480 008c 0246     		mov	r2, r0
 481 008e 3146     		mov	r1, r6
 482 0090 6848     		ldr	r0, .L32+24
 483 0092 FFF7FEFF 		bl	printf
 484              	.LVL56:
 179:User/main.c   ****     res=f_mount(&Flash,"1:",1);
 485              		.loc 1 179 5 view .LVU85
 486 0096 684E     		ldr	r6, .L32+28
 487 0098 2246     		mov	r2, r4
 488 009a 3146     		mov	r1, r6
 489 009c 2846     		mov	r0, r5
 490 009e FFF7FEFF 		bl	f_mount
 491              	.LVL57:
 180:User/main.c   ****     if(res==FR_NO_FILESYSTEM)
 492              		.loc 1 180 5 view .LVU86
 180:User/main.c   ****     if(res==FR_NO_FILESYSTEM)
 493              		.loc 1 180 9 is_stmt 0 view .LVU87
 494 00a2 2246     		mov	r2, r4
 495 00a4 3146     		mov	r1, r6
 496 00a6 6548     		ldr	r0, .L32+32
ARM GAS  C:\Users\ADMINI~1\AppData\Local\Temp\cct0XgkL.s 			page 26


 497 00a8 FFF7FEFF 		bl	f_mount
 498              	.LVL58:
 181:User/main.c   ****     {
 499              		.loc 1 181 5 is_stmt 1 view .LVU88
 181:User/main.c   ****     {
 500              		.loc 1 181 7 is_stmt 0 view .LVU89
 501 00ac 0D28     		cmp	r0, #13
 502 00ae 2BD0     		beq	.L30
 503              	.LVL59:
 504              	.L18:
 244:User/main.c   ****     uint8_t cont[30]= {0};
 505              		.loc 1 244 5 is_stmt 1 view .LVU90
 506 00b0 6148     		ldr	r0, .L32+28
 507 00b2 FFF7FEFF 		bl	scan_files
 508              	.LVL60:
 245:User/main.c   ****     for(int i=0; i<60; i++)
 509              		.loc 1 245 5 view .LVU91
 245:User/main.c   ****     for(int i=0; i<60; i++)
 510              		.loc 1 245 13 is_stmt 0 view .LVU92
 511 00b6 0023     		movs	r3, #0
 512 00b8 0DF58352 		add	r2, sp, #4192
 513 00bc 1C32     		adds	r2, r2, #28
 514 00be 1360     		str	r3, [r2]
 515 00c0 0DF58452 		add	r2, sp, #4224
 516 00c4 1360     		str	r3, [r2]
 517 00c6 5360     		str	r3, [r2, #4]
 518 00c8 9360     		str	r3, [r2, #8]
 519 00ca D360     		str	r3, [r2, #12]
 520 00cc 1361     		str	r3, [r2, #16]
 521 00ce 5361     		str	r3, [r2, #20]
 522 00d0 1383     		strh	r3, [r2, #24]	@ movhi
 246:User/main.c   ****     {
 523              		.loc 1 246 5 is_stmt 1 view .LVU93
 524              	.LBB14:
 246:User/main.c   ****     {
 525              		.loc 1 246 9 view .LVU94
 526              	.LVL61:
 246:User/main.c   ****     {
 527              		.loc 1 246 18 view .LVU95
 528 00d2 5B4C     		ldr	r4, .L32+36
 529 00d4 04F5E167 		add	r7, r4, #1800
 250:User/main.c   ****     }
 530              		.loc 1 250 9 is_stmt 0 view .LVU96
 531 00d8 544E     		ldr	r6, .L32+16
 532 00da 5A4D     		ldr	r5, .L32+40
 533              	.LVL62:
 534              	.L22:
 248:User/main.c   ****             break;
 535              		.loc 1 248 9 is_stmt 1 view .LVU97
 248:User/main.c   ****             break;
 536              		.loc 1 248 12 is_stmt 0 view .LVU98
 537 00dc 0DF58351 		add	r1, sp, #4192
 538 00e0 1C31     		adds	r1, r1, #28
 539 00e2 2046     		mov	r0, r4
 540 00e4 FFF7FEFF 		bl	strcmp
 541              	.LVL63:
 248:User/main.c   ****             break;
ARM GAS  C:\Users\ADMINI~1\AppData\Local\Temp\cct0XgkL.s 			page 27


 542              		.loc 1 248 11 view .LVU99
 543 00e8 38B1     		cbz	r0, .L21
 250:User/main.c   ****     }
 544              		.loc 1 250 9 is_stmt 1 discriminator 2 view .LVU100
 545 00ea 2246     		mov	r2, r4
 546 00ec 3146     		mov	r1, r6
 547 00ee 2846     		mov	r0, r5
 548 00f0 FFF7FEFF 		bl	printf
 549              	.LVL64:
 246:User/main.c   ****     {
 550              		.loc 1 246 24 discriminator 2 view .LVU101
 246:User/main.c   ****     {
 551              		.loc 1 246 18 discriminator 2 view .LVU102
 246:User/main.c   ****     {
 552              		.loc 1 246 5 is_stmt 0 discriminator 2 view .LVU103
 553 00f4 1E34     		adds	r4, r4, #30
 554 00f6 BC42     		cmp	r4, r7
 555 00f8 F0D1     		bne	.L22
 556              	.L21:
 557              	.LBE14:
 266:User/main.c   ****     System_Ready=1;
 558              		.loc 1 266 5 is_stmt 1 view .LVU104
 559 00fa FFF7FEFF 		bl	ParameterDownload
 560              	.LVL65:
 267:User/main.c   ****     while(1)
 561              		.loc 1 267 5 view .LVU105
 267:User/main.c   ****     while(1)
 562              		.loc 1 267 17 is_stmt 0 view .LVU106
 563 00fe 474B     		ldr	r3, .L32
 564 0100 0122     		movs	r2, #1
 565 0102 1A70     		strb	r2, [r3]
 271:User/main.c   **** 		{
 566              		.loc 1 271 6 view .LVU107
 567 0104 504C     		ldr	r4, .L32+44
 568 0106 80E0     		b	.L25
 569              	.LVL66:
 570              	.L30:
 571              	.LBB15:
 183:User/main.c   ****         log_info("open %d \r\n",res);
 572              		.loc 1 183 9 is_stmt 1 view .LVU108
 183:User/main.c   ****         log_info("open %d \r\n",res);
 573              		.loc 1 183 13 is_stmt 0 view .LVU109
 574 0108 2A46     		mov	r2, r5
 575 010a 2946     		mov	r1, r5
 576 010c 3046     		mov	r0, r6
 577              	.LVL67:
 183:User/main.c   ****         log_info("open %d \r\n",res);
 578              		.loc 1 183 13 view .LVU110
 579 010e FFF7FEFF 		bl	f_mkfs
 580              	.LVL68:
 581 0112 0246     		mov	r2, r0
 582              	.LVL69:
 184:User/main.c   ****         f_mount(NULL,"1:",1);
 583              		.loc 1 184 9 is_stmt 1 view .LVU111
 584 0114 454D     		ldr	r5, .L32+16
 585 0116 2946     		mov	r1, r5
 586 0118 4C48     		ldr	r0, .L32+48
ARM GAS  C:\Users\ADMINI~1\AppData\Local\Temp\cct0XgkL.s 			page 28


 587 011a FFF7FEFF 		bl	printf
 588              	.LVL70:
 185:User/main.c   ****         f_mount(&Flash,"1:",1);
 589              		.loc 1 185 9 view .LVU112
 590 011e 0122     		movs	r2, #1
 591 0120 3146     		mov	r1, r6
 592 0122 0020     		movs	r0, #0
 593 0124 FFF7FEFF 		bl	f_mount
 594              	.LVL71:
 186:User/main.c   ****         FIL fil;
 595              		.loc 1 186 9 view .LVU113
 596 0128 0122     		movs	r2, #1
 597 012a 3146     		mov	r1, r6
 598 012c 4348     		ldr	r0, .L32+32
 599 012e FFF7FEFF 		bl	f_mount
 600              	.LVL72:
 187:User/main.c   ****         res = f_open(&fil, "1:/test1.txt",FA_OPEN_ALWAYS|FA_WRITE|FA_READ);
 601              		.loc 1 187 9 view .LVU114
 188:User/main.c   ****         log_info("open %d size %d\r\n",res,(uint32_t)f_size(&fil));
 602              		.loc 1 188 9 view .LVU115
 188:User/main.c   ****         log_info("open %d size %d\r\n",res,(uint32_t)f_size(&fil));
 603              		.loc 1 188 15 is_stmt 0 view .LVU116
 604 0132 1322     		movs	r2, #19
 605 0134 4649     		ldr	r1, .L32+52
 606 0136 0EA8     		add	r0, sp, #56
 607 0138 FFF7FEFF 		bl	f_open
 608              	.LVL73:
 609 013c 0246     		mov	r2, r0
 610              	.LVL74:
 189:User/main.c   ****         uint8_t buf[13]= {0};
 611              		.loc 1 189 9 is_stmt 1 view .LVU117
 612 013e 0DF58253 		add	r3, sp, #4160
 613 0142 0833     		adds	r3, r3, #8
 614 0144 1B68     		ldr	r3, [r3]
 615 0146 2946     		mov	r1, r5
 616 0148 4248     		ldr	r0, .L32+56
 617 014a FFF7FEFF 		bl	printf
 618              	.LVL75:
 190:User/main.c   ****         uint8_t wrbuf[11]="hello word";
 619              		.loc 1 190 9 view .LVU118
 190:User/main.c   ****         uint8_t wrbuf[11]="hello word";
 620              		.loc 1 190 17 is_stmt 0 view .LVU119
 621 014e 0024     		movs	r4, #0
 622 0150 0A94     		str	r4, [sp, #40]
 623 0152 0B94     		str	r4, [sp, #44]
 624 0154 0C94     		str	r4, [sp, #48]
 625 0156 8DF83440 		strb	r4, [sp, #52]
 191:User/main.c   ****         uint8_t mm[11];
 626              		.loc 1 191 9 is_stmt 1 view .LVU120
 191:User/main.c   ****         uint8_t mm[11];
 627              		.loc 1 191 17 is_stmt 0 view .LVU121
 628 015a 3F4A     		ldr	r2, .L32+60
 629 015c 04AB     		add	r3, sp, #16
 630 015e 07CA     		ldm	r2, {r0, r1, r2}
 631 0160 03C3     		stmia	r3!, {r0, r1}
 632 0162 23F8022B 		strh	r2, [r3], #2	@ movhi
 633 0166 120C     		lsrs	r2, r2, #16
ARM GAS  C:\Users\ADMINI~1\AppData\Local\Temp\cct0XgkL.s 			page 29


 634 0168 1A70     		strb	r2, [r3]
 192:User/main.c   ****         int read_len;
 635              		.loc 1 192 9 is_stmt 1 view .LVU122
 193:User/main.c   ****         for(int i=0 ; i<10; i++)
 636              		.loc 1 193 9 view .LVU123
 194:User/main.c   ****         {
 637              		.loc 1 194 9 view .LVU124
 638              	.LBB16:
 194:User/main.c   ****         {
 639              		.loc 1 194 13 view .LVU125
 640              	.LVL76:
 194:User/main.c   ****         {
 641              		.loc 1 194 23 view .LVU126
 196:User/main.c   ****             res = f_write(&fil, buf, sizeof(buf), &bw);
 642              		.loc 1 196 13 is_stmt 0 view .LVU127
 643 016a 3C4E     		ldr	r6, .L32+64
 644              	.LVL77:
 645              	.L19:
 196:User/main.c   ****             res = f_write(&fil, buf, sizeof(buf), &bw);
 646              		.loc 1 196 13 is_stmt 1 discriminator 3 view .LVU128
 647 016c 2346     		mov	r3, r4
 648 016e 04AA     		add	r2, sp, #16
 649 0170 3146     		mov	r1, r6
 650 0172 0AA8     		add	r0, sp, #40
 651 0174 FFF7FEFF 		bl	sprintf
 652              	.LVL78:
 197:User/main.c   ****             log_info("write %d len %d\r\n",res,bw);
 653              		.loc 1 197 13 discriminator 3 view .LVU129
 197:User/main.c   ****             log_info("write %d len %d\r\n",res,bw);
 654              		.loc 1 197 19 is_stmt 0 discriminator 3 view .LVU130
 655 0178 0DF58453 		add	r3, sp, #4224
 656 017c 1C33     		adds	r3, r3, #28
 657 017e 0D22     		movs	r2, #13
 658 0180 0AA9     		add	r1, sp, #40
 659 0182 0EA8     		add	r0, sp, #56
 660 0184 FFF7FEFF 		bl	f_write
 661              	.LVL79:
 662 0188 0246     		mov	r2, r0
 663              	.LVL80:
 198:User/main.c   ****         }
 664              		.loc 1 198 13 is_stmt 1 discriminator 3 view .LVU131
 665 018a 0DF58453 		add	r3, sp, #4224
 666 018e 1C33     		adds	r3, r3, #28
 667 0190 1B68     		ldr	r3, [r3]
 668 0192 2946     		mov	r1, r5
 669 0194 3248     		ldr	r0, .L32+68
 670 0196 FFF7FEFF 		bl	printf
 671              	.LVL81:
 194:User/main.c   ****         {
 672              		.loc 1 194 29 discriminator 3 view .LVU132
 194:User/main.c   ****         {
 673              		.loc 1 194 30 is_stmt 0 discriminator 3 view .LVU133
 674 019a 0134     		adds	r4, r4, #1
 675              	.LVL82:
 194:User/main.c   ****         {
 676              		.loc 1 194 23 is_stmt 1 discriminator 3 view .LVU134
 194:User/main.c   ****         {
ARM GAS  C:\Users\ADMINI~1\AppData\Local\Temp\cct0XgkL.s 			page 30


 677              		.loc 1 194 9 is_stmt 0 discriminator 3 view .LVU135
 678 019c 0A2C     		cmp	r4, #10
 679 019e E5D1     		bne	.L19
 680              	.LBE16:
 201:User/main.c   ****         res = f_open(&fil, "1:/test1.txt",FA_WRITE|FA_READ);
 681              		.loc 1 201 9 is_stmt 1 view .LVU136
 682 01a0 0EA8     		add	r0, sp, #56
 683 01a2 FFF7FEFF 		bl	f_close
 684              	.LVL83:
 202:User/main.c   ****         log_info("open %d size %d\r\n",res,(uint32_t)f_size(&fil));
 685              		.loc 1 202 9 view .LVU137
 202:User/main.c   ****         log_info("open %d size %d\r\n",res,(uint32_t)f_size(&fil));
 686              		.loc 1 202 15 is_stmt 0 view .LVU138
 687 01a6 0322     		movs	r2, #3
 688 01a8 2949     		ldr	r1, .L32+52
 689 01aa 0EA8     		add	r0, sp, #56
 690 01ac FFF7FEFF 		bl	f_open
 691              	.LVL84:
 692 01b0 0246     		mov	r2, r0
 693              	.LVL85:
 203:User/main.c   **** 
 694              		.loc 1 203 9 is_stmt 1 view .LVU139
 695 01b2 0DF58253 		add	r3, sp, #4160
 696 01b6 0833     		adds	r3, r3, #8
 697 01b8 1B68     		ldr	r3, [r3]
 698 01ba 1C49     		ldr	r1, .L32+16
 699 01bc 2548     		ldr	r0, .L32+56
 700 01be FFF7FEFF 		bl	printf
 701              	.LVL86:
 205:User/main.c   ****         {
 702              		.loc 1 205 9 view .LVU140
 703              	.LBB17:
 205:User/main.c   ****         {
 704              		.loc 1 205 13 view .LVU141
 205:User/main.c   ****         {
 705              		.loc 1 205 23 view .LVU142
 706              	.L20:
 207:User/main.c   ****             log_info("read %s len %d res %d\r\n",(char*)mm,read_len,res);
 707              		.loc 1 207 13 discriminator 3 view .LVU143
 207:User/main.c   ****             log_info("read %s len %d res %d\r\n",(char*)mm,read_len,res);
 708              		.loc 1 207 19 is_stmt 0 discriminator 3 view .LVU144
 709 01c2 03AB     		add	r3, sp, #12
 710 01c4 0D22     		movs	r2, #13
 711 01c6 07A9     		add	r1, sp, #28
 712 01c8 0EA8     		add	r0, sp, #56
 713 01ca FFF7FEFF 		bl	f_read
 714              	.LVL87:
 208:User/main.c   ****         }
 715              		.loc 1 208 13 is_stmt 1 discriminator 3 view .LVU145
 716 01ce 0090     		str	r0, [sp]
 717 01d0 039B     		ldr	r3, [sp, #12]
 718 01d2 07AA     		add	r2, sp, #28
 719 01d4 1549     		ldr	r1, .L32+16
 720 01d6 2348     		ldr	r0, .L32+72
 721              	.LVL88:
 208:User/main.c   ****         }
 722              		.loc 1 208 13 is_stmt 0 discriminator 3 view .LVU146
ARM GAS  C:\Users\ADMINI~1\AppData\Local\Temp\cct0XgkL.s 			page 31


 723 01d8 FFF7FEFF 		bl	printf
 724              	.LVL89:
 205:User/main.c   ****         {
 725              		.loc 1 205 29 is_stmt 1 discriminator 3 view .LVU147
 205:User/main.c   ****         {
 726              		.loc 1 205 23 discriminator 3 view .LVU148
 205:User/main.c   ****         {
 727              		.loc 1 205 9 is_stmt 0 discriminator 3 view .LVU149
 728 01dc 013C     		subs	r4, r4, #1
 729              	.LVL90:
 205:User/main.c   ****         {
 730              		.loc 1 205 9 discriminator 3 view .LVU150
 731 01de F0D1     		bne	.L20
 732              	.LBE17:
 212:User/main.c   ****         scan_files("1:");
 733              		.loc 1 212 9 is_stmt 1 view .LVU151
 734 01e0 0EA8     		add	r0, sp, #56
 735 01e2 FFF7FEFF 		bl	f_close
 736              	.LVL91:
 213:User/main.c   ****     }
 737              		.loc 1 213 9 view .LVU152
 738 01e6 1448     		ldr	r0, .L32+28
 739 01e8 FFF7FEFF 		bl	scan_files
 740              	.LVL92:
 741 01ec 60E7     		b	.L18
 742              	.LVL93:
 743              	.L31:
 213:User/main.c   ****     }
 744              		.loc 1 213 9 is_stmt 0 view .LVU153
 745              	.LBE15:
 273:User/main.c   **** 		}
 746              		.loc 1 273 9 is_stmt 1 view .LVU154
 273:User/main.c   **** 		}
 747              		.loc 1 273 17 is_stmt 0 view .LVU155
 748 01ee FFF7FEFF 		bl	eMBPoll
 749              	.LVL94:
 750              	.L24:
 280:User/main.c   **** //        measurement();
 751              		.loc 1 280 9 is_stmt 1 view .LVU156
 752 01f2 FFF7FEFF 		bl	CALIB_THREAD_Poll
 753              	.LVL95:
 282:User/main.c   **** 					reportinfo();
 754              		.loc 1 282 6 view .LVU157
 755 01f6 FFF7FEFF 		bl	ina220_poll
 756              	.LVL96:
 283:User/main.c   ****         led_poll();
 757              		.loc 1 283 6 view .LVU158
 758 01fa FFF7FEFF 		bl	reportinfo
 759              	.LVL97:
 284:User/main.c   **** 			
 760              		.loc 1 284 9 view .LVU159
 761 01fe FFF7FEFF 		bl	led_poll
 762              	.LVL98:
 286:User/main.c   **** 				mbapp_poll(	);
 763              		.loc 1 286 5 view .LVU160
 764 0202 FFF7FEFF 		bl	debug_read
 765              	.LVL99:
ARM GAS  C:\Users\ADMINI~1\AppData\Local\Temp\cct0XgkL.s 			page 32


 287:User/main.c   ****     }
 766              		.loc 1 287 5 view .LVU161
 767 0206 FFF7FEFF 		bl	mbapp_poll
 768              	.LVL100:
 268:User/main.c   ****     {
 769              		.loc 1 268 10 view .LVU162
 770              	.L25:
 268:User/main.c   ****     {
 771              		.loc 1 268 5 view .LVU163
 270:User/main.c   **** 		if(modbusflag)
 772              		.loc 1 270 9 view .LVU164
 773 020a FFF7FEFF 		bl	mainFunction
 774              	.LVL101:
 271:User/main.c   **** 		{
 775              		.loc 1 271 3 view .LVU165
 271:User/main.c   **** 		{
 776              		.loc 1 271 5 is_stmt 0 view .LVU166
 777 020e 2378     		ldrb	r3, [r4]	@ zero_extendqisi2
 778 0210 002B     		cmp	r3, #0
 779 0212 ECD1     		bne	.L31
 277:User/main.c   **** 			
 780              		.loc 1 277 4 is_stmt 1 view .LVU167
 781 0214 FFF7FEFF 		bl	msg_read
 782              	.LVL102:
 783 0218 EBE7     		b	.L24
 784              	.L33:
 785 021a 00BF     		.align	2
 786              	.L32:
 787 021c 00000000 		.word	.LANCHOR0
 788 0220 00000000 		.word	.LC4
 789 0224 00000000 		.word	temp_read_data
 790 0228 58000000 		.word	.LC5
 791 022c 00000000 		.word	.LC0
 792 0230 6C000000 		.word	.LC6
 793 0234 80000000 		.word	.LC7
 794 0238 98000000 		.word	.LC8
 795 023c 00000000 		.word	Flash
 796 0240 00000000 		.word	app_name
 797 0244 14010000 		.word	.LC16
 798 0248 00000000 		.word	modbusflag
 799 024c 9C000000 		.word	.LC9
 800 0250 AC000000 		.word	.LC10
 801 0254 BC000000 		.word	.LC11
 802 0258 1C010000 		.word	.LC12
 803 025c D4000000 		.word	.LC13
 804 0260 DC000000 		.word	.LC14
 805 0264 F4000000 		.word	.LC15
 806              		.cfi_endproc
 807              	.LFE120:
 809              		.section	.text.memory_compare,"ax",%progbits
 810              		.align	1
 811              		.global	memory_compare
 812              		.syntax unified
 813              		.thumb
 814              		.thumb_func
 816              	memory_compare:
 817              	.LVL103:
ARM GAS  C:\Users\ADMINI~1\AppData\Local\Temp\cct0XgkL.s 			page 33


 818              	.LFB124:
 341:User/main.c   **** 
 342:User/main.c   **** 
 343:User/main.c   **** ///************************************************************************************************
 344:User/main.c   **** // 函数名：memory_compare
 345:User/main.c   **** // 功能：内存对比函数
 346:User/main.c   **** // 参数：原目标，对比目标 ，长度
 347:User/main.c   **** //返回：成功 失败
 348:User/main.c   **** //*************************************************************************************************
 349:User/main.c   **** 
 350:User/main.c   **** ErrStatus memory_compare(uint8_t *src, uint8_t *dst, uint16_t length)
 351:User/main.c   **** {
 819              		.loc 1 351 1 view -0
 820              		.cfi_startproc
 821              		@ args = 0, pretend = 0, frame = 0
 822              		@ frame_needed = 0, uses_anonymous_args = 0
 823              		@ link register save eliminated.
 352:User/main.c   ****     while(length --)
 824              		.loc 1 352 5 view .LVU169
 825 0000 0244     		add	r2, r2, r0
 826              	.LVL104:
 827              	.L35:
 828              		.loc 1 352 10 view .LVU170
 829              		.loc 1 352 10 is_stmt 0 view .LVU171
 830 0002 9042     		cmp	r0, r2
 831 0004 07D0     		beq	.L39
 353:User/main.c   ****     {
 354:User/main.c   ****         if(*src++ != *dst++)
 832              		.loc 1 354 9 is_stmt 1 view .LVU172
 833              	.LVL105:
 834              		.loc 1 354 11 is_stmt 0 view .LVU173
 835 0006 10F801CB 		ldrb	ip, [r0], #1	@ zero_extendqisi2
 836              	.LVL106:
 837              		.loc 1 354 11 view .LVU174
 838 000a 11F8013B 		ldrb	r3, [r1], #1	@ zero_extendqisi2
 839              	.LVL107:
 840              		.loc 1 354 11 view .LVU175
 841 000e 9C45     		cmp	ip, r3
 842 0010 F7D0     		beq	.L35
 355:User/main.c   ****             return ERROR;
 843              		.loc 1 355 20 view .LVU176
 844 0012 0020     		movs	r0, #0
 845              	.LVL108:
 356:User/main.c   ****     }
 357:User/main.c   ****     return SUCCESS;
 358:User/main.c   **** }
 846              		.loc 1 358 1 view .LVU177
 847 0014 7047     		bx	lr
 848              	.LVL109:
 849              	.L39:
 357:User/main.c   **** }
 850              		.loc 1 357 12 view .LVU178
 851 0016 0120     		movs	r0, #1
 852              	.LVL110:
 357:User/main.c   **** }
 853              		.loc 1 357 12 view .LVU179
 854 0018 7047     		bx	lr
ARM GAS  C:\Users\ADMINI~1\AppData\Local\Temp\cct0XgkL.s 			page 34


 855              		.cfi_endproc
 856              	.LFE124:
 858              		.global	file_creatflag
 859              		.global	crc
 860              		.global	pixcolor
 861              		.global	System_Ready
 862              		.section	.bss.System_Ready,"aw",%nobits
 863              		.set	.LANCHOR0,. + 0
 866              	System_Ready:
 867 0000 00       		.space	1
 868              		.section	.bss.crc,"aw",%nobits
 871              	crc:
 872 0000 00       		.space	1
 873              		.section	.bss.file_creatflag,"aw",%nobits
 876              	file_creatflag:
 877 0000 00       		.space	1
 878              		.section	.data.pixcolor,"aw"
 879              		.align	2
 882              	pixcolor:
 883 0000 0000FF00 		.word	16711680
 884 0004 00000000 		.space	396
 884      00000000 
 884      00000000 
 884      00000000 
 884      00000000 
 885              		.text
 886              	.Letext0:
 887              		.file 3 "i:\\csharp\\cx900_gcc_off_v1.1\\bin\\x86\\debug\\gcc-arm-none-eabi-10.3-2021.10\\arm-none
 888              		.file 4 "i:\\csharp\\cx900_gcc_off_v1.1\\bin\\x86\\debug\\gcc-arm-none-eabi-10.3-2021.10\\arm-none
 889              		.file 5 "Firmware/CMSIS/GD/GD32F30x/Include/gd32f30x.h"
 890              		.file 6 "Firmware/GD32F30x_standard_peripheral/Include/gd32f30x_rcu.h"
 891              		.file 7 "FatFs/src/integer.h"
 892              		.file 8 "FatFs/src/ff.h"
 893              		.file 9 "MB/modbus/include/mbport.h"
 894              		.file 10 "MB/modbus/include/mb.h"
 895              		.file 11 "Soft_Drive/usart.h"
 896              		.file 12 "Soft_Drive/file_opration.h"
 897              		.file 13 "sdio/fatfs.h"
 898              		.file 14 "Firmware/GD32F30x_standard_peripheral/Include/gd32f30x_gpio.h"
 899              		.file 15 "i:\\csharp\\cx900_gcc_off_v1.1\\bin\\x86\\debug\\gcc-arm-none-eabi-10.3-2021.10\\arm-non
 900              		.file 16 "User/gd32f303e_eval.h"
 901              		.file 17 "CMD/usartfifo.h"
 902              		.file 18 "Soft_Drive/calibthread.h"
 903              		.file 19 "Soft_Drive/ina220.h"
 904              		.file 20 "MB/user_app/user_mb_app.h"
 905              		.file 21 "Soft_Drive/timer.h"
 906              		.file 22 "Soft_Drive/iap.h"
 907              		.file 23 "i:\\csharp\\cx900_gcc_off_v1.1\\bin\\x86\\debug\\gcc-arm-none-eabi-10.3-2021.10\\arm-non
 908              		.file 24 "Firmware/GD32F30x_standard_peripheral/Include/gd32f30x_misc.h"
 909              		.file 25 "Module/UserGpioDefine.h"
 910              		.file 26 "Module/Function.h"
 911              		.file 27 "Module/GPU_Cfg.h"
 912              		.file 28 "GPU/GPU_SDIO.h"
 913              		.file 29 "GPU/GPU_PIC.h"
 914              		.file 30 "MALLOC/malloc.h"
 915              		.file 31 "Soft_Drive/uart_protocol.h"
 916              		.file 32 "USER/systick.h"
ARM GAS  C:\Users\ADMINI~1\AppData\Local\Temp\cct0XgkL.s 			page 35


 917              		.file 33 "Soft_Drive/gd25qxx.h"
 918              		.file 34 "Soft_Drive/chipiic.h"
 919              		.file 35 "Soft_Drive/bspdrivermemory.h"
 920              		.file 36 "GPU/GPU_DAC.h"
 921              		.file 37 "Firmware/GD32F30x_standard_peripheral/Include/gd32f30x_dbg.h"
 922              		.file 38 "<built-in>"
ARM GAS  C:\Users\ADMINI~1\AppData\Local\Temp\cct0XgkL.s 			page 36


DEFINED SYMBOLS
                            *ABS*:00000000 main.c
C:\Users\ADMINI~1\AppData\Local\Temp\cct0XgkL.s:18     .text.app_fatfs_init:00000000 $t
C:\Users\ADMINI~1\AppData\Local\Temp\cct0XgkL.s:24     .text.app_fatfs_init:00000000 app_fatfs_init
C:\Users\ADMINI~1\AppData\Local\Temp\cct0XgkL.s:59     .text.bsp_Idle:00000000 $t
C:\Users\ADMINI~1\AppData\Local\Temp\cct0XgkL.s:65     .text.bsp_Idle:00000000 bsp_Idle
C:\Users\ADMINI~1\AppData\Local\Temp\cct0XgkL.s:100    .rodata.led_init.str1.4:00000000 $d
C:\Users\ADMINI~1\AppData\Local\Temp\cct0XgkL.s:107    .text.led_init:00000000 $t
C:\Users\ADMINI~1\AppData\Local\Temp\cct0XgkL.s:113    .text.led_init:00000000 led_init
C:\Users\ADMINI~1\AppData\Local\Temp\cct0XgkL.s:145    .text.led_init:00000024 $d
C:\Users\ADMINI~1\AppData\Local\Temp\cct0XgkL.s:152    .rodata.bsp_init.str1.4:00000000 $d
C:\Users\ADMINI~1\AppData\Local\Temp\cct0XgkL.s:159    .text.bsp_init:00000000 $t
C:\Users\ADMINI~1\AppData\Local\Temp\cct0XgkL.s:165    .text.bsp_init:00000000 bsp_init
C:\Users\ADMINI~1\AppData\Local\Temp\cct0XgkL.s:282    .text.bsp_init:00000084 $d
C:\Users\ADMINI~1\AppData\Local\Temp\cct0XgkL.s:295    .rodata.main.str1.4:00000000 $d
C:\Users\ADMINI~1\AppData\Local\Temp\cct0XgkL.s:336    .text.main:00000000 $t
C:\Users\ADMINI~1\AppData\Local\Temp\cct0XgkL.s:342    .text.main:00000000 main
C:\Users\ADMINI~1\AppData\Local\Temp\cct0XgkL.s:787    .text.main:0000021c $d
C:\Users\ADMINI~1\AppData\Local\Temp\cct0XgkL.s:810    .text.memory_compare:00000000 $t
C:\Users\ADMINI~1\AppData\Local\Temp\cct0XgkL.s:816    .text.memory_compare:00000000 memory_compare
C:\Users\ADMINI~1\AppData\Local\Temp\cct0XgkL.s:876    .bss.file_creatflag:00000000 file_creatflag
C:\Users\ADMINI~1\AppData\Local\Temp\cct0XgkL.s:871    .bss.crc:00000000 crc
C:\Users\ADMINI~1\AppData\Local\Temp\cct0XgkL.s:882    .data.pixcolor:00000000 pixcolor
C:\Users\ADMINI~1\AppData\Local\Temp\cct0XgkL.s:866    .bss.System_Ready:00000000 System_Ready
C:\Users\ADMINI~1\AppData\Local\Temp\cct0XgkL.s:867    .bss.System_Ready:00000000 $d
C:\Users\ADMINI~1\AppData\Local\Temp\cct0XgkL.s:872    .bss.crc:00000000 $d
C:\Users\ADMINI~1\AppData\Local\Temp\cct0XgkL.s:877    .bss.file_creatflag:00000000 $d
C:\Users\ADMINI~1\AppData\Local\Temp\cct0XgkL.s:879    .data.pixcolor:00000000 $d

UNDEFINED SYMBOLS
bsp_DelayMS
iap_init
led_poll
debug_read
CALIB_THREAD_Poll
ina220_poll
reportinfo
mbapp_poll
rcu_periph_clock_enable
gpio_init
printf
systick_config
gd_eval_com_init
time_config
spi_flash_init
GPIO_Configuration
MCU_GPU_FSMCConfig
eMBInit
eMBEnable
CHIP_IIC_Init
MEMORY_Init
InitDac
Ina220_Iint
spi_flash_read_id
read_pass_num
msgfifo_init
msg_init
ARM GAS  C:\Users\ADMINI~1\AppData\Local\Temp\cct0XgkL.s 			page 37


modbusflag
temp_read_data
nvic_vector_table_set
ringbuffer_init
Fpga_Start
mainInit
GPU_Beep
O_PWR_5V_EN
GPU_SDIO_INIT
GPU_FindBmp
GPU_PIC_Init
CALIB_THREAD_Init
Init_Alarm
puts
printk
FATFS_Init
mem_init
Fatfs_init
f_mount
scan_files
strcmp
ParameterDownload
f_mkfs
f_open
sprintf
f_write
f_close
f_read
eMBPoll
mainFunction
msg_read
Flash
app_name
