ARM GAS  C:\Users\ADMINI~1\AppData\Local\Temp\ccBH7jWg.s 			page 1


   1              		.cpu cortex-m4
   2              		.arch armv7e-m
   3              		.fpu softvfp
   4              		.eabi_attribute 20, 1
   5              		.eabi_attribute 21, 1
   6              		.eabi_attribute 23, 3
   7              		.eabi_attribute 24, 1
   8              		.eabi_attribute 25, 1
   9              		.eabi_attribute 26, 1
  10              		.eabi_attribute 30, 1
  11              		.eabi_attribute 34, 1
  12              		.eabi_attribute 18, 4
  13              		.file	"user_config.c"
  14              		.text
  15              	.Ltext0:
  16              		.cfi_sections	.debug_frame
  17              		.global	ptr_MIPI_TABLE
  18              		.global	PARA_MIPI_VedioMode
  19              		.global	HWSSD2828
  20              		.global	SSD2828Init
  21              		.section	.data.PARA_MIPI_VedioMode,"aw"
  22              		.align	2
  25              	PARA_MIPI_VedioMode:
  26 0000 4A585F37 		.ascii	"JX_7.9_CPHY_10801920\000"
  26      2E395F43 
  26      5048595F 
  26      31303830 
  26      31393230 
  27 0015 00000000 		.space	8
  27      00000000 
  28 001d 4E5400   		.ascii	"NT\000"
  29 0020 00000000 		.space	26
  29      00000000 
  29      00000000 
  29      00000000 
  29      00000000 
  30 003a 32303234 		.ascii	"20240829\000"
  30      30383239 
  30      00
  31 0043 00000000 		.space	20
  31      00000000 
  31      00000000 
  31      00000000 
  31      00000000 
  32 0057 01       		.byte	1
  33 0058 00       		.byte	0
  34 0059 00       		.byte	0
  35 005a 6300     		.short	99
  36 005c 03       		.byte	3
  37 005d 01       		.byte	1
  38 005e 01       		.byte	1
  39 005f 01       		.byte	1
  40 0060 00       		.byte	0
  41 0061 02       		.byte	2
  42 0062 3804     		.short	1080
  43 0064 8007     		.short	1920
  44 0066 1000     		.short	16
ARM GAS  C:\Users\ADMINI~1\AppData\Local\Temp\ccBH7jWg.s 			page 2


  45 0068 1200     		.short	18
  46 006a 0E00     		.short	14
  47 006c 0C00     		.short	12
  48 006e 0B00     		.short	11
  49 0070 0100     		.short	1
  50 0072 3A07     		.short	1850
  51 0074 0000     		.short	0
  52 0076 9E07     		.short	1950
  53 0078 0000     		.short	0
  54 007a 3C00     		.short	60
  55 007c E40C     		.short	3300
  56 007e 0000     		.short	0
  57 0080 480D     		.short	3400
  58 0082 0000     		.short	0
  59 0084 2C01     		.short	300
  60 0086 E40C     		.short	3300
  61 0088 0000     		.short	0
  62 008a 480D     		.short	3400
  63 008c 0000     		.short	0
  64 008e 2C01     		.short	300
  65 0090 E40C     		.short	3300
  66 0092 0000     		.short	0
  67 0094 480D     		.short	3400
  68 0096 0000     		.short	0
  69 0098 2C01     		.short	300
  70 009a E40C     		.short	3300
  71 009c 0000     		.short	0
  72 009e 480D     		.short	3400
  73 00a0 0000     		.short	0
  74 00a2 2C01     		.short	300
  75 00a4 E40C     		.short	3300
  76 00a6 0000     		.short	0
  77 00a8 480D     		.short	3400
  78 00aa 0000     		.short	0
  79 00ac 2C01     		.short	300
  80 00ae A816     		.short	5800
  81 00b0 0000     		.short	0
  82 00b2 0C17     		.short	5900
  83 00b4 0000     		.short	0
  84 00b6 1400     		.short	20
  85 00b8 A816     		.short	5800
  86 00ba 0000     		.short	0
  87 00bc 0C17     		.short	5900
  88 00be 0000     		.short	0
  89 00c0 1400     		.short	20
  90 00c2 0000     		.short	0
  91 00c4 0000     		.short	0
  92 00c6 409C     		.short	-25536
  93 00c8 0000     		.short	0
  94 00ca 6400     		.short	100
  95 00cc 0A00     		.short	10
  96 00ce 0000     		.space	2
  97 00d0 32002000 		.word	2097202
  98 00d4 32002000 		.word	2097202
  99 00d8 32002000 		.word	2097202
 100 00dc 32002000 		.word	2097202
 101 00e0 32002000 		.word	2097202
ARM GAS  C:\Users\ADMINI~1\AppData\Local\Temp\ccBH7jWg.s 			page 3


 102 00e4 32002000 		.word	2097202
 103 00e8 32002000 		.word	2097202
 104 00ec 32002000 		.word	2097202
 105 00f0 F401     		.short	500
 106 00f2 0B00     		.short	11
 107 00f4 01       		.byte	1
 108 00f5 00       		.space	1
 109 00f6 0300     		.short	3
 110 00f8 6400     		.short	100
 111 00fa 6400     		.short	100
 112 00fc 6400     		.short	100
 113 00fe 6400     		.short	100
 114 0100 6400     		.short	100
 115 0102 00       		.byte	0
 116 0103 00       		.byte	0
 117 0104 00       		.byte	0
 118 0105 00000000 		.space	243
 118      00000000 
 118      00000000 
 118      00000000 
 118      00000000 
 119              		.section	.data.ptr_MIPI_TABLE,"aw"
 120              		.align	2
 123              	ptr_MIPI_TABLE:
 124 0000 00000000 		.word	PARA_MIPI_VedioMode
 125              		.section	.rodata.HWSSD2828,"a"
 128              	HWSSD2828:
 129 0000 00       		.space	1
 130              		.section	.rodata.SSD2828Init,"a"
 133              	SSD2828Init:
 134 0000 00       		.space	1
 135              		.text
 136              	.Letext0:
 137              		.file 1 "i:\\csharp\\cx900_gcc_off_v1.1\\bin\\x86\\debug\\gcc-arm-none-eabi-10.3-2021.10\\arm-none
 138              		.file 2 "i:\\csharp\\cx900_gcc_off_v1.1\\bin\\x86\\debug\\gcc-arm-none-eabi-10.3-2021.10\\arm-none
 139              		.file 3 "Module/user_config.h"
 140              		.file 4 "Module/user_config.c"
 141              		.file 5 "Firmware/GD32F30x_standard_peripheral/Include/gd32f30x_dbg.h"
ARM GAS  C:\Users\ADMINI~1\AppData\Local\Temp\ccBH7jWg.s 			page 4


DEFINED SYMBOLS
                            *ABS*:00000000 user_config.c
C:\Users\ADMINI~1\AppData\Local\Temp\ccBH7jWg.s:123    .data.ptr_MIPI_TABLE:00000000 ptr_MIPI_TABLE
C:\Users\ADMINI~1\AppData\Local\Temp\ccBH7jWg.s:25     .data.PARA_MIPI_VedioMode:00000000 PARA_MIPI_VedioMode
C:\Users\ADMINI~1\AppData\Local\Temp\ccBH7jWg.s:128    .rodata.HWSSD2828:00000000 HWSSD2828
C:\Users\ADMINI~1\AppData\Local\Temp\ccBH7jWg.s:133    .rodata.SSD2828Init:00000000 SSD2828Init
C:\Users\ADMINI~1\AppData\Local\Temp\ccBH7jWg.s:22     .data.PARA_MIPI_VedioMode:00000000 $d
C:\Users\ADMINI~1\AppData\Local\Temp\ccBH7jWg.s:120    .data.ptr_MIPI_TABLE:00000000 $d
C:\Users\ADMINI~1\AppData\Local\Temp\ccBH7jWg.s:129    .rodata.HWSSD2828:00000000 $d
C:\Users\ADMINI~1\AppData\Local\Temp\ccBH7jWg.s:134    .rodata.SSD2828Init:00000000 $d

NO UNDEFINED SYMBOLS
