ARM GAS  C:\Users\ADMINI~1\AppData\Local\Temp\ccezNFga.s 			page 1


   1              		.cpu cortex-m4
   2              		.arch armv7e-m
   3              		.fpu softvfp
   4              		.eabi_attribute 20, 1
   5              		.eabi_attribute 21, 1
   6              		.eabi_attribute 23, 3
   7              		.eabi_attribute 24, 1
   8              		.eabi_attribute 25, 1
   9              		.eabi_attribute 26, 1
  10              		.eabi_attribute 30, 6
  11              		.eabi_attribute 34, 1
  12              		.eabi_attribute 18, 4
  13              		.file	"app.c"
  14              		.text
  15              	.Ltext0:
  16              		.cfi_sections	.debug_frame
  17              		.section	.text.Init_IO,"ax",%progbits
  18              		.align	1
  19              		.global	Init_IO
  20              		.syntax unified
  21              		.thumb
  22              		.thumb_func
  24              	Init_IO:
  25              	.LFB119:
  26              		.file 1 "Module/app.c"
   1:Module/app.c  **** #include"user_config.h"
   2:Module/app.c  **** #include "delay.h"
   3:Module/app.c  **** #include "GPU_Cfg.h"
   4:Module/app.c  **** #include "GPU_PIC.h"
   5:Module/app.c  **** #include "GPU_Show.h"
   6:Module/app.c  **** #include "usartfifo.h"
   7:Module/app.c  **** #include "timer.h"
   8:Module/app.c  **** #include "mytext.h"
   9:Module/app.c  **** #include "mytext.h"
  10:Module/app.c  **** extern uint8_t P0_SampleValue;
  11:Module/app.c  **** extern uint8_t KeyPowerPressed;
  12:Module/app.c  **** extern uint8_t KeyUpPressed;
  13:Module/app.c  **** extern uint8_t KeyDownPressed;
  14:Module/app.c  **** extern uint8_t ShowMode;
  15:Module/app.c  **** void Init_IO(void)
  16:Module/app.c  **** {
  27              		.loc 1 16 1
  28              		.cfi_startproc
  29              		@ args = 0, pretend = 0, frame = 0
  30              		@ frame_needed = 1, uses_anonymous_args = 0
  31 0000 80B5     		push	{r7, lr}
  32              	.LCFI0:
  33              		.cfi_def_cfa_offset 8
  34              		.cfi_offset 7, -8
  35              		.cfi_offset 14, -4
  36 0002 00AF     		add	r7, sp, #0
  37              	.LCFI1:
  38              		.cfi_def_cfa_register 7
  17:Module/app.c  **** init_spi();
  39              		.loc 1 17 1
  40 0004 FFF7FEFF 		bl	init_spi
  18:Module/app.c  **** }
ARM GAS  C:\Users\ADMINI~1\AppData\Local\Temp\ccezNFga.s 			page 2


  41              		.loc 1 18 1
  42 0008 00BF     		nop
  43 000a 80BD     		pop	{r7, pc}
  44              		.cfi_endproc
  45              	.LFE119:
  47              		.section	.rodata
  48              		.align	2
  49              	.LC0:
  50 0000 73747269 		.ascii	"stringphoto0x%06x \015\012\000"
  50      6E677068 
  50      6F746F30 
  50      78253036 
  50      78200D0A 
  51              		.section	.text.Color,"ax",%progbits
  52              		.align	1
  53              		.global	Color
  54              		.syntax unified
  55              		.thumb
  56              		.thumb_func
  58              	Color:
  59              	.LFB120:
  19:Module/app.c  **** /**************************************************************************************************
  20:Module/app.c  **** *     函 数 名: Lcd_ShowMode
  21:Module/app.c  **** *     功能说明:
  22:Module/app.c  **** *     形    参: --
  23:Module/app.c  **** *     返 回 值:
  24:Module/app.c  **** *     日期	 :2022-10-08
  25:Module/app.c  **** ***************************************************************************************************
  26:Module/app.c  **** */ 
  27:Module/app.c  **** void Color(uint32_t color)
  28:Module/app.c  **** {
  60              		.loc 1 28 1
  61              		.cfi_startproc
  62              		@ args = 0, pretend = 0, frame = 8
  63              		@ frame_needed = 1, uses_anonymous_args = 0
  64 0000 80B5     		push	{r7, lr}
  65              	.LCFI2:
  66              		.cfi_def_cfa_offset 8
  67              		.cfi_offset 7, -8
  68              		.cfi_offset 14, -4
  69 0002 82B0     		sub	sp, sp, #8
  70              	.LCFI3:
  71              		.cfi_def_cfa_offset 16
  72 0004 00AF     		add	r7, sp, #0
  73              	.LCFI4:
  74              		.cfi_def_cfa_register 7
  75 0006 7860     		str	r0, [r7, #4]
  29:Module/app.c  **** 	Lcd_ShowPureColor(ptr_MIPI_TABLE[gMipiTableIndex]->HACT_WIDTH,ptr_MIPI_TABLE[gMipiTableIndex]->VAC
  76              		.loc 1 29 34
  77 0008 0E4B     		ldr	r3, .L3
  78 000a 1B78     		ldrb	r3, [r3]
  79 000c DBB2     		uxtb	r3, r3
  80 000e 1A46     		mov	r2, r3
  81 0010 0D4B     		ldr	r3, .L3+4
  82 0012 53F82230 		ldr	r3, [r3, r2, lsl #2]
  83              		.loc 1 29 2
  84 0016 B3F86200 		ldrh	r0, [r3, #98]
ARM GAS  C:\Users\ADMINI~1\AppData\Local\Temp\ccezNFga.s 			page 3


  85              		.loc 1 29 78
  86 001a 0A4B     		ldr	r3, .L3
  87 001c 1B78     		ldrb	r3, [r3]
  88 001e DBB2     		uxtb	r3, r3
  89 0020 1A46     		mov	r2, r3
  90 0022 094B     		ldr	r3, .L3+4
  91 0024 53F82230 		ldr	r3, [r3, r2, lsl #2]
  92              		.loc 1 29 2
  93 0028 B3F86430 		ldrh	r3, [r3, #100]
  94 002c 7A68     		ldr	r2, [r7, #4]
  95 002e 1946     		mov	r1, r3
  96 0030 FFF7FEFF 		bl	Lcd_ShowPureColor
  30:Module/app.c  **** 	printk("stringphoto0x%06x \r\n",color);
  97              		.loc 1 30 2
  98 0034 7968     		ldr	r1, [r7, #4]
  99 0036 0548     		ldr	r0, .L3+8
 100 0038 FFF7FEFF 		bl	printk
  31:Module/app.c  **** }
 101              		.loc 1 31 1
 102 003c 00BF     		nop
 103 003e 0837     		adds	r7, r7, #8
 104              	.LCFI5:
 105              		.cfi_def_cfa_offset 8
 106 0040 BD46     		mov	sp, r7
 107              	.LCFI6:
 108              		.cfi_def_cfa_register 13
 109              		@ sp needed
 110 0042 80BD     		pop	{r7, pc}
 111              	.L4:
 112              		.align	2
 113              	.L3:
 114 0044 00000000 		.word	gMipiTableIndex
 115 0048 00000000 		.word	ptr_MIPI_TABLE
 116 004c 00000000 		.word	.LC0
 117              		.cfi_endproc
 118              	.LFE120:
 120              		.section	.rodata
 121 0015 000000   		.align	2
 122              	.LC1:
 123 0018 73747269 		.ascii	"stringphotoColorBarCol \015\012\000"
 123      6E677068 
 123      6F746F43 
 123      6F6C6F72 
 123      42617243 
 124              		.section	.text.ColorBarCol,"ax",%progbits
 125              		.align	1
 126              		.global	ColorBarCol
 127              		.syntax unified
 128              		.thumb
 129              		.thumb_func
 131              	ColorBarCol:
 132              	.LFB121:
  32:Module/app.c  **** void ColorBarCol(uint16_t div)
  33:Module/app.c  **** {
 133              		.loc 1 33 1
 134              		.cfi_startproc
 135              		@ args = 0, pretend = 0, frame = 8
ARM GAS  C:\Users\ADMINI~1\AppData\Local\Temp\ccezNFga.s 			page 4


 136              		@ frame_needed = 1, uses_anonymous_args = 0
 137 0000 80B5     		push	{r7, lr}
 138              	.LCFI7:
 139              		.cfi_def_cfa_offset 8
 140              		.cfi_offset 7, -8
 141              		.cfi_offset 14, -4
 142 0002 82B0     		sub	sp, sp, #8
 143              	.LCFI8:
 144              		.cfi_def_cfa_offset 16
 145 0004 00AF     		add	r7, sp, #0
 146              	.LCFI9:
 147              		.cfi_def_cfa_register 7
 148 0006 0346     		mov	r3, r0
 149 0008 FB80     		strh	r3, [r7, #6]	@ movhi
  34:Module/app.c  **** 	ColorBarCol1(ptr_MIPI_TABLE[gMipiTableIndex]->HACT_WIDTH,ptr_MIPI_TABLE[gMipiTableIndex]->VACT_WID
 150              		.loc 1 34 29
 151 000a 0E4B     		ldr	r3, .L6
 152 000c 1B78     		ldrb	r3, [r3]
 153 000e DBB2     		uxtb	r3, r3
 154 0010 1A46     		mov	r2, r3
 155 0012 0D4B     		ldr	r3, .L6+4
 156 0014 53F82230 		ldr	r3, [r3, r2, lsl #2]
 157              		.loc 1 34 2
 158 0018 B3F86200 		ldrh	r0, [r3, #98]
 159              		.loc 1 34 73
 160 001c 094B     		ldr	r3, .L6
 161 001e 1B78     		ldrb	r3, [r3]
 162 0020 DBB2     		uxtb	r3, r3
 163 0022 1A46     		mov	r2, r3
 164 0024 084B     		ldr	r3, .L6+4
 165 0026 53F82230 		ldr	r3, [r3, r2, lsl #2]
 166              		.loc 1 34 2
 167 002a B3F86430 		ldrh	r3, [r3, #100]
 168 002e FA88     		ldrh	r2, [r7, #6]
 169 0030 1946     		mov	r1, r3
 170 0032 FFF7FEFF 		bl	ColorBarCol1
  35:Module/app.c  **** 	printk("stringphotoColorBarCol \r\n");
 171              		.loc 1 35 2
 172 0036 0548     		ldr	r0, .L6+8
 173 0038 FFF7FEFF 		bl	printk
  36:Module/app.c  **** }
 174              		.loc 1 36 1
 175 003c 00BF     		nop
 176 003e 0837     		adds	r7, r7, #8
 177              	.LCFI10:
 178              		.cfi_def_cfa_offset 8
 179 0040 BD46     		mov	sp, r7
 180              	.LCFI11:
 181              		.cfi_def_cfa_register 13
 182              		@ sp needed
 183 0042 80BD     		pop	{r7, pc}
 184              	.L7:
 185              		.align	2
 186              	.L6:
 187 0044 00000000 		.word	gMipiTableIndex
 188 0048 00000000 		.word	ptr_MIPI_TABLE
 189 004c 18000000 		.word	.LC1
ARM GAS  C:\Users\ADMINI~1\AppData\Local\Temp\ccezNFga.s 			page 5


 190              		.cfi_endproc
 191              	.LFE121:
 193              		.section	.rodata
 194 0032 0000     		.align	2
 195              	.LC2:
 196 0034 73747269 		.ascii	"stringphotoColorBarRow \015\012\000"
 196      6E677068 
 196      6F746F43 
 196      6F6C6F72 
 196      42617252 
 197              		.section	.text.ColorBarRow,"ax",%progbits
 198              		.align	1
 199              		.global	ColorBarRow
 200              		.syntax unified
 201              		.thumb
 202              		.thumb_func
 204              	ColorBarRow:
 205              	.LFB122:
  37:Module/app.c  **** void ColorBarRow(uint16_t div)
  38:Module/app.c  **** {
 206              		.loc 1 38 1
 207              		.cfi_startproc
 208              		@ args = 0, pretend = 0, frame = 8
 209              		@ frame_needed = 1, uses_anonymous_args = 0
 210 0000 80B5     		push	{r7, lr}
 211              	.LCFI12:
 212              		.cfi_def_cfa_offset 8
 213              		.cfi_offset 7, -8
 214              		.cfi_offset 14, -4
 215 0002 82B0     		sub	sp, sp, #8
 216              	.LCFI13:
 217              		.cfi_def_cfa_offset 16
 218 0004 00AF     		add	r7, sp, #0
 219              	.LCFI14:
 220              		.cfi_def_cfa_register 7
 221 0006 0346     		mov	r3, r0
 222 0008 FB80     		strh	r3, [r7, #6]	@ movhi
  39:Module/app.c  **** 	ColorBarRow1(ptr_MIPI_TABLE[gMipiTableIndex]->HACT_WIDTH,ptr_MIPI_TABLE[gMipiTableIndex]->VACT_WID
 223              		.loc 1 39 29
 224 000a 0E4B     		ldr	r3, .L9
 225 000c 1B78     		ldrb	r3, [r3]
 226 000e DBB2     		uxtb	r3, r3
 227 0010 1A46     		mov	r2, r3
 228 0012 0D4B     		ldr	r3, .L9+4
 229 0014 53F82230 		ldr	r3, [r3, r2, lsl #2]
 230              		.loc 1 39 2
 231 0018 B3F86200 		ldrh	r0, [r3, #98]
 232              		.loc 1 39 73
 233 001c 094B     		ldr	r3, .L9
 234 001e 1B78     		ldrb	r3, [r3]
 235 0020 DBB2     		uxtb	r3, r3
 236 0022 1A46     		mov	r2, r3
 237 0024 084B     		ldr	r3, .L9+4
 238 0026 53F82230 		ldr	r3, [r3, r2, lsl #2]
 239              		.loc 1 39 2
 240 002a B3F86430 		ldrh	r3, [r3, #100]
 241 002e FA88     		ldrh	r2, [r7, #6]
ARM GAS  C:\Users\ADMINI~1\AppData\Local\Temp\ccezNFga.s 			page 6


 242 0030 1946     		mov	r1, r3
 243 0032 FFF7FEFF 		bl	ColorBarRow1
  40:Module/app.c  **** 	printk("stringphotoColorBarRow \r\n");
 244              		.loc 1 40 2
 245 0036 0548     		ldr	r0, .L9+8
 246 0038 FFF7FEFF 		bl	printk
  41:Module/app.c  **** }
 247              		.loc 1 41 1
 248 003c 00BF     		nop
 249 003e 0837     		adds	r7, r7, #8
 250              	.LCFI15:
 251              		.cfi_def_cfa_offset 8
 252 0040 BD46     		mov	sp, r7
 253              	.LCFI16:
 254              		.cfi_def_cfa_register 13
 255              		@ sp needed
 256 0042 80BD     		pop	{r7, pc}
 257              	.L10:
 258              		.align	2
 259              	.L9:
 260 0044 00000000 		.word	gMipiTableIndex
 261 0048 00000000 		.word	ptr_MIPI_TABLE
 262 004c 34000000 		.word	.LC2
 263              		.cfi_endproc
 264              	.LFE122:
 266              		.section	.rodata
 267 004e 0000     		.align	2
 268              	.LC3:
 269 0050 73747269 		.ascii	"stringphotoBlackWight \015\012\000"
 269      6E677068 
 269      6F746F42 
 269      6C61636B 
 269      57696768 
 270              		.section	.text.BlackWight,"ax",%progbits
 271              		.align	1
 272              		.global	BlackWight
 273              		.syntax unified
 274              		.thumb
 275              		.thumb_func
 277              	BlackWight:
 278              	.LFB123:
  42:Module/app.c  **** 
  43:Module/app.c  **** void BlackWight(uint32_t color1, uint32_t color2)
  44:Module/app.c  **** {
 279              		.loc 1 44 1
 280              		.cfi_startproc
 281              		@ args = 0, pretend = 0, frame = 8
 282              		@ frame_needed = 1, uses_anonymous_args = 0
 283 0000 90B5     		push	{r4, r7, lr}
 284              	.LCFI17:
 285              		.cfi_def_cfa_offset 12
 286              		.cfi_offset 4, -12
 287              		.cfi_offset 7, -8
 288              		.cfi_offset 14, -4
 289 0002 87B0     		sub	sp, sp, #28
 290              	.LCFI18:
 291              		.cfi_def_cfa_offset 40
ARM GAS  C:\Users\ADMINI~1\AppData\Local\Temp\ccezNFga.s 			page 7


 292 0004 04AF     		add	r7, sp, #16
 293              	.LCFI19:
 294              		.cfi_def_cfa 7, 24
 295 0006 7860     		str	r0, [r7, #4]
 296 0008 3960     		str	r1, [r7]
  45:Module/app.c  **** 	BlackWight1(1, 1, ptr_MIPI_TABLE[gMipiTableIndex]->HACT_WIDTH-1, ptr_MIPI_TABLE[gMipiTableIndex]->
 297              		.loc 1 45 34
 298 000a 1D4B     		ldr	r3, .L12
 299 000c 1B78     		ldrb	r3, [r3]
 300 000e DBB2     		uxtb	r3, r3
 301 0010 1A46     		mov	r2, r3
 302 0012 1C4B     		ldr	r3, .L12+4
 303 0014 53F82230 		ldr	r3, [r3, r2, lsl #2]
 304              		.loc 1 45 51
 305 0018 B3F86230 		ldrh	r3, [r3, #98]
 306              		.loc 1 45 2
 307 001c 013B     		subs	r3, r3, #1
 308 001e 98B2     		uxth	r0, r3
 309              		.loc 1 45 81
 310 0020 174B     		ldr	r3, .L12
 311 0022 1B78     		ldrb	r3, [r3]
 312 0024 DBB2     		uxtb	r3, r3
 313 0026 1A46     		mov	r2, r3
 314 0028 164B     		ldr	r3, .L12+4
 315 002a 53F82230 		ldr	r3, [r3, r2, lsl #2]
 316              		.loc 1 45 98
 317 002e B3F86430 		ldrh	r3, [r3, #100]
 318              		.loc 1 45 2
 319 0032 013B     		subs	r3, r3, #1
 320 0034 9CB2     		uxth	r4, r3
 321              		.loc 1 45 128
 322 0036 124B     		ldr	r3, .L12
 323 0038 1B78     		ldrb	r3, [r3]
 324 003a DBB2     		uxtb	r3, r3
 325 003c 1A46     		mov	r2, r3
 326 003e 114B     		ldr	r3, .L12+4
 327 0040 53F82230 		ldr	r3, [r3, r2, lsl #2]
 328              		.loc 1 45 2
 329 0044 B3F86230 		ldrh	r3, [r3, #98]
 330              		.loc 1 45 172
 331 0048 0D4A     		ldr	r2, .L12
 332 004a 1278     		ldrb	r2, [r2]
 333 004c D2B2     		uxtb	r2, r2
 334 004e 1146     		mov	r1, r2
 335 0050 0C4A     		ldr	r2, .L12+4
 336 0052 52F82120 		ldr	r2, [r2, r1, lsl #2]
 337              		.loc 1 45 2
 338 0056 B2F86420 		ldrh	r2, [r2, #100]
 339 005a 3968     		ldr	r1, [r7]
 340 005c 0391     		str	r1, [sp, #12]
 341 005e 7968     		ldr	r1, [r7, #4]
 342 0060 0291     		str	r1, [sp, #8]
 343 0062 0192     		str	r2, [sp, #4]
 344 0064 0093     		str	r3, [sp]
 345 0066 2346     		mov	r3, r4
 346 0068 0246     		mov	r2, r0
 347 006a 0121     		movs	r1, #1
ARM GAS  C:\Users\ADMINI~1\AppData\Local\Temp\ccezNFga.s 			page 8


 348 006c 0120     		movs	r0, #1
 349 006e FFF7FEFF 		bl	BlackWight1
  46:Module/app.c  **** 	printk("stringphotoBlackWight \r\n");
 350              		.loc 1 46 2
 351 0072 0548     		ldr	r0, .L12+8
 352 0074 FFF7FEFF 		bl	printk
  47:Module/app.c  **** }
 353              		.loc 1 47 1
 354 0078 00BF     		nop
 355 007a 0C37     		adds	r7, r7, #12
 356              	.LCFI20:
 357              		.cfi_def_cfa_offset 12
 358 007c BD46     		mov	sp, r7
 359              	.LCFI21:
 360              		.cfi_def_cfa_register 13
 361              		@ sp needed
 362 007e 90BD     		pop	{r4, r7, pc}
 363              	.L13:
 364              		.align	2
 365              	.L12:
 366 0080 00000000 		.word	gMipiTableIndex
 367 0084 00000000 		.word	ptr_MIPI_TABLE
 368 0088 50000000 		.word	.LC3
 369              		.cfi_endproc
 370              	.LFE123:
 372              		.section	.rodata
 373 0069 000000   		.align	2
 374              	.LC4:
 375 006c 73747269 		.ascii	"stringphotoCheckerboard \015\012\000"
 375      6E677068 
 375      6F746F43 
 375      6865636B 
 375      6572626F 
 376              		.section	.text.Checkerboard,"ax",%progbits
 377              		.align	1
 378              		.global	Checkerboard
 379              		.syntax unified
 380              		.thumb
 381              		.thumb_func
 383              	Checkerboard:
 384              	.LFB124:
  48:Module/app.c  **** 
  49:Module/app.c  **** void Checkerboard(uint16_t div)
  50:Module/app.c  **** {
 385              		.loc 1 50 1
 386              		.cfi_startproc
 387              		@ args = 0, pretend = 0, frame = 8
 388              		@ frame_needed = 1, uses_anonymous_args = 0
 389 0000 80B5     		push	{r7, lr}
 390              	.LCFI22:
 391              		.cfi_def_cfa_offset 8
 392              		.cfi_offset 7, -8
 393              		.cfi_offset 14, -4
 394 0002 82B0     		sub	sp, sp, #8
 395              	.LCFI23:
 396              		.cfi_def_cfa_offset 16
 397 0004 00AF     		add	r7, sp, #0
ARM GAS  C:\Users\ADMINI~1\AppData\Local\Temp\ccezNFga.s 			page 9


 398              	.LCFI24:
 399              		.cfi_def_cfa_register 7
 400 0006 0346     		mov	r3, r0
 401 0008 FB80     		strh	r3, [r7, #6]	@ movhi
  51:Module/app.c  **** 	Checkerboard1(ptr_MIPI_TABLE[gMipiTableIndex]->HACT_WIDTH,ptr_MIPI_TABLE[gMipiTableIndex]->VACT_WI
 402              		.loc 1 51 30
 403 000a 0E4B     		ldr	r3, .L15
 404 000c 1B78     		ldrb	r3, [r3]
 405 000e DBB2     		uxtb	r3, r3
 406 0010 1A46     		mov	r2, r3
 407 0012 0D4B     		ldr	r3, .L15+4
 408 0014 53F82230 		ldr	r3, [r3, r2, lsl #2]
 409              		.loc 1 51 2
 410 0018 B3F86200 		ldrh	r0, [r3, #98]
 411              		.loc 1 51 74
 412 001c 094B     		ldr	r3, .L15
 413 001e 1B78     		ldrb	r3, [r3]
 414 0020 DBB2     		uxtb	r3, r3
 415 0022 1A46     		mov	r2, r3
 416 0024 084B     		ldr	r3, .L15+4
 417 0026 53F82230 		ldr	r3, [r3, r2, lsl #2]
 418              		.loc 1 51 2
 419 002a B3F86430 		ldrh	r3, [r3, #100]
 420 002e FA88     		ldrh	r2, [r7, #6]
 421 0030 1946     		mov	r1, r3
 422 0032 FFF7FEFF 		bl	Checkerboard1
  52:Module/app.c  **** 	printk("stringphotoCheckerboard \r\n");
 423              		.loc 1 52 2
 424 0036 0548     		ldr	r0, .L15+8
 425 0038 FFF7FEFF 		bl	printk
  53:Module/app.c  **** }
 426              		.loc 1 53 1
 427 003c 00BF     		nop
 428 003e 0837     		adds	r7, r7, #8
 429              	.LCFI25:
 430              		.cfi_def_cfa_offset 8
 431 0040 BD46     		mov	sp, r7
 432              	.LCFI26:
 433              		.cfi_def_cfa_register 13
 434              		@ sp needed
 435 0042 80BD     		pop	{r7, pc}
 436              	.L16:
 437              		.align	2
 438              	.L15:
 439 0044 00000000 		.word	gMipiTableIndex
 440 0048 00000000 		.word	ptr_MIPI_TABLE
 441 004c 6C000000 		.word	.LC4
 442              		.cfi_endproc
 443              	.LFE124:
 445              		.section	.rodata
 446 0087 00       		.align	2
 447              	.LC5:
 448 0088 73747269 		.ascii	"stringphotoCrossTalk \015\012\000"
 448      6E677068 
 448      6F746F43 
 448      726F7373 
 448      54616C6B 
ARM GAS  C:\Users\ADMINI~1\AppData\Local\Temp\ccezNFga.s 			page 10


 449              		.section	.text.CrossTalk,"ax",%progbits
 450              		.align	1
 451              		.global	CrossTalk
 452              		.syntax unified
 453              		.thumb
 454              		.thumb_func
 456              	CrossTalk:
 457              	.LFB125:
  54:Module/app.c  **** 
  55:Module/app.c  **** void CrossTalk(uint32_t color1, uint32_t color2)
  56:Module/app.c  **** {
 458              		.loc 1 56 1
 459              		.cfi_startproc
 460              		@ args = 0, pretend = 0, frame = 8
 461              		@ frame_needed = 1, uses_anonymous_args = 0
 462 0000 F0B5     		push	{r4, r5, r6, r7, lr}
 463              	.LCFI27:
 464              		.cfi_def_cfa_offset 20
 465              		.cfi_offset 4, -20
 466              		.cfi_offset 5, -16
 467              		.cfi_offset 6, -12
 468              		.cfi_offset 7, -8
 469              		.cfi_offset 14, -4
 470 0002 87B0     		sub	sp, sp, #28
 471              	.LCFI28:
 472              		.cfi_def_cfa_offset 48
 473 0004 04AF     		add	r7, sp, #16
 474              	.LCFI29:
 475              		.cfi_def_cfa 7, 32
 476 0006 7860     		str	r0, [r7, #4]
 477 0008 3960     		str	r1, [r7]
  57:Module/app.c  **** 	BlackWight1(ptr_MIPI_TABLE[gMipiTableIndex]->HACT_WIDTH/3, ptr_MIPI_TABLE[gMipiTableIndex]->VACT_W
 478              		.loc 1 57 28
 479 000a 394B     		ldr	r3, .L18
 480 000c 1B78     		ldrb	r3, [r3]
 481 000e DBB2     		uxtb	r3, r3
 482 0010 1A46     		mov	r2, r3
 483 0012 384B     		ldr	r3, .L18+4
 484 0014 53F82230 		ldr	r3, [r3, r2, lsl #2]
 485              		.loc 1 57 45
 486 0018 B3F86230 		ldrh	r3, [r3, #98]
 487              		.loc 1 57 2
 488 001c 364A     		ldr	r2, .L18+8
 489 001e A2FB0323 		umull	r2, r3, r2, r3
 490 0022 5B08     		lsrs	r3, r3, #1
 491 0024 98B2     		uxth	r0, r3
 492              		.loc 1 57 75
 493 0026 324B     		ldr	r3, .L18
 494 0028 1B78     		ldrb	r3, [r3]
 495 002a DBB2     		uxtb	r3, r3
 496 002c 1A46     		mov	r2, r3
 497 002e 314B     		ldr	r3, .L18+4
 498 0030 53F82230 		ldr	r3, [r3, r2, lsl #2]
 499              		.loc 1 57 92
 500 0034 B3F86430 		ldrh	r3, [r3, #100]
 501              		.loc 1 57 2
 502 0038 2F4A     		ldr	r2, .L18+8
ARM GAS  C:\Users\ADMINI~1\AppData\Local\Temp\ccezNFga.s 			page 11


 503 003a A2FB0323 		umull	r2, r3, r2, r3
 504 003e 5B08     		lsrs	r3, r3, #1
 505 0040 9CB2     		uxth	r4, r3
 506              		.loc 1 57 122
 507 0042 2B4B     		ldr	r3, .L18
 508 0044 1B78     		ldrb	r3, [r3]
 509 0046 DBB2     		uxtb	r3, r3
 510 0048 1A46     		mov	r2, r3
 511 004a 2A4B     		ldr	r3, .L18+4
 512 004c 53F82230 		ldr	r3, [r3, r2, lsl #2]
 513              		.loc 1 57 139
 514 0050 B3F86220 		ldrh	r2, [r3, #98]
 515              		.loc 1 57 168
 516 0054 264B     		ldr	r3, .L18
 517 0056 1B78     		ldrb	r3, [r3]
 518 0058 DBB2     		uxtb	r3, r3
 519 005a 1946     		mov	r1, r3
 520 005c 254B     		ldr	r3, .L18+4
 521 005e 53F82130 		ldr	r3, [r3, r1, lsl #2]
 522              		.loc 1 57 185
 523 0062 B3F86230 		ldrh	r3, [r3, #98]
 524              		.loc 1 57 2
 525 0066 2449     		ldr	r1, .L18+8
 526 0068 A1FB0313 		umull	r1, r3, r1, r3
 527 006c 5B08     		lsrs	r3, r3, #1
 528 006e 9BB2     		uxth	r3, r3
 529 0070 D31A     		subs	r3, r2, r3
 530 0072 9DB2     		uxth	r5, r3
 531              		.loc 1 57 215
 532 0074 1E4B     		ldr	r3, .L18
 533 0076 1B78     		ldrb	r3, [r3]
 534 0078 DBB2     		uxtb	r3, r3
 535 007a 1A46     		mov	r2, r3
 536 007c 1D4B     		ldr	r3, .L18+4
 537 007e 53F82230 		ldr	r3, [r3, r2, lsl #2]
 538              		.loc 1 57 232
 539 0082 B3F86420 		ldrh	r2, [r3, #100]
 540              		.loc 1 57 261
 541 0086 1A4B     		ldr	r3, .L18
 542 0088 1B78     		ldrb	r3, [r3]
 543 008a DBB2     		uxtb	r3, r3
 544 008c 1946     		mov	r1, r3
 545 008e 194B     		ldr	r3, .L18+4
 546 0090 53F82130 		ldr	r3, [r3, r1, lsl #2]
 547              		.loc 1 57 278
 548 0094 B3F86430 		ldrh	r3, [r3, #100]
 549              		.loc 1 57 2
 550 0098 1749     		ldr	r1, .L18+8
 551 009a A1FB0313 		umull	r1, r3, r1, r3
 552 009e 5B08     		lsrs	r3, r3, #1
 553 00a0 9BB2     		uxth	r3, r3
 554 00a2 D31A     		subs	r3, r2, r3
 555 00a4 9EB2     		uxth	r6, r3
 556              		.loc 1 57 308
 557 00a6 124B     		ldr	r3, .L18
 558 00a8 1B78     		ldrb	r3, [r3]
 559 00aa DBB2     		uxtb	r3, r3
ARM GAS  C:\Users\ADMINI~1\AppData\Local\Temp\ccezNFga.s 			page 12


 560 00ac 1A46     		mov	r2, r3
 561 00ae 114B     		ldr	r3, .L18+4
 562 00b0 53F82230 		ldr	r3, [r3, r2, lsl #2]
 563              		.loc 1 57 2
 564 00b4 B3F86230 		ldrh	r3, [r3, #98]
 565              		.loc 1 57 353
 566 00b8 0D4A     		ldr	r2, .L18
 567 00ba 1278     		ldrb	r2, [r2]
 568 00bc D2B2     		uxtb	r2, r2
 569 00be 1146     		mov	r1, r2
 570 00c0 0C4A     		ldr	r2, .L18+4
 571 00c2 52F82120 		ldr	r2, [r2, r1, lsl #2]
 572              		.loc 1 57 2
 573 00c6 B2F86420 		ldrh	r2, [r2, #100]
 574 00ca 3968     		ldr	r1, [r7]
 575 00cc 0391     		str	r1, [sp, #12]
 576 00ce 7968     		ldr	r1, [r7, #4]
 577 00d0 0291     		str	r1, [sp, #8]
 578 00d2 0192     		str	r2, [sp, #4]
 579 00d4 0093     		str	r3, [sp]
 580 00d6 3346     		mov	r3, r6
 581 00d8 2A46     		mov	r2, r5
 582 00da 2146     		mov	r1, r4
 583 00dc FFF7FEFF 		bl	BlackWight1
  58:Module/app.c  **** 	printk("stringphotoCrossTalk \r\n");
 584              		.loc 1 58 2
 585 00e0 0648     		ldr	r0, .L18+12
 586 00e2 FFF7FEFF 		bl	printk
  59:Module/app.c  **** }
 587              		.loc 1 59 1
 588 00e6 00BF     		nop
 589 00e8 0C37     		adds	r7, r7, #12
 590              	.LCFI30:
 591              		.cfi_def_cfa_offset 20
 592 00ea BD46     		mov	sp, r7
 593              	.LCFI31:
 594              		.cfi_def_cfa_register 13
 595              		@ sp needed
 596 00ec F0BD     		pop	{r4, r5, r6, r7, pc}
 597              	.L19:
 598 00ee 00BF     		.align	2
 599              	.L18:
 600 00f0 00000000 		.word	gMipiTableIndex
 601 00f4 00000000 		.word	ptr_MIPI_TABLE
 602 00f8 ABAAAAAA 		.word	-1431655765
 603 00fc 88000000 		.word	.LC5
 604              		.cfi_endproc
 605              	.LFE125:
 607              		.section	.rodata
 608              		.align	2
 609              	.LC6:
 610 00a0 73747269 		.ascii	"stringphotoBMP%d \015\012\000"
 610      6E677068 
 610      6F746F42 
 610      4D502564 
 610      200D0A00 
 611              		.section	.text.Picture,"ax",%progbits
ARM GAS  C:\Users\ADMINI~1\AppData\Local\Temp\ccezNFga.s 			page 13


 612              		.align	1
 613              		.global	Picture
 614              		.syntax unified
 615              		.thumb
 616              		.thumb_func
 618              	Picture:
 619              	.LFB126:
  60:Module/app.c  **** 
  61:Module/app.c  **** void Picture(uint8_t value)
  62:Module/app.c  **** {
 620              		.loc 1 62 1
 621              		.cfi_startproc
 622              		@ args = 0, pretend = 0, frame = 8
 623              		@ frame_needed = 1, uses_anonymous_args = 0
 624 0000 80B5     		push	{r7, lr}
 625              	.LCFI32:
 626              		.cfi_def_cfa_offset 8
 627              		.cfi_offset 7, -8
 628              		.cfi_offset 14, -4
 629 0002 82B0     		sub	sp, sp, #8
 630              	.LCFI33:
 631              		.cfi_def_cfa_offset 16
 632 0004 00AF     		add	r7, sp, #0
 633              	.LCFI34:
 634              		.cfi_def_cfa_register 7
 635 0006 0346     		mov	r3, r0
 636 0008 FB71     		strb	r3, [r7, #7]
  63:Module/app.c  **** 	DisplayBMP(value);
 637              		.loc 1 63 2
 638 000a FB79     		ldrb	r3, [r7, #7]	@ zero_extendqisi2
 639 000c 1846     		mov	r0, r3
 640 000e FFF7FEFF 		bl	DisplayBMP
  64:Module/app.c  **** 	printk("stringphotoBMP%d \r\n",value);
 641              		.loc 1 64 2
 642 0012 FB79     		ldrb	r3, [r7, #7]	@ zero_extendqisi2
 643 0014 1946     		mov	r1, r3
 644 0016 0348     		ldr	r0, .L21
 645 0018 FFF7FEFF 		bl	printk
  65:Module/app.c  **** }
 646              		.loc 1 65 1
 647 001c 00BF     		nop
 648 001e 0837     		adds	r7, r7, #8
 649              	.LCFI35:
 650              		.cfi_def_cfa_offset 8
 651 0020 BD46     		mov	sp, r7
 652              	.LCFI36:
 653              		.cfi_def_cfa_register 13
 654              		@ sp needed
 655 0022 80BD     		pop	{r7, pc}
 656              	.L22:
 657              		.align	2
 658              	.L21:
 659 0024 A0000000 		.word	.LC6
 660              		.cfi_endproc
 661              	.LFE126:
 663              		.section	.rodata
 664              		.align	2
ARM GAS  C:\Users\ADMINI~1\AppData\Local\Temp\ccezNFga.s 			page 14


 665              	.LC7:
 666 00b4 73747269 		.ascii	"stringphotoGradientCol \015\012\000"
 666      6E677068 
 666      6F746F47 
 666      72616469 
 666      656E7443 
 667              		.section	.text.GradientCol,"ax",%progbits
 668              		.align	1
 669              		.global	GradientCol
 670              		.syntax unified
 671              		.thumb
 672              		.thumb_func
 674              	GradientCol:
 675              	.LFB127:
  66:Module/app.c  **** 
  67:Module/app.c  **** void GradientCol(uint32_t color,uint16_t div)
  68:Module/app.c  **** {
 676              		.loc 1 68 1
 677              		.cfi_startproc
 678              		@ args = 0, pretend = 0, frame = 8
 679              		@ frame_needed = 1, uses_anonymous_args = 0
 680 0000 80B5     		push	{r7, lr}
 681              	.LCFI37:
 682              		.cfi_def_cfa_offset 8
 683              		.cfi_offset 7, -8
 684              		.cfi_offset 14, -4
 685 0002 82B0     		sub	sp, sp, #8
 686              	.LCFI38:
 687              		.cfi_def_cfa_offset 16
 688 0004 00AF     		add	r7, sp, #0
 689              	.LCFI39:
 690              		.cfi_def_cfa_register 7
 691 0006 7860     		str	r0, [r7, #4]
 692 0008 0B46     		mov	r3, r1
 693 000a 7B80     		strh	r3, [r7, #2]	@ movhi
  69:Module/app.c  **** 	ColorGradientRow(ptr_MIPI_TABLE[gMipiTableIndex]->HACT_WIDTH, ptr_MIPI_TABLE[gMipiTableIndex]->VAC
 694              		.loc 1 69 33
 695 000c 0E4B     		ldr	r3, .L24
 696 000e 1B78     		ldrb	r3, [r3]
 697 0010 DBB2     		uxtb	r3, r3
 698 0012 1A46     		mov	r2, r3
 699 0014 0D4B     		ldr	r3, .L24+4
 700 0016 53F82230 		ldr	r3, [r3, r2, lsl #2]
 701              		.loc 1 69 2
 702 001a B3F86200 		ldrh	r0, [r3, #98]
 703              		.loc 1 69 78
 704 001e 0A4B     		ldr	r3, .L24
 705 0020 1B78     		ldrb	r3, [r3]
 706 0022 DBB2     		uxtb	r3, r3
 707 0024 1A46     		mov	r2, r3
 708 0026 094B     		ldr	r3, .L24+4
 709 0028 53F82230 		ldr	r3, [r3, r2, lsl #2]
 710              		.loc 1 69 2
 711 002c B3F86410 		ldrh	r1, [r3, #100]
 712 0030 7B88     		ldrh	r3, [r7, #2]
 713 0032 7A68     		ldr	r2, [r7, #4]
 714 0034 FFF7FEFF 		bl	ColorGradientRow
ARM GAS  C:\Users\ADMINI~1\AppData\Local\Temp\ccezNFga.s 			page 15


  70:Module/app.c  **** 	printk("stringphotoGradientCol \r\n");
 715              		.loc 1 70 2
 716 0038 0548     		ldr	r0, .L24+8
 717 003a FFF7FEFF 		bl	printk
  71:Module/app.c  **** }
 718              		.loc 1 71 1
 719 003e 00BF     		nop
 720 0040 0837     		adds	r7, r7, #8
 721              	.LCFI40:
 722              		.cfi_def_cfa_offset 8
 723 0042 BD46     		mov	sp, r7
 724              	.LCFI41:
 725              		.cfi_def_cfa_register 13
 726              		@ sp needed
 727 0044 80BD     		pop	{r7, pc}
 728              	.L25:
 729 0046 00BF     		.align	2
 730              	.L24:
 731 0048 00000000 		.word	gMipiTableIndex
 732 004c 00000000 		.word	ptr_MIPI_TABLE
 733 0050 B4000000 		.word	.LC7
 734              		.cfi_endproc
 735              	.LFE127:
 737              		.section	.rodata
 738 00ce 0000     		.align	2
 739              	.LC8:
 740 00d0 73747269 		.ascii	"stringphotoGradientRow \015\012\000"
 740      6E677068 
 740      6F746F47 
 740      72616469 
 740      656E7452 
 741              		.section	.text.GradientRow,"ax",%progbits
 742              		.align	1
 743              		.global	GradientRow
 744              		.syntax unified
 745              		.thumb
 746              		.thumb_func
 748              	GradientRow:
 749              	.LFB128:
  72:Module/app.c  **** 
  73:Module/app.c  **** void GradientRow(uint32_t color,uint16_t div)
  74:Module/app.c  **** {
 750              		.loc 1 74 1
 751              		.cfi_startproc
 752              		@ args = 0, pretend = 0, frame = 8
 753              		@ frame_needed = 1, uses_anonymous_args = 0
 754 0000 80B5     		push	{r7, lr}
 755              	.LCFI42:
 756              		.cfi_def_cfa_offset 8
 757              		.cfi_offset 7, -8
 758              		.cfi_offset 14, -4
 759 0002 82B0     		sub	sp, sp, #8
 760              	.LCFI43:
 761              		.cfi_def_cfa_offset 16
 762 0004 00AF     		add	r7, sp, #0
 763              	.LCFI44:
 764              		.cfi_def_cfa_register 7
ARM GAS  C:\Users\ADMINI~1\AppData\Local\Temp\ccezNFga.s 			page 16


 765 0006 7860     		str	r0, [r7, #4]
 766 0008 0B46     		mov	r3, r1
 767 000a 7B80     		strh	r3, [r7, #2]	@ movhi
  75:Module/app.c  **** 	ColorGradientCol(ptr_MIPI_TABLE[gMipiTableIndex]->HACT_WIDTH, ptr_MIPI_TABLE[gMipiTableIndex]->VAC
 768              		.loc 1 75 33
 769 000c 0E4B     		ldr	r3, .L27
 770 000e 1B78     		ldrb	r3, [r3]
 771 0010 DBB2     		uxtb	r3, r3
 772 0012 1A46     		mov	r2, r3
 773 0014 0D4B     		ldr	r3, .L27+4
 774 0016 53F82230 		ldr	r3, [r3, r2, lsl #2]
 775              		.loc 1 75 2
 776 001a B3F86200 		ldrh	r0, [r3, #98]
 777              		.loc 1 75 78
 778 001e 0A4B     		ldr	r3, .L27
 779 0020 1B78     		ldrb	r3, [r3]
 780 0022 DBB2     		uxtb	r3, r3
 781 0024 1A46     		mov	r2, r3
 782 0026 094B     		ldr	r3, .L27+4
 783 0028 53F82230 		ldr	r3, [r3, r2, lsl #2]
 784              		.loc 1 75 2
 785 002c B3F86410 		ldrh	r1, [r3, #100]
 786 0030 7B88     		ldrh	r3, [r7, #2]
 787 0032 7A68     		ldr	r2, [r7, #4]
 788 0034 FFF7FEFF 		bl	ColorGradientCol
  76:Module/app.c  **** 	printk("stringphotoGradientRow \r\n");
 789              		.loc 1 76 2
 790 0038 0548     		ldr	r0, .L27+8
 791 003a FFF7FEFF 		bl	printk
  77:Module/app.c  **** }
 792              		.loc 1 77 1
 793 003e 00BF     		nop
 794 0040 0837     		adds	r7, r7, #8
 795              	.LCFI45:
 796              		.cfi_def_cfa_offset 8
 797 0042 BD46     		mov	sp, r7
 798              	.LCFI46:
 799              		.cfi_def_cfa_register 13
 800              		@ sp needed
 801 0044 80BD     		pop	{r7, pc}
 802              	.L28:
 803 0046 00BF     		.align	2
 804              	.L27:
 805 0048 00000000 		.word	gMipiTableIndex
 806 004c 00000000 		.word	ptr_MIPI_TABLE
 807 0050 D0000000 		.word	.LC8
 808              		.cfi_endproc
 809              	.LFE128:
 811              		.section	.rodata
 812 00ea 0000     		.align	2
 813              	.LC9:
 814 00ec 73747269 		.ascii	"stringphotoflink \015\012\000"
 814      6E677068 
 814      6F746F66 
 814      6C696E6B 
 814      200D0A00 
 815              		.section	.text.Flicker,"ax",%progbits
ARM GAS  C:\Users\ADMINI~1\AppData\Local\Temp\ccezNFga.s 			page 17


 816              		.align	1
 817              		.global	Flicker
 818              		.syntax unified
 819              		.thumb
 820              		.thumb_func
 822              	Flicker:
 823              	.LFB129:
  78:Module/app.c  **** 
  79:Module/app.c  **** void Flicker(uint32_t color1, uint32_t color2)
  80:Module/app.c  **** {
 824              		.loc 1 80 1
 825              		.cfi_startproc
 826              		@ args = 0, pretend = 0, frame = 8
 827              		@ frame_needed = 1, uses_anonymous_args = 0
 828 0000 80B5     		push	{r7, lr}
 829              	.LCFI47:
 830              		.cfi_def_cfa_offset 8
 831              		.cfi_offset 7, -8
 832              		.cfi_offset 14, -4
 833 0002 82B0     		sub	sp, sp, #8
 834              	.LCFI48:
 835              		.cfi_def_cfa_offset 16
 836 0004 00AF     		add	r7, sp, #0
 837              	.LCFI49:
 838              		.cfi_def_cfa_register 7
 839 0006 7860     		str	r0, [r7, #4]
 840 0008 3960     		str	r1, [r7]
  81:Module/app.c  ****     printk("stringphotoflink \r\n");
 841              		.loc 1 81 5
 842 000a 0E48     		ldr	r0, .L30
 843 000c FFF7FEFF 		bl	printk
  82:Module/app.c  **** 	FLINK(ptr_MIPI_TABLE[gMipiTableIndex]->HACT_WIDTH, ptr_MIPI_TABLE[gMipiTableIndex]->VACT_WIDTH, co
 844              		.loc 1 82 22
 845 0010 0D4B     		ldr	r3, .L30+4
 846 0012 1B78     		ldrb	r3, [r3]
 847 0014 DBB2     		uxtb	r3, r3
 848 0016 1A46     		mov	r2, r3
 849 0018 0C4B     		ldr	r3, .L30+8
 850 001a 53F82230 		ldr	r3, [r3, r2, lsl #2]
 851              		.loc 1 82 2
 852 001e B3F86200 		ldrh	r0, [r3, #98]
 853              		.loc 1 82 67
 854 0022 094B     		ldr	r3, .L30+4
 855 0024 1B78     		ldrb	r3, [r3]
 856 0026 DBB2     		uxtb	r3, r3
 857 0028 1A46     		mov	r2, r3
 858 002a 084B     		ldr	r3, .L30+8
 859 002c 53F82230 		ldr	r3, [r3, r2, lsl #2]
 860              		.loc 1 82 2
 861 0030 B3F86410 		ldrh	r1, [r3, #100]
 862 0034 3B68     		ldr	r3, [r7]
 863 0036 7A68     		ldr	r2, [r7, #4]
 864 0038 FFF7FEFF 		bl	FLINK
  83:Module/app.c  **** 	
  84:Module/app.c  **** }
 865              		.loc 1 84 1
 866 003c 00BF     		nop
ARM GAS  C:\Users\ADMINI~1\AppData\Local\Temp\ccezNFga.s 			page 18


 867 003e 0837     		adds	r7, r7, #8
 868              	.LCFI50:
 869              		.cfi_def_cfa_offset 8
 870 0040 BD46     		mov	sp, r7
 871              	.LCFI51:
 872              		.cfi_def_cfa_register 13
 873              		@ sp needed
 874 0042 80BD     		pop	{r7, pc}
 875              	.L31:
 876              		.align	2
 877              	.L30:
 878 0044 EC000000 		.word	.LC9
 879 0048 00000000 		.word	gMipiTableIndex
 880 004c 00000000 		.word	ptr_MIPI_TABLE
 881              		.cfi_endproc
 882              	.LFE129:
 884              		.section	.text.TpTest,"ax",%progbits
 885              		.align	1
 886              		.global	TpTest
 887              		.syntax unified
 888              		.thumb
 889              		.thumb_func
 891              	TpTest:
 892              	.LFB130:
  85:Module/app.c  **** void TpTest(void)
  86:Module/app.c  **** {
 893              		.loc 1 86 1
 894              		.cfi_startproc
 895              		@ args = 0, pretend = 0, frame = 0
 896              		@ frame_needed = 1, uses_anonymous_args = 0
 897 0000 80B5     		push	{r7, lr}
 898              	.LCFI52:
 899              		.cfi_def_cfa_offset 8
 900              		.cfi_offset 7, -8
 901              		.cfi_offset 14, -4
 902 0002 00AF     		add	r7, sp, #0
 903              	.LCFI53:
 904              		.cfi_def_cfa_register 7
  87:Module/app.c  ****  TP_Main();
 905              		.loc 1 87 2
 906 0004 FFF7FEFF 		bl	TP_Main
  88:Module/app.c  **** }
 907              		.loc 1 88 1
 908 0008 00BF     		nop
 909 000a 80BD     		pop	{r7, pc}
 910              		.cfi_endproc
 911              	.LFE130:
 913              		.section	.text.Lcd_ShowMode,"ax",%progbits
 914              		.align	1
 915              		.global	Lcd_ShowMode
 916              		.syntax unified
 917              		.thumb
 918              		.thumb_func
 920              	Lcd_ShowMode:
 921              	.LFB131:
  89:Module/app.c  **** void Lcd_ShowMode(uint8_t ShowId) 
  90:Module/app.c  **** {
ARM GAS  C:\Users\ADMINI~1\AppData\Local\Temp\ccezNFga.s 			page 19


 922              		.loc 1 90 1
 923              		.cfi_startproc
 924              		@ args = 0, pretend = 0, frame = 104
 925              		@ frame_needed = 1, uses_anonymous_args = 0
 926 0000 80B5     		push	{r7, lr}
 927              	.LCFI54:
 928              		.cfi_def_cfa_offset 8
 929              		.cfi_offset 7, -8
 930              		.cfi_offset 14, -4
 931 0002 9AB0     		sub	sp, sp, #104
 932              	.LCFI55:
 933              		.cfi_def_cfa_offset 112
 934 0004 00AF     		add	r7, sp, #0
 935              	.LCFI56:
 936              		.cfi_def_cfa_register 7
 937 0006 0346     		mov	r3, r0
 938 0008 FB71     		strb	r3, [r7, #7]
  91:Module/app.c  ****     uint16_t Width, Hight;
  92:Module/app.c  ****     uint8_t temp[64];
  93:Module/app.c  ****     char path[30];
  94:Module/app.c  ****   switch (ShowId)
 939              		.loc 1 94 3
 940 000a FB79     		ldrb	r3, [r7, #7]	@ zero_extendqisi2
 941 000c 0B2B     		cmp	r3, #11
 942 000e 59D8     		bhi	.L49
 943 0010 01A2     		adr	r2, .L36
 944 0012 52F823F0 		ldr	pc, [r2, r3, lsl #2]
 945 0016 00BF     		.p2align 2
 946              	.L36:
 947 0018 49000000 		.word	.L47+1
 948 001c 51000000 		.word	.L46+1
 949 0020 59000000 		.word	.L45+1
 950 0024 63000000 		.word	.L44+1
 951 0028 71000000 		.word	.L43+1
 952 002c 79000000 		.word	.L42+1
 953 0030 87000000 		.word	.L41+1
 954 0034 8F000000 		.word	.L40+1
 955 0038 9B000000 		.word	.L39+1
 956 003c A7000000 		.word	.L38+1
 957 0040 B5000000 		.word	.L37+1
 958 0044 BD000000 		.word	.L35+1
 959              		.p2align 1
 960              	.L47:
  95:Module/app.c  ****    {
  96:Module/app.c  **** case 0:
  97:Module/app.c  ****       Color(0xffff0000);
 961              		.loc 1 97 7
 962 0048 2148     		ldr	r0, .L50
 963 004a FFF7FEFF 		bl	Color
  98:Module/app.c  ****  break;
 964              		.loc 1 98 2
 965 004e 3AE0     		b	.L48
 966              	.L46:
  99:Module/app.c  **** case 1:
 100:Module/app.c  ****       Checkerboard(8);
 967              		.loc 1 100 7
 968 0050 0820     		movs	r0, #8
ARM GAS  C:\Users\ADMINI~1\AppData\Local\Temp\ccezNFga.s 			page 20


 969 0052 FFF7FEFF 		bl	Checkerboard
 101:Module/app.c  ****  break;
 970              		.loc 1 101 2
 971 0056 36E0     		b	.L48
 972              	.L45:
 102:Module/app.c  **** case 2:
 103:Module/app.c  ****       Color(0xffffffff);
 973              		.loc 1 103 7
 974 0058 4FF0FF30 		mov	r0, #-1
 975 005c FFF7FEFF 		bl	Color
 104:Module/app.c  ****  break;
 976              		.loc 1 104 2
 977 0060 31E0     		b	.L48
 978              	.L44:
 105:Module/app.c  **** case 3:
 106:Module/app.c  ****       BlackWight(0xffffffff,0xff000000);
 979              		.loc 1 106 7
 980 0062 4FF07F41 		mov	r1, #-16777216
 981 0066 4FF0FF30 		mov	r0, #-1
 982 006a FFF7FEFF 		bl	BlackWight
 107:Module/app.c  ****  break;
 983              		.loc 1 107 2
 984 006e 2AE0     		b	.L48
 985              	.L43:
 108:Module/app.c  **** case 4:
 109:Module/app.c  ****       ColorBarRow(8);
 986              		.loc 1 109 7
 987 0070 0820     		movs	r0, #8
 988 0072 FFF7FEFF 		bl	ColorBarRow
 110:Module/app.c  ****  break;
 989              		.loc 1 110 2
 990 0076 26E0     		b	.L48
 991              	.L42:
 111:Module/app.c  **** case 5:
 112:Module/app.c  ****       Flicker(0xffff00ff,0xff00ff00);
 992              		.loc 1 112 7
 993 0078 4FF0FF21 		mov	r1, #-16711936
 994 007c 6FF47F40 		mvn	r0, #65280
 995 0080 FFF7FEFF 		bl	Flicker
 113:Module/app.c  ****  break;
 996              		.loc 1 113 2
 997 0084 1FE0     		b	.L48
 998              	.L41:
 114:Module/app.c  **** case 6:
 115:Module/app.c  ****       Picture(1);
 999              		.loc 1 115 7
 1000 0086 0120     		movs	r0, #1
 1001 0088 FFF7FEFF 		bl	Picture
 116:Module/app.c  ****  break;
 1002              		.loc 1 116 2
 1003 008c 1BE0     		b	.L48
 1004              	.L40:
 117:Module/app.c  **** case 7:
 118:Module/app.c  ****       GradientCol(0xffffffff,8);
 1005              		.loc 1 118 7
 1006 008e 0821     		movs	r1, #8
 1007 0090 4FF0FF30 		mov	r0, #-1
ARM GAS  C:\Users\ADMINI~1\AppData\Local\Temp\ccezNFga.s 			page 21


 1008 0094 FFF7FEFF 		bl	GradientCol
 119:Module/app.c  ****  break;
 1009              		.loc 1 119 2
 1010 0098 15E0     		b	.L48
 1011              	.L39:
 120:Module/app.c  **** case 8:
 121:Module/app.c  ****       GradientRow(0xffffffff,8);
 1012              		.loc 1 121 7
 1013 009a 0821     		movs	r1, #8
 1014 009c 4FF0FF30 		mov	r0, #-1
 1015 00a0 FFF7FEFF 		bl	GradientRow
 122:Module/app.c  ****  break;
 1016              		.loc 1 122 2
 1017 00a4 0FE0     		b	.L48
 1018              	.L38:
 123:Module/app.c  **** case 9:
 124:Module/app.c  ****       CrossTalk(0xff000000,0xffffffff);
 1019              		.loc 1 124 7
 1020 00a6 4FF0FF31 		mov	r1, #-1
 1021 00aa 4FF07F40 		mov	r0, #-16777216
 1022 00ae FFF7FEFF 		bl	CrossTalk
 125:Module/app.c  ****  break;
 1023              		.loc 1 125 2
 1024 00b2 08E0     		b	.L48
 1025              	.L37:
 126:Module/app.c  **** case 10:
 127:Module/app.c  ****       ColorBarRow(8);
 1026              		.loc 1 127 7
 1027 00b4 0820     		movs	r0, #8
 1028 00b6 FFF7FEFF 		bl	ColorBarRow
 128:Module/app.c  ****  break;
 1029              		.loc 1 128 2
 1030 00ba 04E0     		b	.L48
 1031              	.L35:
 129:Module/app.c  **** case 11:
 130:Module/app.c  ****       ColorBarCol(8);
 1032              		.loc 1 130 7
 1033 00bc 0820     		movs	r0, #8
 1034 00be FFF7FEFF 		bl	ColorBarCol
 131:Module/app.c  ****  break;
 1035              		.loc 1 131 2
 1036 00c2 00E0     		b	.L48
 1037              	.L49:
 132:Module/app.c  **** 
 133:Module/app.c  ****  default:break; 
 1038              		.loc 1 133 2
 1039 00c4 00BF     		nop
 1040              	.L48:
 134:Module/app.c  **** }
 135:Module/app.c  **** }
 1041              		.loc 1 135 1
 1042 00c6 00BF     		nop
 1043 00c8 6837     		adds	r7, r7, #104
 1044              	.LCFI57:
 1045              		.cfi_def_cfa_offset 8
 1046 00ca BD46     		mov	sp, r7
 1047              	.LCFI58:
ARM GAS  C:\Users\ADMINI~1\AppData\Local\Temp\ccezNFga.s 			page 22


 1048              		.cfi_def_cfa_register 13
 1049              		@ sp needed
 1050 00cc 80BD     		pop	{r7, pc}
 1051              	.L51:
 1052 00ce 00BF     		.align	2
 1053              	.L50:
 1054 00d0 0000FFFF 		.word	-65536
 1055              		.cfi_endproc
 1056              	.LFE131:
 1058              		.text
 1059              	.Letext0:
 1060              		.file 2 "f:\\cx900_gcc_off_v1.1\\bin\\x86\\debug\\gcc-arm-none-eabi-10.3-2021.10\\arm-none-eabi\\i
 1061              		.file 3 "f:\\cx900_gcc_off_v1.1\\bin\\x86\\debug\\gcc-arm-none-eabi-10.3-2021.10\\arm-none-eabi\\i
 1062              		.file 4 "Module/user_config.h"
ARM GAS  C:\Users\ADMINI~1\AppData\Local\Temp\ccezNFga.s 			page 23


DEFINED SYMBOLS
                            *ABS*:00000000 app.c
C:\Users\ADMINI~1\AppData\Local\Temp\ccezNFga.s:18     .text.Init_IO:00000000 $t
C:\Users\ADMINI~1\AppData\Local\Temp\ccezNFga.s:24     .text.Init_IO:00000000 Init_IO
C:\Users\ADMINI~1\AppData\Local\Temp\ccezNFga.s:48     .rodata:00000000 $d
C:\Users\ADMINI~1\AppData\Local\Temp\ccezNFga.s:52     .text.Color:00000000 $t
C:\Users\ADMINI~1\AppData\Local\Temp\ccezNFga.s:58     .text.Color:00000000 Color
C:\Users\ADMINI~1\AppData\Local\Temp\ccezNFga.s:114    .text.Color:00000044 $d
C:\Users\ADMINI~1\AppData\Local\Temp\ccezNFga.s:125    .text.ColorBarCol:00000000 $t
C:\Users\ADMINI~1\AppData\Local\Temp\ccezNFga.s:131    .text.ColorBarCol:00000000 ColorBarCol
C:\Users\ADMINI~1\AppData\Local\Temp\ccezNFga.s:187    .text.ColorBarCol:00000044 $d
C:\Users\ADMINI~1\AppData\Local\Temp\ccezNFga.s:198    .text.ColorBarRow:00000000 $t
C:\Users\ADMINI~1\AppData\Local\Temp\ccezNFga.s:204    .text.ColorBarRow:00000000 ColorBarRow
C:\Users\ADMINI~1\AppData\Local\Temp\ccezNFga.s:260    .text.ColorBarRow:00000044 $d
C:\Users\ADMINI~1\AppData\Local\Temp\ccezNFga.s:271    .text.BlackWight:00000000 $t
C:\Users\ADMINI~1\AppData\Local\Temp\ccezNFga.s:277    .text.BlackWight:00000000 BlackWight
C:\Users\ADMINI~1\AppData\Local\Temp\ccezNFga.s:366    .text.BlackWight:00000080 $d
C:\Users\ADMINI~1\AppData\Local\Temp\ccezNFga.s:377    .text.Checkerboard:00000000 $t
C:\Users\ADMINI~1\AppData\Local\Temp\ccezNFga.s:383    .text.Checkerboard:00000000 Checkerboard
C:\Users\ADMINI~1\AppData\Local\Temp\ccezNFga.s:439    .text.Checkerboard:00000044 $d
C:\Users\ADMINI~1\AppData\Local\Temp\ccezNFga.s:450    .text.CrossTalk:00000000 $t
C:\Users\ADMINI~1\AppData\Local\Temp\ccezNFga.s:456    .text.CrossTalk:00000000 CrossTalk
C:\Users\ADMINI~1\AppData\Local\Temp\ccezNFga.s:600    .text.CrossTalk:000000f0 $d
C:\Users\ADMINI~1\AppData\Local\Temp\ccezNFga.s:612    .text.Picture:00000000 $t
C:\Users\ADMINI~1\AppData\Local\Temp\ccezNFga.s:618    .text.Picture:00000000 Picture
C:\Users\ADMINI~1\AppData\Local\Temp\ccezNFga.s:659    .text.Picture:00000024 $d
C:\Users\ADMINI~1\AppData\Local\Temp\ccezNFga.s:668    .text.GradientCol:00000000 $t
C:\Users\ADMINI~1\AppData\Local\Temp\ccezNFga.s:674    .text.GradientCol:00000000 GradientCol
C:\Users\ADMINI~1\AppData\Local\Temp\ccezNFga.s:731    .text.GradientCol:00000048 $d
C:\Users\ADMINI~1\AppData\Local\Temp\ccezNFga.s:742    .text.GradientRow:00000000 $t
C:\Users\ADMINI~1\AppData\Local\Temp\ccezNFga.s:748    .text.GradientRow:00000000 GradientRow
C:\Users\ADMINI~1\AppData\Local\Temp\ccezNFga.s:805    .text.GradientRow:00000048 $d
C:\Users\ADMINI~1\AppData\Local\Temp\ccezNFga.s:816    .text.Flicker:00000000 $t
C:\Users\ADMINI~1\AppData\Local\Temp\ccezNFga.s:822    .text.Flicker:00000000 Flicker
C:\Users\ADMINI~1\AppData\Local\Temp\ccezNFga.s:878    .text.Flicker:00000044 $d
C:\Users\ADMINI~1\AppData\Local\Temp\ccezNFga.s:885    .text.TpTest:00000000 $t
C:\Users\ADMINI~1\AppData\Local\Temp\ccezNFga.s:891    .text.TpTest:00000000 TpTest
C:\Users\ADMINI~1\AppData\Local\Temp\ccezNFga.s:914    .text.Lcd_ShowMode:00000000 $t
C:\Users\ADMINI~1\AppData\Local\Temp\ccezNFga.s:920    .text.Lcd_ShowMode:00000000 Lcd_ShowMode
C:\Users\ADMINI~1\AppData\Local\Temp\ccezNFga.s:947    .text.Lcd_ShowMode:00000018 $d
C:\Users\ADMINI~1\AppData\Local\Temp\ccezNFga.s:959    .text.Lcd_ShowMode:00000048 $t
C:\Users\ADMINI~1\AppData\Local\Temp\ccezNFga.s:1054   .text.Lcd_ShowMode:000000d0 $d

UNDEFINED SYMBOLS
init_spi
Lcd_ShowPureColor
printk
gMipiTableIndex
ptr_MIPI_TABLE
ColorBarCol1
ColorBarRow1
BlackWight1
Checkerboard1
DisplayBMP
ColorGradientRow
ColorGradientCol
FLINK
ARM GAS  C:\Users\ADMINI~1\AppData\Local\Temp\ccezNFga.s 			page 24


TP_Main
