Archive member included to satisfy reference by file (symbol)

./\libGD32F303VET6.a(gd32f30x_misc.o)
                              build/gd32f303e_eval.o (nvic_irq_enable)
./\libGD32F303VET6.a(gd32f30x_gpio.o)
                              build/ssd_2832.o (gpio_init)
./\libGD32F303VET6.a(gd32f30x_usart.o)
                              build/gd32f303e_eval.o (usart_deinit)
./\libGD32F303VET6.a(gd32f30x_rcu.o)
                              build/ssd_2832.o (rcu_periph_clock_enable)
./\libGD32F303VET6.a(system_gd32f30x.o)
                              build/systick.o (SystemCoreClock)
./\libGD32F303VET6.a(usartfifo.o)
                              build/uart_protocol.o (ringbuffer_init)
./\libGD32F303VET6.a(consoled.o)
                              ./\libGD32F303VET6.a(usartfifo.o) (at_proc)
./\libGD32F303VET6.a(ff.o)    build/main.o (f_mount)
./\libGD32F303VET6.a(GPU_DAC.o)
                              build/main.o (InitDac)
./\libGD32F303VET6.a(GPU_GPIO.o)
                              build/power_task.o (SetGpuExgpio)
./\libGD32F303VET6.a(GPU_I2C.o)
                              build/TouchPoint.o (setInter)
./\libGD32F303VET6.a(GPU_PIC.o)
                              build/main.o (GPU_PIC_Init)
./\libGD32F303VET6.a(GPU_RGB.o)
                              build/power_task.o (RGB_Enable)
./\libGD32F303VET6.a(GPU_SDIO.o)
                              build/main.o (GPU_SDIO_INIT)
./\libGD32F303VET6.a(GPU_SPI.o)
                              build/power_task.o (spi_write)
./\libGD32F303VET6.a(mb.o)    build/main.o (eMBInit)
./\libGD32F303VET6.a(mbascii.o)
                              ./\libGD32F303VET6.a(mb.o) (eMBASCIIInit)
./\libGD32F303VET6.a(mbfunccoils.o)
                              ./\libGD32F303VET6.a(mb.o) (eMBFuncReadCoils)
./\libGD32F303VET6.a(mbfuncdisc.o)
                              ./\libGD32F303VET6.a(mb.o) (eMBFuncReadDiscreteInputs)
./\libGD32F303VET6.a(mbfuncholding.o)
                              ./\libGD32F303VET6.a(mb.o) (eMBFuncWriteHoldingRegister)
./\libGD32F303VET6.a(mbfuncinput.o)
                              ./\libGD32F303VET6.a(mb.o) (eMBFuncReadInputRegister)
./\libGD32F303VET6.a(mbfuncother.o)
                              ./\libGD32F303VET6.a(mb.o) (eMBFuncReportSlaveID)
./\libGD32F303VET6.a(mbutils.o)
                              ./\libGD32F303VET6.a(mbfunccoils.o) (prveMBError2Exception)
./\libGD32F303VET6.a(mbrtu.o)
                              ./\libGD32F303VET6.a(mbascii.o) (ucRTUBuf)
./\libGD32F303VET6.a(portevent.o)
                              ./\libGD32F303VET6.a(mb.o) (xMBPortEventInit)
./\libGD32F303VET6.a(portserial.o)
                              ./\libGD32F303VET6.a(mbascii.o) (xMBPortSerialInit)
./\libGD32F303VET6.a(porttimer.o)
                              ./\libGD32F303VET6.a(mbascii.o) (xMBPortTimersInit)
./\libGD32F303VET6.a(user_mb_app.o)
                              ./\libGD32F303VET6.a(mbfuncinput.o) (eMBRegInputCB)
./\libGD32F303VET6.a(Function.o)
                              ./\libGD32F303VET6.a(user_mb_app.o) (AutoFlag)
./\libGD32F303VET6.a(GPU_Cfg.o)
                              build/main.o (MCU_GPU_FSMCConfig)
./\libGD32F303VET6.a(mipi_cfg.o)
                              build/power_task.o (lcm_mipi_set)
./\libGD32F303VET6.a(pll_freq_def.o)
                              ./\libGD32F303VET6.a(GPU_PIC.o) (SetPLL)
./\libGD32F303VET6.a(pport_spi.o)
                              build/app.o (init_spi)
./\libGD32F303VET6.a(UserGpioDefine.o)
                              build/main.o (Fpga_Start)
./\libGD32F303VET6.a(fatfs.o)
                              build/main.o (Flash)
./\libGD32F303VET6.a(bsp.o)   ./\libGD32F303VET6.a(consoled.o) (writeToFlash32)
./\libGD32F303VET6.a(bspdrivermemory.o)
                              build/main.o (MEMORY_Init)
./\libGD32F303VET6.a(calibthread.o)
                              ./\libGD32F303VET6.a(bspdrivermemory.o) (CALIB_THREAD_ValidDefault)
./\libGD32F303VET6.a(chipdriverat24c128c.o)
                              ./\libGD32F303VET6.a(bspdrivermemory.o) (AT24C64D_Init)
./\libGD32F303VET6.a(chipiic.o)
                              build/main.o (CHIP_IIC_Init)
./\libGD32F303VET6.a(dac5571.o)
                              ./\libGD32F303VET6.a(GPU_Cfg.o) (set_tpvcc)
./\libGD32F303VET6.a(file_opration.o)
                              build/main.o (app_name)
./\libGD32F303VET6.a(gd25qxx.o)
                              build/main.o (spi_flash_init)
./\libGD32F303VET6.a(iap.o)   build/main.o (iap_init)
./\libGD32F303VET6.a(ina220.o)
                              ./\libGD32F303VET6.a(user_mb_app.o) (bk_type)
./\libGD32F303VET6.a(timer.o)
                              ./\libGD32F303VET6.a(Function.o) (TIM_CORE_GetTick)
./\libGD32F303VET6.a(usart.o)
                              build/main.o (modbusflag)
./\libGD32F303VET6.a(fontupd.o)
                              ./\libGD32F303VET6.a(ff.o) (ftinfo)
./\libGD32F303VET6.a(menu.o)  ./\libGD32F303VET6.a(consoled.o) (SerialDownload)
./\libGD32F303VET6.a(ymodem.o)
[...]
Memory Configuration

Name             Origin             Length             Attributes
RAM              0x20000000         0x00010000         xrw
FLASH            0x08010000         0x00060000         xr
*default*        0x00000000         0xffffffff

Linker script and memory map

LOAD f:/cx900_gcc_off_v1.1/bin/x86/debug/gcc-arm-none-eabi-10.3-2021.10/bin/../lib/gcc/arm-none-eabi/10.3.1/thumb/v7e-m/nofp/crti.o
LOAD f:/cx900_gcc_off_v1.1/bin/x86/debug/gcc-arm-none-eabi-10.3-2021.10/bin/../lib/gcc/arm-none-eabi/10.3.1/thumb/v7e-m/nofp/crtbegin.o
LOAD f:/cx900_gcc_off_v1.1/bin/x86/debug/gcc-arm-none-eabi-10.3-2021.10/bin/../lib/gcc/arm-none-eabi/10.3.1/../../../../arm-none-eabi/lib/thumb/v7e-m/nofp/crt0.o
LOAD build/malloc.o
LOAD build/power_task.o
LOAD build/TouchPoint.o
LOAD build/user_config.o
LOAD build/app.o
LOAD build/lcd_cfg.o
LOAD build/ssd_2832.o
LOAD build/uart_protocol.o
LOAD build/systick.o
LOAD build/gd32f30x_it.o
LOAD build/main.o
LOAD build/gd32f303e_eval.o
LOAD ./\libGD32F303VET6.a
START GROUP
LOAD f:/cx900_gcc_off_v1.1/bin/x86/debug/gcc-arm-none-eabi-10.3-2021.10/bin/../lib/gcc/arm-none-eabi/10.3.1/thumb/v7e-m/nofp\libgcc.a
LOAD f:/cx900_gcc_off_v1.1/bin/x86/debug/gcc-arm-none-eabi-10.3-2021.10/bin/../lib/gcc/arm-none-eabi/10.3.1/../../../../arm-none-eabi/lib/thumb/v7e-m/nofp\libc.a
END GROUP
START GROUP
LOAD f:/cx900_gcc_off_v1.1/bin/x86/debug/gcc-arm-none-eabi-10.3-2021.10/bin/../lib/gcc/arm-none-eabi/10.3.1/thumb/v7e-m/nofp\libgcc.a
LOAD f:/cx900_gcc_off_v1.1/bin/x86/debug/gcc-arm-none-eabi-10.3-2021.10/bin/../lib/gcc/arm-none-eabi/10.3.1/../../../../arm-none-eabi/lib/thumb/v7e-m/nofp\libc.a
LOAD f:/cx900_gcc_off_v1.1/bin/x86/debug/gcc-arm-none-eabi-10.3-2021.10/bin/../lib/gcc/arm-none-eabi/10.3.1/../../../../arm-none-eabi/lib/thumb/v7e-m/nofp\libnosys.a
END GROUP
LOAD f:/cx900_gcc_off_v1.1/bin/x86/debug/gcc-arm-none-eabi-10.3-2021.10/bin/../lib/gcc/arm-none-eabi/10.3.1/thumb/v7e-m/nofp/crtend.o
LOAD f:/cx900_gcc_off_v1.1/bin/x86/debug/gcc-arm-none-eabi-10.3-2021.10/bin/../lib/gcc/arm-none-eabi/10.3.1/thumb/v7e-m/nofp/crtn.o
                0x20010000                _estack = (ORIGIN (RAM) + LENGTH (RAM))
                0x00006000                _Min_Heap_Size = 0x6000
                0x00000900                _Min_Stack_Size = 0x900

.isr_vector     0x08010000      0x130
                0x08010000                . = ALIGN (0x4)
 *(.isr_vector)
 .isr_vector    0x08010000      0x130 ./\libGD32F303VET6.a(startup_gd32f30x_hd.o)
                0x08010000                g_pfnVectors
                0x08010130                . = ALIGN (0x4)

.text           0x08010140    0x25538
                0x08010140                . = ALIGN (0x4)
 *(.text)
 .text          0x08010140       0x40 f:/cx900_gcc_off_v1.1/bin/x86/debug/gcc-arm-none-eabi-10.3-2021.10/bin/../lib/gcc/arm-none-eabi/10.3.1/thumb/v7e-m/nofp/crtbegin.o
 .text          0x08010180      0x378 f:/cx900_gcc_off_v1.1/bin/x86/debug/gcc-arm-none-eabi-10.3-2021.10/bin/../lib/gcc/arm-none-eabi/10.3.1/thumb/v7e-m/nofp\libgcc.a(_arm_addsubdf3.o)
                0x08010180                __aeabi_drsub
                0x08010188                __aeabi_dsub
                0x08010188                __subdf3
                0x0801018c                __aeabi_dadd
                0x0801018c                __adddf3
                0x08010404                __floatunsidf
                0x08010404                __aeabi_ui2d
                0x08010424                __floatsidf
                0x08010424                __aeabi_i2d
                0x08010448                __aeabi_f2d
                0x08010448                __extendsfdf2
                0x0801048c                __floatundidf
                0x0801048c                __aeabi_ul2d
                0x0801049c                __floatdidf
                0x0801049c                __aeabi_l2d
 .text          0x080104f8      0x424 f:/cx900_gcc_off_v1.1/bin/x86/debug/gcc-arm-none-eabi-10.3-2021.10/bin/../lib/gcc/arm-none-eabi/10.3.1/thumb/v7e-m/nofp\libgcc.a(_arm_muldivdf3.o)
                0x080104f8                __aeabi_dmul
                0x080104f8                __muldf3
                0x0801074c                __divdf3
                0x0801074c                __aeabi_ddiv
 .text          0x0801091c      0x110 f:/cx900_gcc_off_v1.1/bin/x86/debug/gcc-arm-none-eabi-10.3-2021.10/bin/../lib/gcc/arm-none-eabi/10.3.1/thumb/v7e-m/nofp\libgcc.a(_arm_cmpdf2.o)
                0x0801091c                __gtdf2
                0x0801091c                __gedf2
                0x08010924                __ltdf2
                0x08010924                __ledf2
                0x0801092c                __nedf2
                0x0801092c                __eqdf2
                0x0801092c                __cmpdf2
                0x080109a8                __aeabi_cdrcmple
                0x080109b8                __aeabi_cdcmpeq
                0x080109b8                __aeabi_cdcmple
                0x080109c8                __aeabi_dcmpeq
                0x080109dc                __aeabi_dcmplt
                0x080109f0                __aeabi_dcmple
                0x08010a04                __aeabi_dcmpge
                0x08010a18                __aeabi_dcmpgt
 .text          0x08010a2c       0x40 f:/cx900_gcc_off_v1.1/bin/x86/debug/gcc-arm-none-eabi-10.3-2021.10/bin/../lib/gcc/arm-none-eabi/10.3.1/thumb/v7e-m/nofp\libgcc.a(_arm_fixunsdfsi.o)
                0x08010a2c                __aeabi_d2uiz
                0x08010a2c                __fixunsdfsi
 .text          0x08010a6c       0xa0 f:/cx900_gcc_off_v1.1/bin/x86/debug/gcc-arm-none-eabi-10.3-2021.10/bin/../lib/gcc/arm-none-eabi/10.3.1/thumb/v7e-m/nofp\libgcc.a(_arm_truncdfsf2.o)
                0x08010a6c                __truncdfsf2
                0x08010a6c                __aeabi_d2f
 .text          0x08010b0c      0x21c f:/cx900_gcc_off_v1.1/bin/x86/debug/gcc-arm-none-eabi-10.3-2021.10/bin/../lib/gcc/arm-none-eabi/10.3.1/thumb/v7e-m/nofp\libgcc.a(_arm_addsubsf3.o)
                0x08010b0c                __aeabi_frsub
                0x08010b14                __subsf3
                0x08010b14                __aeabi_fsub
                0x08010b18                __aeabi_fadd
                0x08010b18                __addsf3
                0x08010c78                __aeabi_ui2f
                0x08010c78                __floatunsisf
                0x08010c80                __aeabi_i2f
                0x08010c80                __floatsisf
                0x08010c9c                __aeabi_ul2f
                0x08010c9c                __floatundisf
                0x08010cac                __aeabi_l2f
                0x08010cac                __floatdisf
 .text          0x08010d28      0x2a0 f:/cx900_gcc_off_v1.1/bin/x86/debug/gcc-arm-none-eabi-10.3-2021.10/bin/../lib/gcc/arm-none-eabi/10.3.1/thumb/v7e-m/nofp\libgcc.a(_arm_muldivsf3.o)
                0x08010d28                __mulsf3
                0x08010d28                __aeabi_fmul
                0x08010e90                __aeabi_fdiv
                0x08010e90                __divsf3
 .text          0x08010fc8       0xec f:/cx900_gcc_off_v1.1/bin/x86/debug/gcc-arm-none-eabi-10.3-2021.10/bin/../lib/gcc/arm-none-eabi/10.3.1/thumb/v7e-m/nofp\libgcc.a(_arm_cmpsf2.o)
                0x08010fc8                __gesf2
                0x08010fc8                __gtsf2
                0x08010fd0                __lesf2
                0x08010fd0                __ltsf2
                0x08010fd8                __nesf2
                0x08010fd8                __eqsf2
                0x08010fd8                __cmpsf2
                0x08011038                __aeabi_cfrcmple
                0x08011040                __aeabi_cfcmpeq
                0x08011040                __aeabi_cfcmple
                0x08011050                __aeabi_fcmpeq
                0x08011064                __aeabi_fcmplt
                0x08011078                __aeabi_fcmple
                0x0801108c                __aeabi_fcmpge
                0x080110a0                __aeabi_fcmpgt
 .text          0x080110b4       0x40 f:/cx900_gcc_off_v1.1/bin/x86/debug/gcc-arm-none-eabi-10.3-2021.10/bin/../lib/gcc/arm-none-eabi/10.3.1/thumb/v7e-m/nofp\libgcc.a(_arm_fixunssfsi.o)
                0x080110b4                __fixunssfsi
                0x080110b4                __aeabi_f2uiz
 .text          0x080110f4       0xa0 f:/cx900_gcc_off_v1.1/bin/x86/debug/gcc-arm-none-eabi-10.3-2021.10/bin/../lib/gcc/arm-none-eabi/10.3.1/thumb/v7e-m/nofp\libgcc.a(_aeabi_ldivmod.o)
                0x080110f4                __aeabi_ldivmod
 .text          0x08011194       0x30 f:/cx900_gcc_off_v1.1/bin/x86/debug/gcc-arm-none-eabi-10.3-2021.10/bin/../lib/gcc/arm-none-eabi/10.3.1/thumb/v7e-m/nofp\libgcc.a(_aeabi_uldivmod.o)
                0x08011194                __aeabi_uldivmod
 .text          0x080111c4      0x2d0 f:/cx900_gcc_off_v1.1/bin/x86/debug/gcc-arm-none-eabi-10.3-2021.10/bin/../lib/gcc/arm-none-eabi/10.3.1/thumb/v7e-m/nofp\libgcc.a(_udivmoddi4.o)
                0x080111c4                __udivmoddi4
 .text          0x08011494        0x4 f:/cx900_gcc_off_v1.1/bin/x86/debug/gcc-arm-none-eabi-10.3-2021.10/bin/../lib/gcc/arm-none-eabi/10.3.1/thumb/v7e-m/nofp\libgcc.a(_dvmd_tls.o)
                0x08011494                __aeabi_idiv0
                0x08011494                __aeabi_ldiv0
 .text          0x08011498      0x134 f:/cx900_gcc_off_v1.1/bin/x86/debug/gcc-arm-none-eabi-10.3-2021.10/bin/../lib/gcc/arm-none-eabi/10.3.1/../../../../arm-none-eabi/lib/thumb/v7e-m/nofp\libc.a(lib_a-memcpy.o)
                0x08011498                memcpy
 *fill*         0x080115cc       0x14 
 .text          0x080115e0      0x2dc f:/cx900_gcc_off_v1.1/bin/x86/debug/gcc-arm-none-eabi-10.3-2021.10/bin/../lib/gcc/arm-none-eabi/10.3.1/../../../../arm-none-eabi/lib/thumb/v7e-m/nofp\libc.a(lib_a-strcmp.o)
                0x080115e8                strcmp
 *fill*         0x080118bc        0x4 
 .text          0x080118c0       0xdc f:/cx900_gcc_off_v1.1/bin/x86/debug/gcc-arm-none-eabi-10.3-2021.10/bin/../lib/gcc/arm-none-eabi/10.3.1/../../../../arm-none-eabi/lib/thumb/v7e-m/nofp\libc.a(lib_a-strlen.o)
                0x080118c0                strlen
 *fill*         0x0801199c        0x4 
 .text          0x080119a0       0xa0 f:/cx900_gcc_off_v1.1/bin/x86/debug/gcc-arm-none-eabi-10.3-2021.10/bin/../lib/gcc/arm-none-eabi/10.3.1/../../../../arm-none-eabi/lib/thumb/v7e-m/nofp\libc.a(lib_a-memchr.o)
                0x080119a0                memchr
 .text          0x08011a40       0x2c f:/cx900_gcc_off_v1.1/bin/x86/debug/gcc-arm-none-eabi-10.3-2021.10/bin/../lib/gcc/arm-none-eabi/10.3.1/thumb/v7e-m/nofp\libgcc.a(_arm_unorddf2.o)
                0x08011a40                __unorddf2
                0x08011a40                __aeabi_dcmpun
 .text          0x08011a6c       0x50 f:/cx900_gcc_off_v1.1/bin/x86/debug/gcc-arm-none-eabi-10.3-2021.10/bin/../lib/gcc/arm-none-eabi/10.3.1/thumb/v7e-m/nofp\libgcc.a(_arm_fixdfsi.o)
                0x08011a6c                __aeabi_d2iz
                0x08011a6c                __fixdfsi
 .text          0x08011abc       0x34 f:/cx900_gcc_off_v1.1/bin/x86/debug/gcc-arm-none-eabi-10.3-2021.10/bin/../lib/gcc/arm-none-eabi/10.3.1/thumb/v7e-m/nofp\libgcc.a(_fixdfdi.o)
                0x08011abc                __fixdfdi
                0x08011abc                __aeabi_d2lz
 .text          0x08011af0       0x3c f:/cx900_gcc_off_v1.1/bin/x86/debug/gcc-arm-none-eabi-10.3-2021.10/bin/../lib/gcc/arm-none-eabi/10.3.1/thumb/v7e-m/nofp\libgcc.a(_fixunsdfdi.o)
                0x08011af0                __fixunsdfdi
                0x08011af0                __aeabi_d2ulz
 *(.text*)
 .text.FATFS_Init
                0x08011b2c       0xa8 build/malloc.o
                0x08011b2c                FATFS_Init
 .text.mymemset
                0x08011bd4       0x34 build/malloc.o
                0x08011bd4                mymemset
 .text.mem_init
                0x08011c08       0x64 build/malloc.o
                0x08011c08                mem_init
 .text.mem_perused
                0x08011c6c       0x70 build/malloc.o
                0x08011c6c                mem_perused
 .text.mem_malloc
                0x08011cdc      0x104 build/malloc.o
                0x08011cdc                mem_malloc
 .text.mem_free
                0x08011de0       0xa4 build/malloc.o
                0x08011de0                mem_free
 .text.myfree   0x08011e84       0x3c build/malloc.o
                0x08011e84                myfree
 .text.mymalloc
                0x08011ec0       0x40 build/malloc.o
                0x08011ec0                mymalloc
 .text.Power_Off
                0x08011f00      0x100 build/power_task.o
                0x08011f00                Power_Off
 .text.Power_On
                0x08012000      0x250 build/power_task.o
                0x08012000                Power_On
 .text.Color    0x08012250       0x50 build/app.o
                0x08012250                Color
 .text.ColorBarCol
                0x080122a0       0x50 build/app.o
                0x080122a0                ColorBarCol
 .text.ColorBarRow
                0x080122f0       0x50 build/app.o
                0x080122f0                ColorBarRow
 .text.BlackWight
                0x08012340       0x8c build/app.o
                0x08012340                BlackWight
 .text.Checkerboard
                0x080123cc       0x50 build/app.o
                0x080123cc                Checkerboard
 .text.CrossTalk
                0x0801241c      0x100 build/app.o
                0x0801241c                CrossTalk
 .text.Picture  0x0801251c       0x28 build/app.o
                0x0801251c                Picture
 .text.GradientCol
                0x08012544       0x54 build/app.o
                0x08012544                GradientCol
 .text.GradientRow
                0x08012598       0x54 build/app.o
                0x08012598                GradientRow
 .text.Flicker  0x080125ec       0x50 build/app.o
                0x080125ec                Flicker
 .text.Lcd_ShowMode
                0x0801263c       0xd4 build/app.o
                0x0801263c                Lcd_ShowMode
 .text.Initial_LCM_CODE
                0x08012710       0x56 build/lcd_cfg.o
                0x08012710                Initial_LCM_CODE
 .text.malloc   0x08012766       0x1a build/ssd_2832.o
                0x08012766                malloc
 .text.free     0x08012780       0x18 build/ssd_2832.o
                0x08012780                free
 .text.bridge_RSTPIN_reset
                0x08012798       0x18 build/ssd_2832.o
                0x08012798                bridge_RSTPIN_reset
 .text.msgfifo_init
                0x080127b0       0x28 build/uart_protocol.o
                0x080127b0                msgfifo_init
 .text.msg_init
                0x080127d8        0xc build/uart_protocol.o
                0x080127d8                msg_init
 .text.msg_it_cb
                0x080127e4       0x44 build/uart_protocol.o
                0x080127e4                msg_it_cb
 .text.msg_read
                0x08012828       0x48 build/uart_protocol.o
                0x08012828                msg_read
 .text.NVIC_SetPriority
                0x08012870       0x54 build/systick.o
 .text.SysTick_Config
                0x080128c4       0x44 build/systick.o
 .text.systick_config
                0x08012908       0x34 build/systick.o
                0x08012908                systick_config
 .text.NMI_Handler
                0x0801293c        0xc build/gd32f30x_it.o
                0x0801293c                NMI_Handler
 .text.HardFault_Handler
                0x08012948        0x6 build/gd32f30x_it.o
                0x08012948                HardFault_Handler
 .text.MemManage_Handler
                0x0801294e        0x6 build/gd32f30x_it.o
                0x0801294e                MemManage_Handler
 .text.BusFault_Handler
                0x08012954        0x6 build/gd32f30x_it.o
                0x08012954                BusFault_Handler
 .text.UsageFault_Handler
                0x0801295a        0x6 build/gd32f30x_it.o
                0x0801295a                UsageFault_Handler
 .text.SVC_Handler
                0x08012960        0xc build/gd32f30x_it.o
                0x08012960                SVC_Handler
 .text.DebugMon_Handler
                0x0801296c        0xc build/gd32f30x_it.o
                0x0801296c                DebugMon_Handler
 .text.PendSV_Handler
                0x08012978        0xc build/gd32f30x_it.o
                0x08012978                PendSV_Handler
 .text.SysTick_Handler
                0x08012984        0xc build/gd32f30x_it.o
                0x08012984                SysTick_Handler
 .text.USBD_LP_CAN0_RX0_IRQHandler
                0x08012990        0xc build/gd32f30x_it.o
                0x08012990                USBD_LP_CAN0_RX0_IRQHandler
 .text.bsp_init
                0x0801299c       0xc0 build/main.o
                0x0801299c                bsp_init
 .text.main     0x08012a5c      0x440 build/main.o
                0x08012a5c                main
 .text.led_init
                0x08012e9c       0x34 build/main.o
                0x08012e9c                led_init
 .text.gd_eval_com_init
                0x08012ed0      0x170 build/gd32f303e_eval.o
                0x08012ed0                gd_eval_com_init
 .text.led_poll
                0x08013040       0x48 build/gd32f303e_eval.o
                0x08013040                led_poll
 .text.nvic_priority_group_set
                0x08013088       0x24 ./\libGD32F303VET6.a(gd32f30x_misc.o)
                0x08013088                nvic_priority_group_set
 .text.nvic_irq_enable
                0x080130ac      0x10c ./\libGD32F303VET6.a(gd32f30x_misc.o)
                0x080130ac                nvic_irq_enable
 .text.nvic_vector_table_set
                0x080131b8       0x30 ./\libGD32F303VET6.a(gd32f30x_misc.o)
                0x080131b8                nvic_vector_table_set
 .text.gpio_init
                0x080131e8      0x168 ./\libGD32F303VET6.a(gd32f30x_gpio.o)
                0x080131e8                gpio_init
 .text.gpio_bit_set
                0x08013350       0x1e ./\libGD32F303VET6.a(gd32f30x_gpio.o)
                0x08013350                gpio_bit_set
 .text.gpio_bit_reset
                0x0801336e       0x1e ./\libGD32F303VET6.a(gd32f30x_gpio.o)
                0x0801336e                gpio_bit_reset
 .text.gpio_input_bit_get
                0x0801338c       0x28 ./\libGD32F303VET6.a(gd32f30x_gpio.o)
                0x0801338c                gpio_input_bit_get
 .text.gpio_pin_remap_config
                0x080133b4       0xe4 ./\libGD32F303VET6.a(gd32f30x_gpio.o)
                0x080133b4                gpio_pin_remap_config
 .text.usart_deinit
                0x08013498       0xc4 ./\libGD32F303VET6.a(gd32f30x_usart.o)
                0x08013498                usart_deinit
 .text.usart_baudrate_set
                0x0801355c       0xe0 ./\libGD32F303VET6.a(gd32f30x_usart.o)
                0x0801355c                usart_baudrate_set
 .text.usart_enable
                0x0801363c       0x22 ./\libGD32F303VET6.a(gd32f30x_usart.o)
                0x0801363c                usart_enable
 .text.usart_transmit_config
                0x0801365e       0x3a ./\libGD32F303VET6.a(gd32f30x_usart.o)
                0x0801365e                usart_transmit_config
 .text.usart_receive_config
                0x08013698       0x3a ./\libGD32F303VET6.a(gd32f30x_usart.o)
                0x08013698                usart_receive_config
 .text.usart_data_transmit
                0x080136d2       0x22 ./\libGD32F303VET6.a(gd32f30x_usart.o)
                0x080136d2                usart_data_transmit
 .text.usart_data_receive
                0x080136f4       0x20 ./\libGD32F303VET6.a(gd32f30x_usart.o)
                0x080136f4                usart_data_receive
 .text.usart_flag_get
                0x08013714       0x3c ./\libGD32F303VET6.a(gd32f30x_usart.o)
                0x08013714                usart_flag_get
 .text.usart_interrupt_enable
                0x08013750       0x40 ./\libGD32F303VET6.a(gd32f30x_usart.o)
                0x08013750                usart_interrupt_enable
 .text.usart_interrupt_disable
                0x08013790       0x42 ./\libGD32F303VET6.a(gd32f30x_usart.o)
                0x08013790                usart_interrupt_disable
 .text.usart_interrupt_flag_get
                0x080137d2       0x68 ./\libGD32F303VET6.a(gd32f30x_usart.o)
                0x080137d2                usart_interrupt_flag_get
 .text.usart_interrupt_flag_clear
                0x0801383a       0x3a ./\libGD32F303VET6.a(gd32f30x_usart.o)
                0x0801383a                usart_interrupt_flag_clear
 .text.rcu_periph_clock_enable
                0x08013874       0x44 ./\libGD32F303VET6.a(gd32f30x_rcu.o)
                0x08013874                rcu_periph_clock_enable
 .text.rcu_periph_reset_enable
                0x080138b8       0x44 ./\libGD32F303VET6.a(gd32f30x_rcu.o)
                0x080138b8                rcu_periph_reset_enable
 .text.rcu_periph_reset_disable
                0x080138fc       0x48 ./\libGD32F303VET6.a(gd32f30x_rcu.o)
                0x080138fc                rcu_periph_reset_disable
 .text.rcu_clock_freq_get
                0x08013944      0x1e4 ./\libGD32F303VET6.a(gd32f30x_rcu.o)
                0x08013944                rcu_clock_freq_get
 .text.SystemInit
                0x08013b28       0x8c ./\libGD32F303VET6.a(system_gd32f30x.o)
                0x08013b28                SystemInit
 .text.system_clock_config
                0x08013bb4        0xc ./\libGD32F303VET6.a(system_gd32f30x.o)
 .text.system_clock_120m_hxtal
                0x08013bc0      0x148 ./\libGD32F303VET6.a(system_gd32f30x.o)
 .text.ringbuffer_init
                0x08013d08       0x30 ./\libGD32F303VET6.a(usartfifo.o)
                0x08013d08                ringbuffer_init
 .text.uart_buf_put
                0x08013d38       0x64 ./\libGD32F303VET6.a(usartfifo.o)
                0x08013d38                uart_buf_put
 .text.uart_buf_get
                0x08013d9c       0x50 ./\libGD32F303VET6.a(usartfifo.o)
                0x08013d9c                uart_buf_get
 .text.debug_read
                0x08013dec       0x24 ./\libGD32F303VET6.a(usartfifo.o)
                0x08013dec                debug_read
 .text.uart_rev_enable
                0x08013e10       0x20 ./\libGD32F303VET6.a(usartfifo.o)
                0x08013e10                uart_rev_enable
 .text.uart_it_cb
                0x08013e30       0x1c ./\libGD32F303VET6.a(usartfifo.o)
                0x08013e30                uart_it_cb
 .text.uart1_rev_enable
                0x08013e4c       0x20 ./\libGD32F303VET6.a(usartfifo.o)
                0x08013e4c                uart1_rev_enable
 .text.uart_it_cb1
                0x08013e6c       0x1c ./\libGD32F303VET6.a(usartfifo.o)
                0x08013e6c                uart_it_cb1
 .text.USART2_IRQHandler
                0x08013e88       0x30 ./\libGD32F303VET6.a(usartfifo.o)
                0x08013e88                USART2_IRQHandler
 .text.printk   0x08013eb8       0x84 ./\libGD32F303VET6.a(usartfifo.o)
                0x08013eb8                printk
 .text.NVIC_SystemReset
                0x08013f3c       0x2c ./\libGD32F303VET6.a(consoled.o)
 .text.Connect_proc
                0x08013f68       0x28 ./\libGD32F303VET6.a(consoled.o)
                0x08013f68                Connect_proc
 .text.Clear_proc
                0x08013f90       0x20 ./\libGD32F303VET6.a(consoled.o)
                0x08013f90                Clear_proc
 .text.ClearF_proc
                0x08013fb0       0x24 ./\libGD32F303VET6.a(consoled.o)
                0x08013fb0                ClearF_proc
 .text.turn_proc
                0x08013fd4       0x90 ./\libGD32F303VET6.a(consoled.o)
                0x08013fd4                turn_proc
 .text.power_proc
                0x08014064       0x5c ./\libGD32F303VET6.a(consoled.o)
                0x08014064                power_proc
 .text.dis_proc
                0x080140c0       0x58 ./\libGD32F303VET6.a(consoled.o)
                0x080140c0                dis_proc
 .text.Ready_proc
                0x08014118       0x28 ./\libGD32F303VET6.a(consoled.o)
                0x08014118                Ready_proc
 .text.uprgb_proc
                0x08014140      0x250 ./\libGD32F303VET6.a(consoled.o)
                0x08014140                uprgb_proc
 .text.updata_proc
                0x08014390       0xd0 ./\libGD32F303VET6.a(consoled.o)
                0x08014390                updata_proc
 .text.bootUpload
                0x08014460      0x208 ./\libGD32F303VET6.a(consoled.o)
                0x08014460                bootUpload
 .text.help_proc
                0x08014668       0x4c ./\libGD32F303VET6.a(consoled.o)
                0x08014668                help_proc
 .text.Version_proc
                0x080146b4       0x54 ./\libGD32F303VET6.a(consoled.o)
                0x080146b4                Version_proc
 .text.skip     0x08014708       0x24 ./\libGD32F303VET6.a(consoled.o)
                0x08014708                skip
 .text.debug_cmd_proc
                0x0801472c       0x74 ./\libGD32F303VET6.a(consoled.o)
                0x0801472c                debug_cmd_proc
 .text.at_proc  0x080147a0       0x78 ./\libGD32F303VET6.a(consoled.o)
                0x080147a0                at_proc
 .text.ff_convert
                0x08014818       0xb8 ./\libGD32F303VET6.a(ff.o)
                0x08014818                ff_convert
 .text.ff_wtoupper
                0x080148d0       0x5c ./\libGD32F303VET6.a(ff.o)
                0x080148d0                ff_wtoupper
 .text.mem_cpy  0x0801492c       0x3c ./\libGD32F303VET6.a(ff.o)
 .text.mem_set  0x08014968       0x34 ./\libGD32F303VET6.a(ff.o)
 .text.mem_cmp  0x0801499c       0x4c ./\libGD32F303VET6.a(ff.o)
 .text.chk_chr  0x080149e8       0x34 ./\libGD32F303VET6.a(ff.o)
 .text.sync_window
                0x08014a1c       0xd4 ./\libGD32F303VET6.a(ff.o)
 .text.move_window
                0x08014af0       0x80 ./\libGD32F303VET6.a(ff.o)
 .text.sync_fs  0x08014b70      0x1e0 ./\libGD32F303VET6.a(ff.o)
 .text.clust2sect
                0x08014d50       0xa0 ./\libGD32F303VET6.a(ff.o)
                0x08014d50                clust2sect
 .text.get_fat  0x08014df0      0x3e0 ./\libGD32F303VET6.a(ff.o)
                0x08014df0                get_fat
 .text.put_fat  0x080151d0      0x4c4 ./\libGD32F303VET6.a(ff.o)
                0x080151d0                put_fat
 .text.remove_chain
                0x08015694      0x100 ./\libGD32F303VET6.a(ff.o)
 .text.create_chain
                0x08015794      0x20e ./\libGD32F303VET6.a(ff.o)
 .text.clmt_clust
                0x080159a2       0xda ./\libGD32F303VET6.a(ff.o)
 .text.dir_sdi  0x08015a7c      0x1ee ./\libGD32F303VET6.a(ff.o)
 .text.dir_next
                0x08015c6a      0x300 ./\libGD32F303VET6.a(ff.o)
 .text.dir_alloc
                0x08015f6a       0x9c ./\libGD32F303VET6.a(ff.o)
 .text.ld_clust
                0x08016006       0x82 ./\libGD32F303VET6.a(ff.o)
 .text.st_clust
                0x08016088       0x6a ./\libGD32F303VET6.a(ff.o)
 *fill*         0x080160f2        0x2 
 .text.cmp_lfn  0x080160f4       0xdc ./\libGD32F303VET6.a(ff.o)
 .text.pick_lfn
                0x080161d0       0xc8 ./\libGD32F303VET6.a(ff.o)
 .text.fit_lfn  0x08016298       0xe8 ./\libGD32F303VET6.a(ff.o)
 .text.gen_numname
                0x08016380      0x19e ./\libGD32F303VET6.a(ff.o)
 .text.sum_sfn  0x0801651e       0x40 ./\libGD32F303VET6.a(ff.o)
 .text.dir_find
                0x0801655e      0x198 ./\libGD32F303VET6.a(ff.o)
 .text.dir_read
                0x080166f6      0x16e ./\libGD32F303VET6.a(ff.o)
 .text.dir_register
                0x08016864      0x248 ./\libGD32F303VET6.a(ff.o)
 .text.get_fileinfo
                0x08016aac      0x244 ./\libGD32F303VET6.a(ff.o)
 .text.create_name
                0x08016cf0      0x404 ./\libGD32F303VET6.a(ff.o)
 .text.follow_path
                0x080170f4       0xf8 ./\libGD32F303VET6.a(ff.o)
 .text.get_ldnumber
                0x080171ec       0x86 ./\libGD32F303VET6.a(ff.o)
 *fill*         0x08017272        0x2 
 .text.check_fs
                0x08017274      0x20c ./\libGD32F303VET6.a(ff.o)
 .text.find_volume
                0x08017480      0xedc ./\libGD32F303VET6.a(ff.o)
 .text.validate
                0x0801835c       0x76 ./\libGD32F303VET6.a(ff.o)
 *fill*         0x080183d2        0x2 
 .text.f_mount  0x080183d4       0x90 ./\libGD32F303VET6.a(ff.o)
                0x080183d4                f_mount
 .text.f_open   0x08018464      0x674 ./\libGD32F303VET6.a(ff.o)
                0x08018464                f_open
 .text.f_read   0x08018ad8      0x4e2 ./\libGD32F303VET6.a(ff.o)
                0x08018ad8                f_read
 .text.f_write  0x08018fba      0x5bc ./\libGD32F303VET6.a(ff.o)
                0x08018fba                f_write
 .text.f_sync   0x08019576      0x1f0 ./\libGD32F303VET6.a(ff.o)
                0x08019576                f_sync
 .text.f_close  0x08019766       0x3e ./\libGD32F303VET6.a(ff.o)
                0x08019766                f_close
 .text.f_opendir
                0x080197a4       0xf4 ./\libGD32F303VET6.a(ff.o)
                0x080197a4                f_opendir
 .text.f_readdir
                0x08019898       0xb8 ./\libGD32F303VET6.a(ff.o)
                0x08019898                f_readdir
 .text.f_getfree
                0x08019950      0x32a ./\libGD32F303VET6.a(ff.o)
                0x08019950                f_getfree
 *fill*         0x08019c7a        0x2 
 .text.f_mkfs   0x08019c7c     0x118c ./\libGD32F303VET6.a(ff.o)
                0x08019c7c                f_mkfs
 .text.InitDac  0x0801ae08        0xe ./\libGD32F303VET6.a(GPU_DAC.o)
                0x0801ae08                InitDac
 *fill*         0x0801ae16        0x2 
 .text.SetMode  0x0801ae18       0x48 ./\libGD32F303VET6.a(GPU_DAC.o)
                0x0801ae18                SetMode
 .text.init_powerset
                0x0801ae60       0x40 ./\libGD32F303VET6.a(GPU_DAC.o)
                0x0801ae60                init_powerset
 .text.Set_DACVol
                0x0801aea0       0xfc ./\libGD32F303VET6.a(GPU_DAC.o)
                0x0801aea0                Set_DACVol
 .text.Start_DAC
                0x0801af9c       0x30 ./\libGD32F303VET6.a(GPU_DAC.o)
                0x0801af9c                Start_DAC
 .text.SetGpuExgpio
                0x0801afcc       0x84 ./\libGD32F303VET6.a(GPU_GPIO.o)
                0x0801afcc                SetGpuExgpio
 .text.SetVcc1  0x0801b050       0x3c ./\libGD32F303VET6.a(GPU_GPIO.o)
                0x0801b050                SetVcc1
 .text.SetVcc2  0x0801b08c       0x3c ./\libGD32F303VET6.a(GPU_GPIO.o)
                0x0801b08c                SetVcc2
 .text.SetVcc3  0x0801b0c8       0x3c ./\libGD32F303VET6.a(GPU_GPIO.o)
                0x0801b0c8                SetVcc3
 .text.SetVcc4  0x0801b104       0x3c ./\libGD32F303VET6.a(GPU_GPIO.o)
                0x0801b104                SetVcc4
 .text.SetVcc5  0x0801b140       0x3c ./\libGD32F303VET6.a(GPU_GPIO.o)
                0x0801b140                SetVcc5
 .text.SetVcc6  0x0801b17c       0x3c ./\libGD32F303VET6.a(GPU_GPIO.o)
                0x0801b17c                SetVcc6
 .text.SetVSP   0x0801b1b8       0x3c ./\libGD32F303VET6.a(GPU_GPIO.o)
                0x0801b1b8                SetVSP
 .text.SetVSN   0x0801b1f4       0x3c ./\libGD32F303VET6.a(GPU_GPIO.o)
                0x0801b1f4                SetVSN
 .text.EnableVCC
                0x0801b230      0x1d0 ./\libGD32F303VET6.a(GPU_GPIO.o)
                0x0801b230                EnableVCC
 .text.BeepOn   0x0801b400       0x64 ./\libGD32F303VET6.a(GPU_GPIO.o)
                0x0801b400                BeepOn
 .text.GPU_PIC_Init
                0x0801b464      0x604 ./\libGD32F303VET6.a(GPU_PIC.o)
                0x0801b464                GPU_PIC_Init
 .text.AreaFilling
                0x0801ba68       0x42 ./\libGD32F303VET6.a(GPU_PIC.o)
                0x0801ba68                AreaFilling
 *fill*         0x0801baaa        0x2 
 .text.ColorBarRow1
                0x0801baac      0x140 ./\libGD32F303VET6.a(GPU_PIC.o)
                0x0801baac                ColorBarRow1
 .text.ColorBarCol1
                0x0801bbec      0x148 ./\libGD32F303VET6.a(GPU_PIC.o)
                0x0801bbec                ColorBarCol1
 .text.BlackWight1
                0x0801bd34       0x78 ./\libGD32F303VET6.a(GPU_PIC.o)
                0x0801bd34                BlackWight1
 .text.Checkerboard1
                0x0801bdac       0x64 ./\libGD32F303VET6.a(GPU_PIC.o)
                0x0801bdac                Checkerboard1
 .text.FLINK    0x0801be10       0x50 ./\libGD32F303VET6.a(GPU_PIC.o)
                0x0801be10                FLINK
 .text.ColorGradientRow
                0x0801be60      0x16c ./\libGD32F303VET6.a(GPU_PIC.o)
                0x0801be60                ColorGradientRow
 .text.ColorGradientCol
                0x0801bfcc      0x128 ./\libGD32F303VET6.a(GPU_PIC.o)
                0x0801bfcc                ColorGradientCol
 .text.Lcd_ShowPureColor
                0x0801c0f4       0x58 ./\libGD32F303VET6.a(GPU_PIC.o)
                0x0801c0f4                Lcd_ShowPureColor
 .text.DisplayBMP
                0x0801c14c       0x4c ./\libGD32F303VET6.a(GPU_PIC.o)
                0x0801c14c                DisplayBMP
 .text.RGB_Enable
                0x0801c198       0x48 ./\libGD32F303VET6.a(GPU_RGB.o)
                0x0801c198                RGB_Enable
 .text.RGB_Mode
                0x0801c1e0      0x10c ./\libGD32F303VET6.a(GPU_RGB.o)
                0x0801c1e0                RGB_Mode
 .text.RGB_Disable
                0x0801c2ec       0x34 ./\libGD32F303VET6.a(GPU_RGB.o)
                0x0801c2ec                RGB_Disable
 .text.RGB_CLK  0x0801c320       0x48 ./\libGD32F303VET6.a(GPU_RGB.o)
                0x0801c320                RGB_CLK
 .text.RGB_DE   0x0801c368       0x48 ./\libGD32F303VET6.a(GPU_RGB.o)
                0x0801c368                RGB_DE
 .text.RGB_HS   0x0801c3b0       0x48 ./\libGD32F303VET6.a(GPU_RGB.o)
                0x0801c3b0                RGB_HS
 .text.RGB_VS   0x0801c3f8       0x48 ./\libGD32F303VET6.a(GPU_RGB.o)
                0x0801c3f8                RGB_VS
 .text.WriteRGBParameter
                0x0801c440       0x30 ./\libGD32F303VET6.a(GPU_RGB.o)
                0x0801c440                WriteRGBParameter
 .text.RGB_Paramer
                0x0801c470       0x9c ./\libGD32F303VET6.a(GPU_RGB.o)
                0x0801c470                RGB_Paramer
 .text.RGB_Pic  0x0801c50c       0x84 ./\libGD32F303VET6.a(GPU_RGB.o)
                0x0801c50c                RGB_Pic
 .text.GPU_SDIO_INIT
                0x0801c590      0x15c ./\libGD32F303VET6.a(GPU_SDIO.o)
                0x0801c590                GPU_SDIO_INIT
 .text.GPU_SDIO_TX_CMD
                0x0801c6ec       0xf0 ./\libGD32F303VET6.a(GPU_SDIO.o)
                0x0801c6ec                GPU_SDIO_TX_CMD
 .text.GPU_SDIO_ReadDisk
                0x0801c7dc      0x118 ./\libGD32F303VET6.a(GPU_SDIO.o)
                0x0801c7dc                GPU_SDIO_ReadDisk
 .text.GPU_ReadDisk_TO_DDR
                0x0801c8f4       0x9c ./\libGD32F303VET6.a(GPU_SDIO.o)
                0x0801c8f4                GPU_ReadDisk_TO_DDR
 .text.GPU_FindBmp
                0x0801c990      0x390 ./\libGD32F303VET6.a(GPU_SDIO.o)
                0x0801c990                GPU_FindBmp
 .text.eMBInit  0x0801cd20      0x160 ./\libGD32F303VET6.a(mb.o)
                0x0801cd20                eMBInit
 .text.eMBEnable
                0x0801ce80       0x38 ./\libGD32F303VET6.a(mb.o)
                0x0801ce80                eMBEnable
 .text.eMBPoll  0x0801ceb8      0x178 ./\libGD32F303VET6.a(mb.o)
                0x0801ceb8                eMBPoll
 .text.eMBASCIIInit
                0x0801d030       0x70 ./\libGD32F303VET6.a(mbascii.o)
                0x0801d030                eMBASCIIInit
 .text.eMBASCIIStart
                0x0801d0a0       0x40 ./\libGD32F303VET6.a(mbascii.o)
                0x0801d0a0                eMBASCIIStart
 .text.eMBASCIIStop
                0x0801d0e0       0x32 ./\libGD32F303VET6.a(mbascii.o)
                0x0801d0e0                eMBASCIIStop
 *fill*         0x0801d112        0x2 
 .text.eMBASCIIReceive
                0x0801d114       0xa8 ./\libGD32F303VET6.a(mbascii.o)
                0x0801d114                eMBASCIIReceive
 .text.eMBASCIISend
                0x0801d1bc       0xbc ./\libGD32F303VET6.a(mbascii.o)
                0x0801d1bc                eMBASCIISend
 .text.xMBASCIIReceiveFSM
                0x0801d278      0x184 ./\libGD32F303VET6.a(mbascii.o)
                0x0801d278                xMBASCIIReceiveFSM
 .text.xMBASCIITransmitFSM
                0x0801d3fc      0x160 ./\libGD32F303VET6.a(mbascii.o)
                0x0801d3fc                xMBASCIITransmitFSM
 .text.xMBASCIITimerT1SExpired
                0x0801d55c       0x58 ./\libGD32F303VET6.a(mbascii.o)
                0x0801d55c                xMBASCIITimerT1SExpired
 .text.prvucMBCHAR2BIN
                0x0801d5b4       0x3e ./\libGD32F303VET6.a(mbascii.o)
 *fill*         0x0801d5f2        0x2 
 .text.prvucMBBIN2CHAR
                0x0801d5f4       0x50 ./\libGD32F303VET6.a(mbascii.o)
 .text.prvucMBLRC
                0x0801d644       0x3c ./\libGD32F303VET6.a(mbascii.o)
 .text.eMBFuncReadCoils
                0x0801d680       0xfe ./\libGD32F303VET6.a(mbfunccoils.o)
                0x0801d680                eMBFuncReadCoils
 .text.eMBFuncWriteCoil
                0x0801d77e       0xa6 ./\libGD32F303VET6.a(mbfunccoils.o)
                0x0801d77e                eMBFuncWriteCoil
 .text.eMBFuncWriteMultipleCoils
                0x0801d824       0xce ./\libGD32F303VET6.a(mbfunccoils.o)
                0x0801d824                eMBFuncWriteMultipleCoils
 .text.eMBFuncReadDiscreteInputs
                0x0801d8f2       0xfe ./\libGD32F303VET6.a(mbfuncdisc.o)
                0x0801d8f2                eMBFuncReadDiscreteInputs
 .text.eMBFuncWriteHoldingRegister
                0x0801d9f0       0x6a ./\libGD32F303VET6.a(mbfuncholding.o)
                0x0801d9f0                eMBFuncWriteHoldingRegister
 .text.eMBFuncWriteMultipleHoldingRegister
                0x0801da5a       0xb2 ./\libGD32F303VET6.a(mbfuncholding.o)
                0x0801da5a                eMBFuncWriteMultipleHoldingRegister
 .text.eMBFuncReadHoldingRegister
                0x0801db0c       0xde ./\libGD32F303VET6.a(mbfuncholding.o)
                0x0801db0c                eMBFuncReadHoldingRegister
 .text.eMBFuncReadWriteMultipleHoldingRegister
                0x0801dbea      0x154 ./\libGD32F303VET6.a(mbfuncholding.o)
                0x0801dbea                eMBFuncReadWriteMultipleHoldingRegister
 .text.eMBFuncReadInputRegister
                0x0801dd3e       0xe4 ./\libGD32F303VET6.a(mbfuncinput.o)
                0x0801dd3e                eMBFuncReadInputRegister
 *fill*         0x0801de22        0x2 
 .text.eMBFuncReportSlaveID
                0x0801de24       0x38 ./\libGD32F303VET6.a(mbfuncother.o)
                0x0801de24                eMBFuncReportSlaveID
 .text.xMBUtilSetBits
                0x0801de5c       0xd8 ./\libGD32F303VET6.a(mbutils.o)
                0x0801de5c                xMBUtilSetBits
 .text.xMBUtilGetBits
                0x0801df34       0x72 ./\libGD32F303VET6.a(mbutils.o)
                0x0801df34                xMBUtilGetBits
 .text.prveMBError2Exception
                0x0801dfa6       0x42 ./\libGD32F303VET6.a(mbutils.o)
                0x0801dfa6                prveMBError2Exception
 .text.eMBRTUInit
                0x0801dfe8       0x88 ./\libGD32F303VET6.a(mbrtu.o)
                0x0801dfe8                eMBRTUInit
 .text.eMBRTUStart
                0x0801e070       0x3c ./\libGD32F303VET6.a(mbrtu.o)
                0x0801e070                eMBRTUStart
 .text.eMBRTUStop
                0x0801e0ac       0x32 ./\libGD32F303VET6.a(mbrtu.o)
                0x0801e0ac                eMBRTUStop
 *fill*         0x0801e0de        0x2 
 .text.eMBRTUReceive
                0x0801e0e0       0xac ./\libGD32F303VET6.a(mbrtu.o)
                0x0801e0e0                eMBRTUReceive
 .text.eMBRTUSend
                0x0801e18c       0xd8 ./\libGD32F303VET6.a(mbrtu.o)
                0x0801e18c                eMBRTUSend
 .text.xMBRTUReceiveFSM
                0x0801e264       0xd0 ./\libGD32F303VET6.a(mbrtu.o)
                0x0801e264                xMBRTUReceiveFSM
 .text.xMBRTUTransmitFSM
                0x0801e334       0xb0 ./\libGD32F303VET6.a(mbrtu.o)
                0x0801e334                xMBRTUTransmitFSM
 .text.xMBRTUTimerT35Expired
                0x0801e3e4       0x8c ./\libGD32F303VET6.a(mbrtu.o)
                0x0801e3e4                xMBRTUTimerT35Expired
 .text.xMBPortEventInit
                0x0801e470       0x18 ./\libGD32F303VET6.a(portevent.o)
                0x0801e470                xMBPortEventInit
 .text.xMBPortEventPost
                0x0801e488       0x2c ./\libGD32F303VET6.a(portevent.o)
                0x0801e488                xMBPortEventPost
 .text.xMBPortEventGet
                0x0801e4b4       0x3c ./\libGD32F303VET6.a(portevent.o)
                0x0801e4b4                xMBPortEventGet
 .text.modbus_master_control_init
                0x0801e4f0        0xc ./\libGD32F303VET6.a(portserial.o)
                0x0801e4f0                modbus_master_control_init
 .text.xMBPortSerialInit
                0x0801e4fc       0x26 ./\libGD32F303VET6.a(portserial.o)
                0x0801e4fc                xMBPortSerialInit
 *fill*         0x0801e522        0x2 
 .text.vMBPortSerialEnable
                0x0801e524       0x6c ./\libGD32F303VET6.a(portserial.o)
                0x0801e524                vMBPortSerialEnable
 .text.xMBPortSerialPutByte
                0x0801e590       0x28 ./\libGD32F303VET6.a(portserial.o)
                0x0801e590                xMBPortSerialPutByte
 .text.xMBPortSerialGetByte
                0x0801e5b8       0x24 ./\libGD32F303VET6.a(portserial.o)
                0x0801e5b8                xMBPortSerialGetByte
 .text.prvvUARTTxReadyISR
                0x0801e5dc       0x14 ./\libGD32F303VET6.a(portserial.o)
                0x0801e5dc                prvvUARTTxReadyISR
 .text.prvvUARTRxISR
                0x0801e5f0       0x14 ./\libGD32F303VET6.a(portserial.o)
                0x0801e5f0                prvvUARTRxISR
 .text.xMBPortTimersInit
                0x0801e604       0x68 ./\libGD32F303VET6.a(porttimer.o)
                0x0801e604                xMBPortTimersInit
 .text.vMBPortTimersEnable
                0x0801e66c       0x2c ./\libGD32F303VET6.a(porttimer.o)
                0x0801e66c                vMBPortTimersEnable
 .text.vMBPortTimersDisable
                0x0801e698       0x2c ./\libGD32F303VET6.a(porttimer.o)
                0x0801e698                vMBPortTimersDisable
 .text.prvvTIMERExpiredISR
                0x0801e6c4       0x14 ./\libGD32F303VET6.a(porttimer.o)
                0x0801e6c4                prvvTIMERExpiredISR
 .text.TIMER6_IRQHandler
                0x0801e6d8       0x30 ./\libGD32F303VET6.a(porttimer.o)
                0x0801e6d8                TIMER6_IRQHandler
 .text.eMBRegInputCB
                0x0801e708       0xcc ./\libGD32F303VET6.a(user_mb_app.o)
                0x0801e708                eMBRegInputCB
 .text.eMBRegHoldingCB
                0x0801e7d4      0x664 ./\libGD32F303VET6.a(user_mb_app.o)
                0x0801e7d4                eMBRegHoldingCB
 .text.mbapp_poll
                0x0801ee38      0x23c ./\libGD32F303VET6.a(user_mb_app.o)
                0x0801ee38                mbapp_poll
 .text.eMBRegCoilsCB
                0x0801f074      0x152 ./\libGD32F303VET6.a(user_mb_app.o)
                0x0801f074                eMBRegCoilsCB
 .text.eMBRegDiscreteCB
                0x0801f1c6       0xde ./\libGD32F303VET6.a(user_mb_app.o)
                0x0801f1c6                eMBRegDiscreteCB
 .text.PowerOn_Process
                0x0801f2a4       0x7c ./\libGD32F303VET6.a(Function.o)
                0x0801f2a4                PowerOn_Process
 .text.PowerOff_Process
                0x0801f320       0x2c ./\libGD32F303VET6.a(Function.o)
                0x0801f320                PowerOff_Process
 .text.KeyUp_Process
                0x0801f34c       0x90 ./\libGD32F303VET6.a(Function.o)
                0x0801f34c                KeyUp_Process
 .text.KeyDown_Process
                0x0801f3dc       0x90 ./\libGD32F303VET6.a(Function.o)
                0x0801f3dc                KeyDown_Process
 .text.KeyAuto_Process
                0x0801f46c       0x54 ./\libGD32F303VET6.a(Function.o)
                0x0801f46c                KeyAuto_Process
 .text.KeyOTP_Process
                0x0801f4c0       0x54 ./\libGD32F303VET6.a(Function.o)
                0x0801f4c0                KeyOTP_Process
 .text.CheckDW_Process
                0x0801f514       0xd4 ./\libGD32F303VET6.a(Function.o)
                0x0801f514                CheckDW_Process
 .text.ParameterDownload
                0x0801f5e8       0x8c ./\libGD32F303VET6.a(Function.o)
                0x0801f5e8                ParameterDownload
 .text.mainInit
                0x0801f674       0x4c ./\libGD32F303VET6.a(Function.o)
                0x0801f674                mainInit
 .text.mainFunction
                0x0801f6c0      0x24c ./\libGD32F303VET6.a(Function.o)
                0x0801f6c0                mainFunction
 .text.MCU_GPU_FSMCConfig
                0x0801f90c       0x7e ./\libGD32F303VET6.a(GPU_Cfg.o)
                0x0801f90c                MCU_GPU_FSMCConfig
 *fill*         0x0801f98a        0x2 
 .text.init_FSMC_GPIO
                0x0801f98c       0x6c ./\libGD32F303VET6.a(GPU_Cfg.o)
 .text.Get_GPU_Version
                0x0801f9f8       0xec ./\libGD32F303VET6.a(GPU_Cfg.o)
                0x0801f9f8                Get_GPU_Version
 .text.Ssd2828ON
                0x0801fae4       0x50 ./\libGD32F303VET6.a(GPU_Cfg.o)
                0x0801fae4                Ssd2828ON
 .text.GPU_Beep
                0x0801fb34       0x68 ./\libGD32F303VET6.a(GPU_Cfg.o)
                0x0801fb34                GPU_Beep
 .text.GPU_BL   0x0801fb9c       0x8c ./\libGD32F303VET6.a(GPU_Cfg.o)
                0x0801fb9c                GPU_BL
 .text.RS485EN_COM0
                0x0801fc28       0x50 ./\libGD32F303VET6.a(GPU_Cfg.o)
                0x0801fc28                RS485EN_COM0
 .text.CheckTurnA0
                0x0801fc78       0x50 ./\libGD32F303VET6.a(GPU_Cfg.o)
                0x0801fc78                CheckTurnA0
 .text.CheckTurnA1
                0x0801fcc8       0x50 ./\libGD32F303VET6.a(GPU_Cfg.o)
                0x0801fcc8                CheckTurnA1
 .text.ReadGpuGpio
                0x0801fd18       0x4c ./\libGD32F303VET6.a(GPU_Cfg.o)
                0x0801fd18                ReadGpuGpio
 .text.SetGpuGpio
                0x0801fd64       0x84 ./\libGD32F303VET6.a(GPU_Cfg.o)
                0x0801fd64                SetGpuGpio
 .text.O_LCM_5V_EN
                0x0801fde8       0x14 ./\libGD32F303VET6.a(GPU_Cfg.o)
                0x0801fde8                O_LCM_5V_EN
 .text.O_GPU_MCU_CTRL
                0x0801fdfc       0x28 ./\libGD32F303VET6.a(GPU_Cfg.o)
                0x0801fdfc                O_GPU_MCU_CTRL
 .text.O_GPU_MCU_WrData
                0x0801fe24       0x38 ./\libGD32F303VET6.a(GPU_Cfg.o)
                0x0801fe24                O_GPU_MCU_WrData
 .text.I_GPU_MCU_RdStatu
                0x0801fe5c       0x20 ./\libGD32F303VET6.a(GPU_Cfg.o)
                0x0801fe5c                I_GPU_MCU_RdStatu
 .text.MCU_CMD_Wr
                0x0801fe7c       0x7a ./\libGD32F303VET6.a(GPU_Cfg.o)
                0x0801fe7c                MCU_CMD_Wr
 .text.MCU_CMD_Pix
                0x0801fef6       0x90 ./\libGD32F303VET6.a(GPU_Cfg.o)
                0x0801fef6                MCU_CMD_Pix
 *fill*         0x0801ff86        0x2 
 .text.MCU_CMD_Refresh
                0x0801ff88      0x17c ./\libGD32F303VET6.a(GPU_Cfg.o)
                0x0801ff88                MCU_CMD_Refresh
 *fill*         0x08020104        0x4 
 .text.lcm_mipi_set
                0x08020108      0x598 ./\libGD32F303VET6.a(mipi_cfg.o)
                0x08020108                lcm_mipi_set
 .text.W_C      0x080206a0       0x72 ./\libGD32F303VET6.a(mipi_cfg.o)
                0x080206a0                W_C
 .text.W_D      0x08020712       0x72 ./\libGD32F303VET6.a(mipi_cfg.o)
                0x08020712                W_D
 .text.SetPLL   0x08020784      0x1f4 ./\libGD32F303VET6.a(pll_freq_def.o)
                0x08020784                SetPLL
 .text.SPI_WriteData
                0x08020978       0x1c ./\libGD32F303VET6.a(pport_spi.o)
                0x08020978                SPI_WriteData
 .text.SPI_WriteCmd
                0x08020994       0x1c ./\libGD32F303VET6.a(pport_spi.o)
                0x08020994                SPI_WriteCmd
 .text.GP_COMMAD_PA
                0x080209b0       0x32 ./\libGD32F303VET6.a(pport_spi.o)
                0x080209b0                GP_COMMAD_PA
 .text.Reset    0x080209e2       0x1a ./\libGD32F303VET6.a(pport_spi.o)
                0x080209e2                Reset
 .text.Lcd_Reset
                0x080209fc       0x1a ./\libGD32F303VET6.a(pport_spi.o)
                0x080209fc                Lcd_Reset
 .text.SSD2828_WritePackageSize
                0x08020a16       0x1a ./\libGD32F303VET6.a(pport_spi.o)
                0x08020a16                SSD2828_WritePackageSize
 .text.FPGA_RST
                0x08020a30       0x30 ./\libGD32F303VET6.a(UserGpioDefine.o)
                0x08020a30                FPGA_RST
 .text.Fpga_Start
                0x08020a60       0x20 ./\libGD32F303VET6.a(UserGpioDefine.o)
                0x08020a60                Fpga_Start
 .text.O_SSD2828_RESET
                0x08020a80       0x40 ./\libGD32F303VET6.a(UserGpioDefine.o)
                0x08020a80                O_SSD2828_RESET
 .text.O_SSD2828_SPI_CS
                0x08020ac0       0x44 ./\libGD32F303VET6.a(UserGpioDefine.o)
                0x08020ac0                O_SSD2828_SPI_CS
 .text.O_SSD2828_SPI_CLK
                0x08020b04       0x48 ./\libGD32F303VET6.a(UserGpioDefine.o)
                0x08020b04                O_SSD2828_SPI_CLK
 .text.O_SSD2828_SPI_SDI
                0x08020b4c       0x48 ./\libGD32F303VET6.a(UserGpioDefine.o)
                0x08020b4c                O_SSD2828_SPI_SDI
 .text.O_SSD2828_SHUT
                0x08020b94       0x40 ./\libGD32F303VET6.a(UserGpioDefine.o)
                0x08020b94                O_SSD2828_SHUT
 .text.set_tim_vcc
                0x08020bd4       0x30 ./\libGD32F303VET6.a(UserGpioDefine.o)
                0x08020bd4                set_tim_vcc
 .text.set_vcc1
                0x08020c04       0x28 ./\libGD32F303VET6.a(UserGpioDefine.o)
                0x08020c04                set_vcc1
 .text.set_vcc2
                0x08020c2c       0x28 ./\libGD32F303VET6.a(UserGpioDefine.o)
                0x08020c2c                set_vcc2
 .text.set_vcc3
                0x08020c54       0x28 ./\libGD32F303VET6.a(UserGpioDefine.o)
                0x08020c54                set_vcc3
 .text.set_vcc4
                0x08020c7c       0x28 ./\libGD32F303VET6.a(UserGpioDefine.o)
                0x08020c7c                set_vcc4
 .text.set_vcc5
                0x08020ca4       0x28 ./\libGD32F303VET6.a(UserGpioDefine.o)
                0x08020ca4                set_vcc5
 .text.set_vcc6
                0x08020ccc       0x28 ./\libGD32F303VET6.a(UserGpioDefine.o)
                0x08020ccc                set_vcc6
 .text.set_envcc1
                0x08020cf4       0x1c ./\libGD32F303VET6.a(UserGpioDefine.o)
                0x08020cf4                set_envcc1
 .text.set_envcc2
                0x08020d10       0x1c ./\libGD32F303VET6.a(UserGpioDefine.o)
                0x08020d10                set_envcc2
 .text.set_envcc3
                0x08020d2c       0x1c ./\libGD32F303VET6.a(UserGpioDefine.o)
                0x08020d2c                set_envcc3
 .text.set_envcc4
                0x08020d48       0x1c ./\libGD32F303VET6.a(UserGpioDefine.o)
                0x08020d48                set_envcc4
 .text.set_envcc5
                0x08020d64       0x1c ./\libGD32F303VET6.a(UserGpioDefine.o)
                0x08020d64                set_envcc5
 .text.set_envcc6
                0x08020d80       0x1c ./\libGD32F303VET6.a(UserGpioDefine.o)
                0x08020d80                set_envcc6
 .text.set_vcc  0x08020d9c       0x3e ./\libGD32F303VET6.a(UserGpioDefine.o)
                0x08020d9c                set_vcc
 .text.set_envcc
                0x08020dda       0x26 ./\libGD32F303VET6.a(UserGpioDefine.o)
                0x08020dda                set_envcc
 .text.set_tim_iovcc
                0x08020e00       0x30 ./\libGD32F303VET6.a(UserGpioDefine.o)
                0x08020e00                set_tim_iovcc
 .text.set_iovcc
                0x08020e30       0x3e ./\libGD32F303VET6.a(UserGpioDefine.o)
                0x08020e30                set_iovcc
 .text.set_eniovcc
                0x08020e6e       0x26 ./\libGD32F303VET6.a(UserGpioDefine.o)
                0x08020e6e                set_eniovcc
 .text.set_tim_reset
                0x08020e94       0x30 ./\libGD32F303VET6.a(UserGpioDefine.o)
                0x08020e94                set_tim_reset
 .text.set_resetvcc
                0x08020ec4       0x68 ./\libGD32F303VET6.a(UserGpioDefine.o)
                0x08020ec4                set_resetvcc
 .text.set_tim_vsp
                0x08020f2c       0x24 ./\libGD32F303VET6.a(UserGpioDefine.o)
                0x08020f2c                set_tim_vsp
 .text.set_tim_vsn
                0x08020f50       0x24 ./\libGD32F303VET6.a(UserGpioDefine.o)
                0x08020f50                set_tim_vsn
 .text.set_vspvol
                0x08020f74       0x28 ./\libGD32F303VET6.a(UserGpioDefine.o)
                0x08020f74                set_vspvol
 .text.set_vsnvol
                0x08020f9c       0x28 ./\libGD32F303VET6.a(UserGpioDefine.o)
                0x08020f9c                set_vsnvol
 .text.set_envsp
                0x08020fc4       0x1c ./\libGD32F303VET6.a(UserGpioDefine.o)
                0x08020fc4                set_envsp
 .text.set_envsn
                0x08020fe0       0x1c ./\libGD32F303VET6.a(UserGpioDefine.o)
                0x08020fe0                set_envsn
 .text.O_LCD_RESET
                0x08020ffc       0x40 ./\libGD32F303VET6.a(UserGpioDefine.o)
                0x08020ffc                O_LCD_RESET
 .text.O_PWR_LED
                0x0802103c       0x34 ./\libGD32F303VET6.a(UserGpioDefine.o)
                0x0802103c                O_PWR_LED
 .text.O_PWR_BL_EN
                0x08021070       0x34 ./\libGD32F303VET6.a(UserGpioDefine.o)
                0x08021070                O_PWR_BL_EN
 .text.O_PWR_5V_EN
                0x080210a4       0x30 ./\libGD32F303VET6.a(UserGpioDefine.o)
                0x080210a4                O_PWR_5V_EN
 .text.ReadDW1  0x080210d4       0x18 ./\libGD32F303VET6.a(UserGpioDefine.o)
                0x080210d4                ReadDW1
 .text.ReadDW2  0x080210ec       0x18 ./\libGD32F303VET6.a(UserGpioDefine.o)
                0x080210ec                ReadDW2
 .text.Turn_chanel
                0x08021104       0x8c ./\libGD32F303VET6.a(UserGpioDefine.o)
                0x08021104                Turn_chanel
 .text.Turn_chane2
                0x08021190       0x6c ./\libGD32F303VET6.a(UserGpioDefine.o)
                0x08021190                Turn_chane2
 .text.GPIO_Configuration
                0x080211fc      0x260 ./\libGD32F303VET6.a(UserGpioDefine.o)
                0x080211fc                GPIO_Configuration
 .text.Fatfs_init
                0x0802145c      0x158 ./\libGD32F303VET6.a(fatfs.o)
                0x0802145c                Fatfs_init
 .text.Fatfs_getfree
                0x080215b4       0xe0 ./\libGD32F303VET6.a(fatfs.o)
                0x080215b4                Fatfs_getfree
 .text.writeToFlash32
                0x08021694       0xd0 ./\libGD32F303VET6.a(bsp.o)
                0x08021694                writeToFlash32
 .text.erase_flash
                0x08021764       0xd0 ./\libGD32F303VET6.a(bsp.o)
                0x08021764                erase_flash
 .text.MEMORY_Init
                0x08021834       0x68 ./\libGD32F303VET6.a(bspdrivermemory.o)
                0x08021834                MEMORY_Init
 .text.MEMORY_ReadDWord
                0x0802189c       0x2c ./\libGD32F303VET6.a(bspdrivermemory.o)
                0x0802189c                MEMORY_ReadDWord
 .text.MEMORY_ReadDWords
                0x080218c8       0x2c ./\libGD32F303VET6.a(bspdrivermemory.o)
                0x080218c8                MEMORY_ReadDWords
 .text.MEMORY_WriteDWord
                0x080218f4       0x28 ./\libGD32F303VET6.a(bspdrivermemory.o)
                0x080218f4                MEMORY_WriteDWord
 .text.CALIB_THREAD_ValidDefault
                0x0802191c      0x348 ./\libGD32F303VET6.a(calibthread.o)
                0x0802191c                CALIB_THREAD_ValidDefault
 .text.CALIB_THREAD_Init
                0x08021c64       0x84 ./\libGD32F303VET6.a(calibthread.o)
                0x08021c64                CALIB_THREAD_Init
 .text.CALIB_THREAD_VMonToValue
                0x08021ce8       0xf8 ./\libGD32F303VET6.a(calibthread.o)
                0x08021ce8                CALIB_THREAD_VMonToValue
 .text.CALIB_THREAD_VToVset
                0x08021de0      0x120 ./\libGD32F303VET6.a(calibthread.o)
                0x08021de0                CALIB_THREAD_VToVset
 .text.CALIB_THREAD_StartFind
                0x08021f00      0x114 ./\libGD32F303VET6.a(calibthread.o)
 .text.CALIB_THREAD_GetMin
                0x08022014      0x200 ./\libGD32F303VET6.a(calibthread.o)
 .text.CALIB_THREAD_GetMax
                0x08022214      0x2e8 ./\libGD32F303VET6.a(calibthread.o)
 .text.CALIB_THREAD_SetIRange
                0x080224fc       0x44 ./\libGD32F303VET6.a(calibthread.o)
                0x080224fc                CALIB_THREAD_SetIRange
 .text.CALIB_THREAD_StartType
                0x08022540       0x38 ./\libGD32F303VET6.a(calibthread.o)
                0x08022540                CALIB_THREAD_StartType
 .text.CALIB_THREAD_StartChannel
                0x08022578       0x6c ./\libGD32F303VET6.a(calibthread.o)
                0x08022578                CALIB_THREAD_StartChannel
 .text.CALIB_THREAD_RecordChannel
                0x080225e4       0x48 ./\libGD32F303VET6.a(calibthread.o)
                0x080225e4                CALIB_THREAD_RecordChannel
 .text.CALIB_THREAD_CheckVOut
                0x0802262c       0xe0 ./\libGD32F303VET6.a(calibthread.o)
 .text.CALIB_THREAD_Poll
                0x0802270c        0xe ./\libGD32F303VET6.a(calibthread.o)
                0x0802270c                CALIB_THREAD_Poll
 *fill*         0x0802271a        0x2 
 .text.AT24C64D_Init
                0x0802271c       0x1c ./\libGD32F303VET6.a(chipdriverat24c128c.o)
                0x0802271c                AT24C64D_Init
 .text.AT24C64D_WaitStandbyState
                0x08022738       0x30 ./\libGD32F303VET6.a(chipdriverat24c128c.o)
 .text.AT24C64D_WriteByte
                0x08022768       0x8c ./\libGD32F303VET6.a(chipdriverat24c128c.o)
                0x08022768                AT24C64D_WriteByte
 .text.AT24C64D_WriteDWord
                0x080227f4       0xa8 ./\libGD32F303VET6.a(chipdriverat24c128c.o)
                0x080227f4                AT24C64D_WriteDWord
 .text.AT24C64D_WriteDWords
                0x0802289c       0x6c ./\libGD32F303VET6.a(chipdriverat24c128c.o)
                0x0802289c                AT24C64D_WriteDWords
 .text.AT24C64D_WriteBytes
                0x08022908       0xa8 ./\libGD32F303VET6.a(chipdriverat24c128c.o)
                0x08022908                AT24C64D_WriteBytes
 .text.AT24C64D_ReadByte
                0x080229b0       0xc0 ./\libGD32F303VET6.a(chipdriverat24c128c.o)
                0x080229b0                AT24C64D_ReadByte
 .text.AT24C64D_ReadDWord
                0x08022a70       0xfc ./\libGD32F303VET6.a(chipdriverat24c128c.o)
                0x08022a70                AT24C64D_ReadDWord
 .text.AT24C64D_ReadBytes
                0x08022b6c       0xb0 ./\libGD32F303VET6.a(chipdriverat24c128c.o)
                0x08022b6c                AT24C64D_ReadBytes
 .text.AT24C64D_ReadDWords
                0x08022c1c       0xb0 ./\libGD32F303VET6.a(chipdriverat24c128c.o)
                0x08022c1c                AT24C64D_ReadDWords
 .text.IIC1_SCL_L
                0x08022ccc       0x14 ./\libGD32F303VET6.a(chipiic.o)
 .text.IIC1_SCL_H
                0x08022ce0       0x14 ./\libGD32F303VET6.a(chipiic.o)
 .text.IIC1_SDA_L
                0x08022cf4       0x14 ./\libGD32F303VET6.a(chipiic.o)
 .text.IIC1_SDA_H
                0x08022d08       0x14 ./\libGD32F303VET6.a(chipiic.o)
 .text.IIC1_ReadSCL
                0x08022d1c       0x18 ./\libGD32F303VET6.a(chipiic.o)
 .text.IIC1_ReadSDA
                0x08022d34       0x18 ./\libGD32F303VET6.a(chipiic.o)
 .text.IIC_PollTick
                0x08022d4c       0x2e ./\libGD32F303VET6.a(chipiic.o)
 *fill*         0x08022d7a        0x2 
 .text.CHIP_IIC_Init
                0x08022d7c       0x48 ./\libGD32F303VET6.a(chipiic.o)
                0x08022d7c                CHIP_IIC_Init
 .text.CHIP_IIC_GetInfor
                0x08022dc4       0x14 ./\libGD32F303VET6.a(chipiic.o)
                0x08022dc4                CHIP_IIC_GetInfor
 .text.CHIP_IIC_WaitSCLStretch
                0x08022dd8       0x48 ./\libGD32F303VET6.a(chipiic.o)
 .text.CHIP_IIC_CheckLineIsLow
                0x08022e20       0x48 ./\libGD32F303VET6.a(chipiic.o)
 .text.CHIP_IIC_WakeUpBus
                0x08022e68       0x42 ./\libGD32F303VET6.a(chipiic.o)
                0x08022e68                CHIP_IIC_WakeUpBus
 .text.CHIP_IIC_SendStart
                0x08022eaa       0x38 ./\libGD32F303VET6.a(chipiic.o)
 *fill*         0x08022ee2        0x2 
 .text.CHIP_IIC_Start
                0x08022ee4       0x4c ./\libGD32F303VET6.a(chipiic.o)
                0x08022ee4                CHIP_IIC_Start
 .text.CHIP_IIC_StartAgain
                0x08022f30       0x70 ./\libGD32F303VET6.a(chipiic.o)
                0x08022f30                CHIP_IIC_StartAgain
 .text.CHIP_IIC_Stop
                0x08022fa0       0x4e ./\libGD32F303VET6.a(chipiic.o)
                0x08022fa0                CHIP_IIC_Stop
 .text.CHIP_IIC_Wait_ACK
                0x08022fee       0x78 ./\libGD32F303VET6.a(chipiic.o)
 .text.CHIP_IIC_Send_ACK
                0x08023066       0x3e ./\libGD32F303VET6.a(chipiic.o)
 .text.CHIP_IIC_Send_NACK
                0x080230a4       0x50 ./\libGD32F303VET6.a(chipiic.o)
 .text.CHIP_IIC_WriteByte
                0x080230f4       0x66 ./\libGD32F303VET6.a(chipiic.o)
                0x080230f4                CHIP_IIC_WriteByte
 .text.CHIP_IIC_ReadByte
                0x0802315a       0x68 ./\libGD32F303VET6.a(chipiic.o)
 .text.CHIP_IIC_WriteFrame
                0x080231c2       0x50 ./\libGD32F303VET6.a(chipiic.o)
                0x080231c2                CHIP_IIC_WriteFrame
 .text.CHIP_IIC_ReadFrame
                0x08023212       0x5c ./\libGD32F303VET6.a(chipiic.o)
                0x08023212                CHIP_IIC_ReadFrame
 *fill*         0x0802326e        0x2 
 .text.scan_files
                0x08023270      0x240 ./\libGD32F303VET6.a(file_opration.o)
                0x08023270                scan_files
 .text.write_pass_num
                0x080234b0       0x20 ./\libGD32F303VET6.a(file_opration.o)
                0x080234b0                write_pass_num
 .text.read_pass_num
                0x080234d0       0x54 ./\libGD32F303VET6.a(file_opration.o)
                0x080234d0                read_pass_num
 .text.updata_pass
                0x08023524       0x50 ./\libGD32F303VET6.a(file_opration.o)
                0x08023524                updata_pass
 .text.updata_falg
                0x08023574       0x3c ./\libGD32F303VET6.a(file_opration.o)
                0x08023574                updata_falg
 .text.updatafat_falg
                0x080235b0       0x3c ./\libGD32F303VET6.a(file_opration.o)
                0x080235b0                updatafat_falg
 .text.updata_iapflag
                0x080235ec       0x3c ./\libGD32F303VET6.a(file_opration.o)
                0x080235ec                updata_iapflag
 .text.old_falg
                0x08023628       0x3c ./\libGD32F303VET6.a(file_opration.o)
                0x08023628                old_falg
 .text.read_vision
                0x08023664       0x60 ./\libGD32F303VET6.a(file_opration.o)
                0x08023664                read_vision
 .text.clear_parmeter
                0x080236c4       0x24 ./\libGD32F303VET6.a(file_opration.o)
                0x080236c4                clear_parmeter
 .text.spi_flash_init
                0x080236e8       0x98 ./\libGD32F303VET6.a(gd25qxx.o)
                0x080236e8                spi_flash_init
 .text.spi_flash_sector_erase
                0x08023780       0x54 ./\libGD32F303VET6.a(gd25qxx.o)
                0x08023780                spi_flash_sector_erase
 .text.spi_flash_page_write
                0x080237d4       0x78 ./\libGD32F303VET6.a(gd25qxx.o)
                0x080237d4                spi_flash_page_write
 .text.spi_flash_buffer_write
                0x0802384c      0x152 ./\libGD32F303VET6.a(gd25qxx.o)
                0x0802384c                spi_flash_buffer_write
 *fill*         0x0802399e        0x2 
 .text.spi_flash_buffer_read
                0x080239a0       0x74 ./\libGD32F303VET6.a(gd25qxx.o)
                0x080239a0                spi_flash_buffer_read
 .text.spi_flash_read_id
                0x08023a14       0x68 ./\libGD32F303VET6.a(gd25qxx.o)
                0x08023a14                spi_flash_read_id
 .text.spi_flash_send_byte
                0x08023a7c       0x4c ./\libGD32F303VET6.a(gd25qxx.o)
                0x08023a7c                spi_flash_send_byte
 .text.spi_flash_write_enable
                0x08023ac8       0x24 ./\libGD32F303VET6.a(gd25qxx.o)
                0x08023ac8                spi_flash_write_enable
 .text.spi_flash_wait_for_write_end
                0x08023aec       0x40 ./\libGD32F303VET6.a(gd25qxx.o)
                0x08023aec                spi_flash_wait_for_write_end
 .text.Ina220_Iint
                0x08023b2c       0x4c ./\libGD32F303VET6.a(ina220.o)
                0x08023b2c                Ina220_Iint
 .text.AlarmEnable
                0x08023b78      0x23c ./\libGD32F303VET6.a(ina220.o)
                0x08023b78                AlarmEnable
 .text.reportinfo
                0x08023db4      0x328 ./\libGD32F303VET6.a(ina220.o)
                0x08023db4                reportinfo
 .text.ina220_poll
                0x080240dc      0x844 ./\libGD32F303VET6.a(ina220.o)
                0x080240dc                ina220_poll
 .text.ADC_THREAD_GetInfor
                0x08024920       0x38 ./\libGD32F303VET6.a(ina220.o)
                0x08024920                ADC_THREAD_GetInfor
 .text.Init_Alarm
                0x08024958      0x37c ./\libGD32F303VET6.a(ina220.o)
                0x08024958                Init_Alarm
 .text.ClearAlarm
                0x08024cd4       0x44 ./\libGD32F303VET6.a(ina220.o)
                0x08024cd4                ClearAlarm
 .text.INA2XX_StartWrite
                0x08024d18       0x94 ./\libGD32F303VET6.a(ina220.o)
 .text.INA2XX_StartRead
                0x08024dac      0x110 ./\libGD32F303VET6.a(ina220.o)
 .text.INA2XX_Calibrate
                0x08024ebc      0x1b4 ./\libGD32F303VET6.a(ina220.o)
 .text.INA220_Init
                0x08025070       0x64 ./\libGD32F303VET6.a(ina220.o)
                0x08025070                INA220_Init
 .text.INA2XX_ReadReg
                0x080250d4       0x58 ./\libGD32F303VET6.a(ina220.o)
                0x080250d4                INA2XX_ReadReg
 .text.INA220_GetVoltage
                0x0802512c       0x5c ./\libGD32F303VET6.a(ina220.o)
                0x0802512c                INA220_GetVoltage
 .text.INA220_GetShuntCurrent
                0x08025188       0x88 ./\libGD32F303VET6.a(ina220.o)
                0x08025188                INA220_GetShuntCurrent
 .text.tick_callback
                0x08025210       0x1c ./\libGD32F303VET6.a(timer.o)
 .text.TIM_CORE_GetTick
                0x0802522c       0x14 ./\libGD32F303VET6.a(timer.o)
                0x0802522c                TIM_CORE_GetTick
 .text.bsp_DelayUS
                0x08025240       0x8c ./\libGD32F303VET6.a(timer.o)
                0x08025240                bsp_DelayUS
 .text.bsp_DelayMS
                0x080252cc       0x60 ./\libGD32F303VET6.a(timer.o)
                0x080252cc                bsp_DelayMS
 .text.SysTick_ISR
                0x0802532c       0x70 ./\libGD32F303VET6.a(timer.o)
                0x0802532c                SysTick_ISR
 .text.bsp_RunPer10ms
                0x0802539c       0x2c ./\libGD32F303VET6.a(timer.o)
 .text.TIMER1_IRQHandler
                0x080253c8       0x22 ./\libGD32F303VET6.a(timer.o)
                0x080253c8                TIMER1_IRQHandler
 *fill*         0x080253ea        0x2 
 .text.USART0_IRQHandler
                0x080253ec       0x6c ./\libGD32F303VET6.a(usart.o)
                0x080253ec                USART0_IRQHandler
 .text.USART1_IRQHandler
                0x08025458       0x2c ./\libGD32F303VET6.a(usart.o)
                0x08025458                USART1_IRQHandler
 .text.time_config
                0x08025484       0x5c ./\libGD32F303VET6.a(usart.o)
                0x08025484                time_config
 .text.TIMER0_UP_IRQHandler
                0x080254e0       0x24 ./\libGD32F303VET6.a(usart.o)
                0x080254e0                TIMER0_UP_IRQHandler
 .text._write   0x08025504       0x50 ./\libGD32F303VET6.a(usart.o)
                0x08025504                _write
 .text.SerialDownload
                0x08025554       0xd8 ./\libGD32F303VET6.a(menu.o)
                0x08025554                SerialDownload
 .text.Receive_Byte
                0x0802562c       0x32 ./\libGD32F303VET6.a(ymodem.o)
 .text.Send_Byte
                0x0802565e       0x1c ./\libGD32F303VET6.a(ymodem.o)
 *fill*         0x0802567a        0x2 
 .text.Receive_Packet
                0x0802567c      0x154 ./\libGD32F303VET6.a(ymodem.o)
 .text.Ymodem_Receive
                0x080257d0      0x2f8 ./\libGD32F303VET6.a(ymodem.o)
                0x080257d0                Ymodem_Receive
 .text.Reset_Handler
                0x08025ac8       0x48 ./\libGD32F303VET6.a(startup_gd32f30x_hd.o)
                0x08025ac8                Reset_Handler
 .text.Default_Handler
                0x08025b10        0x2 ./\libGD32F303VET6.a(startup_gd32f30x_hd.o)
                0x08025b10                RTC_Alarm_IRQHandler
                0x08025b10                EXTI2_IRQHandler
                0x08025b10                TIMER2_IRQHandler
                0x08025b10                TIMER5_IRQHandler
                0x08025b10                LVD_IRQHandler
                0x08025b10                TIMER0_BRK_IRQHandler
                0x08025b10                ADC0_1_IRQHandler
                0x08025b10                SDIO_IRQHandler
                0x08025b10                EXTI3_IRQHandler
                0x08025b10                TIMER3_IRQHandler
                0x08025b10                DMA0_Channel6_IRQHandler
                0x08025b10                I2C0_EV_IRQHandler
                0x08025b10                EXTI0_IRQHandler
                0x08025b10                TIMER4_IRQHandler
                0x08025b10                SPI1_IRQHandler
                0x08025b10                DMA0_Channel0_IRQHandler
                0x08025b10                TAMPER_IRQHandler
                0x08025b10                DMA1_Channel0_IRQHandler
                0x08025b10                DMA0_Channel3_IRQHandler
                0x08025b10                I2C0_ER_IRQHandler
                0x08025b10                RTC_IRQHandler
                0x08025b10                TIMER7_UP_IRQHandler
                0x08025b10                DMA0_Channel2_IRQHandler
                0x08025b10                TIMER7_TRG_CMT_IRQHandler
                0x08025b10                TIMER0_TRG_CMT_IRQHandler
                0x08025b10                I2C1_EV_IRQHandler
                0x08025b10                UART4_IRQHandler
                0x08025b10                EXTI10_15_IRQHandler
                0x08025b10                DMA1_Channel1_IRQHandler
                0x08025b10                Default_Handler
                0x08025b10                TIMER7_Channel_IRQHandler
                0x08025b10                WWDGT_IRQHandler
                0x08025b10                EXMC_IRQHandler
                0x08025b10                ADC2_IRQHandler
                0x08025b10                SPI2_IRQHandler
                0x08025b10                USBD_WKUP_IRQHandler
                0x08025b10                RCU_CTC_IRQHandler
                0x08025b10                TIMER7_BRK_IRQHandler
                0x08025b10                EXTI4_IRQHandler
                0x08025b10                USBD_HP_CAN0_TX_IRQHandler
                0x08025b10                CAN0_RX1_IRQHandler
                0x08025b10                DMA0_Channel5_IRQHandler
                0x08025b10                EXTI5_9_IRQHandler
                0x08025b10                DMA0_Channel1_IRQHandler
                0x08025b10                TIMER0_Channel_IRQHandler
                0x08025b10                EXTI1_IRQHandler
                0x08025b10                SPI0_IRQHandler
                0x08025b10                DMA1_Channel3_4_IRQHandler
                0x08025b10                CAN0_EWMC_IRQHandler
                0x08025b10                DMA1_Channel2_IRQHandler
                0x08025b10                UART3_IRQHandler
                0x08025b10                I2C1_ER_IRQHandler
                0x08025b10                FMC_IRQHandler
                0x08025b10                DMA0_Channel4_IRQHandler
 .text.spi_init
                0x08025b12       0x82 ./\libGD32F303VET6.a(gd32f30x_spi.o)
                0x08025b12                spi_init
 .text.spi_enable
                0x08025b94       0x1e ./\libGD32F303VET6.a(gd32f30x_spi.o)
                0x08025b94                spi_enable
 .text.spi_i2s_data_transmit
                0x08025bb2       0x20 ./\libGD32F303VET6.a(gd32f30x_spi.o)
                0x08025bb2                spi_i2s_data_transmit
 .text.spi_i2s_data_receive
                0x08025bd2       0x1a ./\libGD32F303VET6.a(gd32f30x_spi.o)
                0x08025bd2                spi_i2s_data_receive
 .text.spi_crc_polynomial_set
                0x08025bec       0x20 ./\libGD32F303VET6.a(gd32f30x_spi.o)
                0x08025bec                spi_crc_polynomial_set
 .text.spi_i2s_flag_get
                0x08025c0c       0x28 ./\libGD32F303VET6.a(gd32f30x_spi.o)
                0x08025c0c                spi_i2s_flag_get
 .text.fmc_unlock
                0x08025c34       0x64 ./\libGD32F303VET6.a(gd32f30x_fmc.o)
                0x08025c34                fmc_unlock
 .text.fmc_lock
                0x08025c98       0x3c ./\libGD32F303VET6.a(gd32f30x_fmc.o)
                0x08025c98                fmc_lock
 .text.fmc_page_erase
                0x08025cd4      0x128 ./\libGD32F303VET6.a(gd32f30x_fmc.o)
                0x08025cd4                fmc_page_erase
 .text.fmc_word_program
                0x08025dfc       0xec ./\libGD32F303VET6.a(gd32f30x_fmc.o)
                0x08025dfc                fmc_word_program
 .text.fmc_flag_clear
                0x08025ee8       0x3e ./\libGD32F303VET6.a(gd32f30x_fmc.o)
                0x08025ee8                fmc_flag_clear
 *fill*         0x08025f26        0x2 
 .text.fmc_bank0_state_get
                0x08025f28       0x50 ./\libGD32F303VET6.a(gd32f30x_fmc.o)
                0x08025f28                fmc_bank0_state_get
 .text.fmc_bank1_state_get
                0x08025f78       0x50 ./\libGD32F303VET6.a(gd32f30x_fmc.o)
                0x08025f78                fmc_bank1_state_get
 .text.fmc_bank0_ready_wait
                0x08025fc8       0x3a ./\libGD32F303VET6.a(gd32f30x_fmc.o)
                0x08025fc8                fmc_bank0_ready_wait
 .text.fmc_bank1_ready_wait
                0x08026002       0x3a ./\libGD32F303VET6.a(gd32f30x_fmc.o)
                0x08026002                fmc_bank1_ready_wait
 .text.timer_deinit
                0x0802603c      0x130 ./\libGD32F303VET6.a(gd32f30x_timer.o)
                0x0802603c                timer_deinit
 .text.timer_struct_para_init
                0x0802616c       0x38 ./\libGD32F303VET6.a(gd32f30x_timer.o)
                0x0802616c                timer_struct_para_init
 .text.timer_init
                0x080261a4       0xf8 ./\libGD32F303VET6.a(gd32f30x_timer.o)
                0x080261a4                timer_init
 .text.timer_enable
                0x0802629c       0x1e ./\libGD32F303VET6.a(gd32f30x_timer.o)
                0x0802629c                timer_enable
 .text.timer_disable
                0x080262ba       0x1e ./\libGD32F303VET6.a(gd32f30x_timer.o)
                0x080262ba                timer_disable
 .text.timer_counter_value_config
                0x080262d8       0x20 ./\libGD32F303VET6.a(gd32f30x_timer.o)
                0x080262d8                timer_counter_value_config
 .text.timer_interrupt_enable
                0x080262f8       0x26 ./\libGD32F303VET6.a(gd32f30x_timer.o)
                0x080262f8                timer_interrupt_enable
 .text.timer_interrupt_disable
                0x0802631e       0x26 ./\libGD32F303VET6.a(gd32f30x_timer.o)
                0x0802631e                timer_interrupt_disable
 .text.timer_interrupt_flag_get
                0x08026344       0x3a ./\libGD32F303VET6.a(gd32f30x_timer.o)
                0x08026344                timer_interrupt_flag_get
 .text.timer_interrupt_flag_clear
                0x0802637e       0x20 ./\libGD32F303VET6.a(gd32f30x_timer.o)
                0x0802637e                timer_interrupt_flag_clear
 *fill*         0x0802639e        0x2 
 .text.exmc_norsram_init
                0x080263a0      0x17c ./\libGD32F303VET6.a(gd32f30x_exmc.o)
                0x080263a0                exmc_norsram_init
 .text.exmc_norsram_enable
                0x0802651c       0x2a ./\libGD32F303VET6.a(gd32f30x_exmc.o)
                0x0802651c                exmc_norsram_enable
 *fill*         0x08026546        0x2 
 .text.disk_status
                0x08026548       0x34 ./\libGD32F303VET6.a(diskio.o)
                0x08026548                disk_status
 .text.disk_initialize
                0x0802657c       0x4c ./\libGD32F303VET6.a(diskio.o)
                0x0802657c                disk_initialize
 .text.disk_read
                0x080265c8       0x44 ./\libGD32F303VET6.a(diskio.o)
                0x080265c8                disk_read
 .text.disk_write
                0x0802660c       0x44 ./\libGD32F303VET6.a(diskio.o)
                0x0802660c                disk_write
 .text.disk_ioctl
                0x08026650       0x3c ./\libGD32F303VET6.a(diskio.o)
                0x08026650                disk_ioctl
 .text.get_fattime
                0x0802668c       0x16 ./\libGD32F303VET6.a(diskio.o)
                0x0802668c                get_fattime
 *fill*         0x080266a2        0x2 
 .text.FATFS_LinkDriverEx
                0x080266a4       0x94 ./\libGD32F303VET6.a(ff_gen_drv.o)
                0x080266a4                FATFS_LinkDriverEx
 .text.FATFS_LinkDriver
                0x08026738       0x1e ./\libGD32F303VET6.a(ff_gen_drv.o)
                0x08026738                FATFS_LinkDriver
 *fill*         0x08026756        0x2 
 .text.FATFS_UnLinkDriverEx
                0x08026758       0x6c ./\libGD32F303VET6.a(ff_gen_drv.o)
                0x08026758                FATFS_UnLinkDriverEx
 .text.FATFS_UnLinkDriver
                0x080267c4       0x1a ./\libGD32F303VET6.a(ff_gen_drv.o)
                0x080267c4                FATFS_UnLinkDriver
 *fill*         0x080267de        0x2 
 .text.SD_initialize
                0x080267e0       0x3c ./\libGD32F303VET6.a(sd_diskio.o)
                0x080267e0                SD_initialize
 .text.Flash_initialize
                0x0802681c       0x34 ./\libGD32F303VET6.a(sd_diskio.o)
                0x0802681c                Flash_initialize
 .text.SD_status
                0x08026850       0x3c ./\libGD32F303VET6.a(sd_diskio.o)
                0x08026850                SD_status
 .text.Flash_status
                0x0802688c       0x34 ./\libGD32F303VET6.a(sd_diskio.o)
                0x0802688c                Flash_status
 .text.SD_read  0x080268c0       0x38 ./\libGD32F303VET6.a(sd_diskio.o)
                0x080268c0                SD_read
 .text.Flash_read
                0x080268f8       0x46 ./\libGD32F303VET6.a(sd_diskio.o)
                0x080268f8                Flash_read
 .text.SD_write
                0x0802693e       0x38 ./\libGD32F303VET6.a(sd_diskio.o)
                0x0802693e                SD_write
 .text.Flash_write
                0x08026976       0x4c ./\libGD32F303VET6.a(sd_diskio.o)
                0x08026976                Flash_write
 *fill*         0x080269c2        0x2 
 .text.SD_ioctl
                0x080269c4       0x9c ./\libGD32F303VET6.a(sd_diskio.o)
                0x080269c4                SD_ioctl
 .text.Flash_ioctl
                0x08026a60       0x90 ./\libGD32F303VET6.a(sd_diskio.o)
                0x08026a60                Flash_ioctl
 .text.SetDdrWrPage
                0x08026af0       0x28 ./\libGD32F303VET6.a(GPU_DDR.o)
                0x08026af0                SetDdrWrPage
 .text.SetDdrWrPageA
                0x08026b18       0x38 ./\libGD32F303VET6.a(GPU_DDR.o)
                0x08026b18                SetDdrWrPageA
 .text.SetDdrWrEnable
                0x08026b50       0x30 ./\libGD32F303VET6.a(GPU_DDR.o)
                0x08026b50                SetDdrWrEnable
 .text.SetDdrWrDisable
                0x08026b80       0x30 ./\libGD32F303VET6.a(GPU_DDR.o)
                0x08026b80                SetDdrWrDisable
 .text.SetDdrFillStart
                0x08026bb0       0xa8 ./\libGD32F303VET6.a(GPU_DDR.o)
                0x08026bb0                SetDdrFillStart
 .text.SetDdrWrSize
                0x08026c58       0x64 ./\libGD32F303VET6.a(GPU_DDR.o)
                0x08026c58                SetDdrWrSize
 .text.SetDdrWrFill
                0x08026cbc       0x38 ./\libGD32F303VET6.a(GPU_DDR.o)
                0x08026cbc                SetDdrWrFill
 .text.SetDdrRdPage1
                0x08026cf4       0x28 ./\libGD32F303VET6.a(GPU_DDR.o)
                0x08026cf4                SetDdrRdPage1
 .text.SetDdrRdCtrl
                0x08026d1c       0x28 ./\libGD32F303VET6.a(GPU_DDR.o)
                0x08026d1c                SetDdrRdCtrl
 .text.SetDdrRdPageA
                0x08026d44       0x30 ./\libGD32F303VET6.a(GPU_DDR.o)
                0x08026d44                SetDdrRdPageA
 .text.SetDdrRdSize1
                0x08026d74       0x64 ./\libGD32F303VET6.a(GPU_DDR.o)
                0x08026d74                SetDdrRdSize1
 .text.usMBCRC16
                0x08026dd8       0x6c ./\libGD32F303VET6.a(mbcrc.o)
                0x08026dd8                usMBCRC16
 .text.sd_io_init
                0x08026e44       0x9c ./\libGD32F303VET6.a(bsp_driver_sd.o)
                0x08026e44                sd_io_init
 .text.card_info_get
                0x08026ee0      0x234 ./\libGD32F303VET6.a(bsp_driver_sd.o)
                0x08026ee0                card_info_get
 .text.sd_init  0x08027114       0x5a ./\libGD32F303VET6.a(sdcard.o)
                0x08027114                sd_init
 *fill*         0x0802716e        0x2 
 .text.sd_card_init
                0x08027170      0x14c ./\libGD32F303VET6.a(sdcard.o)
                0x08027170                sd_card_init
 .text.sd_power_on
                0x080272bc      0x168 ./\libGD32F303VET6.a(sdcard.o)
                0x080272bc                sd_power_on
 .text.sd_bus_mode_config
                0x08027424       0xb8 ./\libGD32F303VET6.a(sdcard.o)
                0x08027424                sd_bus_mode_config
 .text.sd_transfer_mode_config
                0x080274dc       0x34 ./\libGD32F303VET6.a(sdcard.o)
                0x080274dc                sd_transfer_mode_config
 .text.sd_multiblocks_read
                0x08027510      0x374 ./\libGD32F303VET6.a(sdcard.o)
                0x08027510                sd_multiblocks_read
 .text.sd_multiblocks_write
                0x08027884      0x4c4 ./\libGD32F303VET6.a(sdcard.o)
                0x08027884                sd_multiblocks_write
 .text.sd_card_select_deselect
                0x08027d48       0x3a ./\libGD32F303VET6.a(sdcard.o)
                0x08027d48                sd_card_select_deselect
 *fill*         0x08027d82        0x2 
 .text.sd_cardstatus_get
                0x08027d84       0x64 ./\libGD32F303VET6.a(sdcard.o)
                0x08027d84                sd_cardstatus_get
 .text.sd_transfer_state_get
                0x08027de8       0x26 ./\libGD32F303VET6.a(sdcard.o)
                0x08027de8                sd_transfer_state_get
 *fill*         0x08027e0e        0x2 
 .text.sd_card_capacity_get
                0x08027e10      0x110 ./\libGD32F303VET6.a(sdcard.o)
                0x08027e10                sd_card_capacity_get
 .text.sd_card_information_get
                0x08027f20      0x4d0 ./\libGD32F303VET6.a(sdcard.o)
                0x08027f20                sd_card_information_get
 .text.cmdsent_error_check
                0x080283f0       0x50 ./\libGD32F303VET6.a(sdcard.o)
 .text.r1_error_type_check
                0x08028440      0x122 ./\libGD32F303VET6.a(sdcard.o)
 *fill*         0x08028562        0x2 
 .text.r1_error_check
                0x08028564       0xb4 ./\libGD32F303VET6.a(sdcard.o)
 .text.r2_error_check
                0x08028618       0x70 ./\libGD32F303VET6.a(sdcard.o)
 .text.r3_error_check
                0x08028688       0x58 ./\libGD32F303VET6.a(sdcard.o)
 .text.r6_error_check
                0x080286e0       0xdc ./\libGD32F303VET6.a(sdcard.o)
 .text.r7_error_check
                0x080287bc       0x80 ./\libGD32F303VET6.a(sdcard.o)
 .text.sd_card_state_get
                0x0802883c       0xe4 ./\libGD32F303VET6.a(sdcard.o)
 .text.sd_bus_width_config
                0x08028920      0x138 ./\libGD32F303VET6.a(sdcard.o)
 .text.sd_scr_get
                0x08028a58      0x1a8 ./\libGD32F303VET6.a(sdcard.o)
 .text.sd_datablocksize_get
                0x08028c00       0x32 ./\libGD32F303VET6.a(sdcard.o)
 *fill*         0x08028c32        0x2 
 .text.gpio_config
                0x08028c34       0x2c ./\libGD32F303VET6.a(sdcard.o)
 .text.rcu_config
                0x08028c60       0x28 ./\libGD32F303VET6.a(sdcard.o)
 .text.dma_transfer_config
                0x08028c88       0xa4 ./\libGD32F303VET6.a(sdcard.o)
 .text.dma_receive_config
                0x08028d2c       0xa4 ./\libGD32F303VET6.a(sdcard.o)
 .text.Int2Str  0x08028dd0       0xa8 ./\libGD32F303VET6.a(common.o)
                0x08028dd0                Int2Str
 .text.Str2Int  0x08028e78      0x1fc ./\libGD32F303VET6.a(common.o)
                0x08028e78                Str2Int
 .text.SerialKeyPressed
                0x08029074       0x38 ./\libGD32F303VET6.a(common.o)
                0x08029074                SerialKeyPressed
 .text.SerialPutChar
                0x080290ac       0x34 ./\libGD32F303VET6.a(common.o)
                0x080290ac                SerialPutChar
 .text.Serial_PutString
                0x080290e0       0x32 ./\libGD32F303VET6.a(common.o)
                0x080290e0                Serial_PutString
 .text.dma_deinit
                0x08029112       0xcc ./\libGD32F303VET6.a(gd32f30x_dma.o)
                0x08029112                dma_deinit
 .text.dma_init
                0x080291de      0x1f6 ./\libGD32F303VET6.a(gd32f30x_dma.o)
                0x080291de                dma_init
 .text.dma_circulation_disable
                0x080293d4       0x54 ./\libGD32F303VET6.a(gd32f30x_dma.o)
                0x080293d4                dma_circulation_disable
 .text.dma_channel_enable
                0x08029428       0x54 ./\libGD32F303VET6.a(gd32f30x_dma.o)
                0x08029428                dma_channel_enable
 .text.dma_channel_disable
                0x0802947c       0x54 ./\libGD32F303VET6.a(gd32f30x_dma.o)
                0x0802947c                dma_channel_disable
 .text.dma_flag_get
                0x080294d0       0x38 ./\libGD32F303VET6.a(gd32f30x_dma.o)
                0x080294d0                dma_flag_get
 .text.dma_flag_clear
                0x08029508       0x30 ./\libGD32F303VET6.a(gd32f30x_dma.o)
                0x08029508                dma_flag_clear
 .text.dma_periph_and_channel_check
                0x08029538       0x34 ./\libGD32F303VET6.a(gd32f30x_dma.o)
 .text.sdio_deinit
                0x0802956c       0x68 ./\libGD32F303VET6.a(gd32f30x_sdio.o)
                0x0802956c                sdio_deinit
 .text.sdio_clock_config
                0x080295d4       0x64 ./\libGD32F303VET6.a(gd32f30x_sdio.o)
                0x080295d4                sdio_clock_config
 .text.sdio_hardware_clock_disable
                0x08029638       0x1c ./\libGD32F303VET6.a(gd32f30x_sdio.o)
                0x08029638                sdio_hardware_clock_disable
 .text.sdio_bus_mode_set
                0x08029654       0x30 ./\libGD32F303VET6.a(gd32f30x_sdio.o)
                0x08029654                sdio_bus_mode_set
 .text.sdio_power_state_set
                0x08029684       0x1c ./\libGD32F303VET6.a(gd32f30x_sdio.o)
                0x08029684                sdio_power_state_set
 .text.sdio_power_state_get
                0x080296a0       0x14 ./\libGD32F303VET6.a(gd32f30x_sdio.o)
                0x080296a0                sdio_power_state_get
 .text.sdio_clock_enable
                0x080296b4       0x1c ./\libGD32F303VET6.a(gd32f30x_sdio.o)
                0x080296b4                sdio_clock_enable
 .text.sdio_command_response_config
                0x080296d0       0x54 ./\libGD32F303VET6.a(gd32f30x_sdio.o)
                0x080296d0                sdio_command_response_config
 .text.sdio_wait_type_set
                0x08029724       0x30 ./\libGD32F303VET6.a(gd32f30x_sdio.o)
                0x08029724                sdio_wait_type_set
 .text.sdio_csm_enable
                0x08029754       0x1c ./\libGD32F303VET6.a(gd32f30x_sdio.o)
                0x08029754                sdio_csm_enable
 .text.sdio_command_index_get
                0x08029770       0x18 ./\libGD32F303VET6.a(gd32f30x_sdio.o)
                0x08029770                sdio_command_index_get
 .text.sdio_response_get
                0x08029788       0x68 ./\libGD32F303VET6.a(gd32f30x_sdio.o)
                0x08029788                sdio_response_get
 .text.sdio_data_config
                0x080297f0       0x5c ./\libGD32F303VET6.a(gd32f30x_sdio.o)
                0x080297f0                sdio_data_config
 .text.sdio_data_transfer_config
                0x0802984c       0x3c ./\libGD32F303VET6.a(gd32f30x_sdio.o)
                0x0802984c                sdio_data_transfer_config
 .text.sdio_dsm_enable
                0x08029888       0x1c ./\libGD32F303VET6.a(gd32f30x_sdio.o)
                0x08029888                sdio_dsm_enable
 .text.sdio_dsm_disable
                0x080298a4       0x1c ./\libGD32F303VET6.a(gd32f30x_sdio.o)
                0x080298a4                sdio_dsm_disable
 .text.sdio_data_write
                0x080298c0       0x1c ./\libGD32F303VET6.a(gd32f30x_sdio.o)
                0x080298c0                sdio_data_write
 .text.sdio_data_read
                0x080298dc       0x14 ./\libGD32F303VET6.a(gd32f30x_sdio.o)
                0x080298dc                sdio_data_read
 .text.sdio_dma_enable
                0x080298f0       0x1c ./\libGD32F303VET6.a(gd32f30x_sdio.o)
                0x080298f0                sdio_dma_enable
 .text.sdio_dma_disable
                0x0802990c       0x1c ./\libGD32F303VET6.a(gd32f30x_sdio.o)
                0x0802990c                sdio_dma_disable
 .text.sdio_flag_get
                0x08029928       0x28 ./\libGD32F303VET6.a(gd32f30x_sdio.o)
                0x08029928                sdio_flag_get
 .text.sdio_flag_clear
                0x08029950       0x1c ./\libGD32F303VET6.a(gd32f30x_sdio.o)
                0x08029950                sdio_flag_clear
 .text.sdio_interrupt_enable
                0x0802996c       0x24 ./\libGD32F303VET6.a(gd32f30x_sdio.o)
                0x0802996c                sdio_interrupt_enable
 .text.__assert_func
                0x08029990       0x40 f:/cx900_gcc_off_v1.1/bin/x86/debug/gcc-arm-none-eabi-10.3-2021.10/bin/../lib/gcc/arm-none-eabi/10.3.1/../../../../arm-none-eabi/lib/thumb/v7e-m/nofp\libc.a(lib_a-assert.o)
                0x08029990                __assert_func
 .text.fiprintf
                0x080299d0       0x28 f:/cx900_gcc_off_v1.1/bin/x86/debug/gcc-arm-none-eabi-10.3-2021.10/bin/../lib/gcc/arm-none-eabi/10.3.1/../../../../arm-none-eabi/lib/thumb/v7e-m/nofp\libc.a(lib_a-fiprintf.o)
                0x080299d0                fiprintf
 .text.__libc_init_array
                0x080299f8       0x48 f:/cx900_gcc_off_v1.1/bin/x86/debug/gcc-arm-none-eabi-10.3-2021.10/bin/../lib/gcc/arm-none-eabi/10.3.1/../../../../arm-none-eabi/lib/thumb/v7e-m/nofp\libc.a(lib_a-init.o)
                0x080299f8                __libc_init_array
 .text.memset   0x08029a40       0xa4 f:/cx900_gcc_off_v1.1/bin/x86/debug/gcc-arm-none-eabi-10.3-2021.10/bin/../lib/gcc/arm-none-eabi/10.3.1/../../../../arm-none-eabi/lib/thumb/v7e-m/nofp\libc.a(lib_a-memset.o)
                0x08029a40                memset
 .text.printf   0x08029ae4       0x28 f:/cx900_gcc_off_v1.1/bin/x86/debug/gcc-arm-none-eabi-10.3-2021.10/bin/../lib/gcc/arm-none-eabi/10.3.1/../../../../arm-none-eabi/lib/thumb/v7e-m/nofp\libc.a(lib_a-printf.o)
                0x08029ae4                printf
 .text._puts_r  0x08029b0c       0x9c f:/cx900_gcc_off_v1.1/bin/x86/debug/gcc-arm-none-eabi-10.3-2021.10/bin/../lib/gcc/arm-none-eabi/10.3.1/../../../../arm-none-eabi/lib/thumb/v7e-m/nofp\libc.a(lib_a-puts.o)
                0x08029b0c                _puts_r
 .text.puts     0x08029ba8       0x10 f:/cx900_gcc_off_v1.1/bin/x86/debug/gcc-arm-none-eabi-10.3-2021.10/bin/../lib/gcc/arm-none-eabi/10.3.1/../../../../arm-none-eabi/lib/thumb/v7e-m/nofp\libc.a(lib_a-puts.o)
                0x08029ba8                puts