ARM GAS  C:\Users\ADMINI~1\AppData\Local\Temp\ccRLDX5m.s 			page 1


   1              		.cpu cortex-m4
   2              		.arch armv7e-m
   3              		.fpu softvfp
   4              		.eabi_attribute 20, 1
   5              		.eabi_attribute 21, 1
   6              		.eabi_attribute 23, 3
   7              		.eabi_attribute 24, 1
   8              		.eabi_attribute 25, 1
   9              		.eabi_attribute 26, 1
  10              		.eabi_attribute 30, 6
  11              		.eabi_attribute 34, 1
  12              		.eabi_attribute 18, 4
  13              		.file	"uart_protocol.c"
  14              		.text
  15              	.Ltext0:
  16              		.cfi_sections	.debug_frame
  17              		.section	.bss.msg_rx_buf,"aw",%nobits
  18              		.align	2
  21              	msg_rx_buf:
  22 0000 00000000 		.space	512
  22      00000000 
  22      00000000 
  22      00000000 
  22      00000000 
  23              		.section	.bss.msg_rx_len,"aw",%nobits
  24              		.align	1
  27              	msg_rx_len:
  28 0000 0000     		.space	2
  29              		.section	.text.msgfifo_init,"ax",%progbits
  30              		.align	1
  31              		.global	msgfifo_init
  32              		.syntax unified
  33              		.thumb
  34              		.thumb_func
  36              	msgfifo_init:
  37              	.LFB119:
  38              		.file 1 "Soft_Drive/uart_protocol.c"
   1:Soft_Drive/uart_protocol.c **** /*!
   2:Soft_Drive/uart_protocol.c ****     \file  uart_protocol.c
   3:Soft_Drive/uart_protocol.c ****     \brief UART message protocol implementation
   4:Soft_Drive/uart_protocol.c **** */
   5:Soft_Drive/uart_protocol.c **** 
   6:Soft_Drive/uart_protocol.c **** #include "uart_protocol.h"
   7:Soft_Drive/uart_protocol.c **** #include "usartfifo.h"
   8:Soft_Drive/uart_protocol.c **** #include "string.h"
   9:Soft_Drive/uart_protocol.c **** 
  10:Soft_Drive/uart_protocol.c **** #define MSG_BUF_SIZE    512
  11:Soft_Drive/uart_protocol.c **** static uint8_t msg_rx_buf[MSG_BUF_SIZE];
  12:Soft_Drive/uart_protocol.c **** static uint16_t msg_rx_len = 0;
  13:Soft_Drive/uart_protocol.c **** 
  14:Soft_Drive/uart_protocol.c **** /*!
  15:Soft_Drive/uart_protocol.c ****     \brief      initialize message FIFO
  16:Soft_Drive/uart_protocol.c ****     \param[in]  none
  17:Soft_Drive/uart_protocol.c ****     \param[out] none
  18:Soft_Drive/uart_protocol.c ****     \retval     none
  19:Soft_Drive/uart_protocol.c **** */
  20:Soft_Drive/uart_protocol.c **** void msgfifo_init(void)
ARM GAS  C:\Users\ADMINI~1\AppData\Local\Temp\ccRLDX5m.s 			page 2


  21:Soft_Drive/uart_protocol.c **** {
  39              		.loc 1 21 1
  40              		.cfi_startproc
  41              		@ args = 0, pretend = 0, frame = 0
  42              		@ frame_needed = 1, uses_anonymous_args = 0
  43 0000 80B5     		push	{r7, lr}
  44              	.LCFI0:
  45              		.cfi_def_cfa_offset 8
  46              		.cfi_offset 7, -8
  47              		.cfi_offset 14, -4
  48 0002 00AF     		add	r7, sp, #0
  49              	.LCFI1:
  50              		.cfi_def_cfa_register 7
  22:Soft_Drive/uart_protocol.c ****     ringbuffer_init();
  51              		.loc 1 22 5
  52 0004 FFF7FEFF 		bl	ringbuffer_init
  23:Soft_Drive/uart_protocol.c ****     msg_rx_len = 0;
  53              		.loc 1 23 16
  54 0008 054B     		ldr	r3, .L2
  55 000a 0022     		movs	r2, #0
  56 000c 1A80     		strh	r2, [r3]	@ movhi
  24:Soft_Drive/uart_protocol.c ****     memset(msg_rx_buf, 0, sizeof(msg_rx_buf));
  57              		.loc 1 24 5
  58 000e 4FF40072 		mov	r2, #512
  59 0012 0021     		movs	r1, #0
  60 0014 0348     		ldr	r0, .L2+4
  61 0016 FFF7FEFF 		bl	memset
  25:Soft_Drive/uart_protocol.c **** }
  62              		.loc 1 25 1
  63 001a 00BF     		nop
  64 001c 80BD     		pop	{r7, pc}
  65              	.L3:
  66 001e 00BF     		.align	2
  67              	.L2:
  68 0020 00000000 		.word	msg_rx_len
  69 0024 00000000 		.word	msg_rx_buf
  70              		.cfi_endproc
  71              	.LFE119:
  73              		.section	.text.msg_init,"ax",%progbits
  74              		.align	1
  75              		.global	msg_init
  76              		.syntax unified
  77              		.thumb
  78              		.thumb_func
  80              	msg_init:
  81              	.LFB120:
  26:Soft_Drive/uart_protocol.c **** 
  27:Soft_Drive/uart_protocol.c **** /*!
  28:Soft_Drive/uart_protocol.c ****     \brief      initialize message protocol
  29:Soft_Drive/uart_protocol.c ****     \param[in]  none
  30:Soft_Drive/uart_protocol.c ****     \param[out] none
  31:Soft_Drive/uart_protocol.c ****     \retval     none
  32:Soft_Drive/uart_protocol.c **** */
  33:Soft_Drive/uart_protocol.c **** void msg_init(void)
  34:Soft_Drive/uart_protocol.c **** {
  82              		.loc 1 34 1
  83              		.cfi_startproc
ARM GAS  C:\Users\ADMINI~1\AppData\Local\Temp\ccRLDX5m.s 			page 3


  84              		@ args = 0, pretend = 0, frame = 0
  85              		@ frame_needed = 1, uses_anonymous_args = 0
  86 0000 80B5     		push	{r7, lr}
  87              	.LCFI2:
  88              		.cfi_def_cfa_offset 8
  89              		.cfi_offset 7, -8
  90              		.cfi_offset 14, -4
  91 0002 00AF     		add	r7, sp, #0
  92              	.LCFI3:
  93              		.cfi_def_cfa_register 7
  35:Soft_Drive/uart_protocol.c ****     msgfifo_init();
  94              		.loc 1 35 5
  95 0004 FFF7FEFF 		bl	msgfifo_init
  36:Soft_Drive/uart_protocol.c **** }
  96              		.loc 1 36 1
  97 0008 00BF     		nop
  98 000a 80BD     		pop	{r7, pc}
  99              		.cfi_endproc
 100              	.LFE120:
 102              		.section	.text.msg_it_cb,"ax",%progbits
 103              		.align	1
 104              		.global	msg_it_cb
 105              		.syntax unified
 106              		.thumb
 107              		.thumb_func
 109              	msg_it_cb:
 110              	.LFB121:
  37:Soft_Drive/uart_protocol.c **** 
  38:Soft_Drive/uart_protocol.c **** /*!
  39:Soft_Drive/uart_protocol.c ****     \brief      UART interrupt callback for message protocol
  40:Soft_Drive/uart_protocol.c ****     \param[in]  none
  41:Soft_Drive/uart_protocol.c ****     \param[out] none
  42:Soft_Drive/uart_protocol.c ****     \retval     none
  43:Soft_Drive/uart_protocol.c **** */
  44:Soft_Drive/uart_protocol.c **** void msg_it_cb(void)
  45:Soft_Drive/uart_protocol.c **** {
 111              		.loc 1 45 1
 112              		.cfi_startproc
 113              		@ args = 0, pretend = 0, frame = 8
 114              		@ frame_needed = 1, uses_anonymous_args = 0
 115 0000 80B5     		push	{r7, lr}
 116              	.LCFI4:
 117              		.cfi_def_cfa_offset 8
 118              		.cfi_offset 7, -8
 119              		.cfi_offset 14, -4
 120 0002 82B0     		sub	sp, sp, #8
 121              	.LCFI5:
 122              		.cfi_def_cfa_offset 16
 123 0004 00AF     		add	r7, sp, #0
 124              	.LCFI6:
 125              		.cfi_def_cfa_register 7
  46:Soft_Drive/uart_protocol.c ****     uint8_t ch;
  47:Soft_Drive/uart_protocol.c ****     /* try to read one byte from UART buffer */
  48:Soft_Drive/uart_protocol.c ****     if (uart_buf_get(&ch) == 0) {
 126              		.loc 1 48 9
 127 0006 FB1D     		adds	r3, r7, #7
 128 0008 1846     		mov	r0, r3
ARM GAS  C:\Users\ADMINI~1\AppData\Local\Temp\ccRLDX5m.s 			page 4


 129 000a FFF7FEFF 		bl	uart_buf_get
 130 000e 0346     		mov	r3, r0
 131              		.loc 1 48 8
 132 0010 002B     		cmp	r3, #0
 133 0012 0ED1     		bne	.L7
  49:Soft_Drive/uart_protocol.c ****         /* store received byte */
  50:Soft_Drive/uart_protocol.c ****         if (msg_rx_len < MSG_BUF_SIZE - 1) {
 134              		.loc 1 50 24
 135 0014 094B     		ldr	r3, .L8
 136 0016 1B88     		ldrh	r3, [r3]
 137              		.loc 1 50 12
 138 0018 B3F5FF7F 		cmp	r3, #510
 139 001c 09D8     		bhi	.L7
  51:Soft_Drive/uart_protocol.c ****             msg_rx_buf[msg_rx_len++] = ch;
 140              		.loc 1 51 34
 141 001e 074B     		ldr	r3, .L8
 142 0020 1B88     		ldrh	r3, [r3]
 143 0022 5A1C     		adds	r2, r3, #1
 144 0024 91B2     		uxth	r1, r2
 145 0026 054A     		ldr	r2, .L8
 146 0028 1180     		strh	r1, [r2]	@ movhi
 147 002a 1A46     		mov	r2, r3
 148              		.loc 1 51 38
 149 002c F979     		ldrb	r1, [r7, #7]	@ zero_extendqisi2
 150 002e 044B     		ldr	r3, .L8+4
 151 0030 9954     		strb	r1, [r3, r2]
 152              	.L7:
  52:Soft_Drive/uart_protocol.c ****         }
  53:Soft_Drive/uart_protocol.c ****     }
  54:Soft_Drive/uart_protocol.c **** }
 153              		.loc 1 54 1
 154 0032 00BF     		nop
 155 0034 0837     		adds	r7, r7, #8
 156              	.LCFI7:
 157              		.cfi_def_cfa_offset 8
 158 0036 BD46     		mov	sp, r7
 159              	.LCFI8:
 160              		.cfi_def_cfa_register 13
 161              		@ sp needed
 162 0038 80BD     		pop	{r7, pc}
 163              	.L9:
 164 003a 00BF     		.align	2
 165              	.L8:
 166 003c 00000000 		.word	msg_rx_len
 167 0040 00000000 		.word	msg_rx_buf
 168              		.cfi_endproc
 169              	.LFE121:
 171              		.section	.text.msg_read,"ax",%progbits
 172              		.align	1
 173              		.global	msg_read
 174              		.syntax unified
 175              		.thumb
 176              		.thumb_func
 178              	msg_read:
 179              	.LFB122:
  55:Soft_Drive/uart_protocol.c **** 
  56:Soft_Drive/uart_protocol.c **** /*!
ARM GAS  C:\Users\ADMINI~1\AppData\Local\Temp\ccRLDX5m.s 			page 5


  57:Soft_Drive/uart_protocol.c ****     \brief      read a message from FIFO
  58:Soft_Drive/uart_protocol.c ****     \param[in]  none
  59:Soft_Drive/uart_protocol.c ****     \param[out] none
  60:Soft_Drive/uart_protocol.c ****     \retval     none
  61:Soft_Drive/uart_protocol.c **** */
  62:Soft_Drive/uart_protocol.c **** void msg_read(void)
  63:Soft_Drive/uart_protocol.c **** {
 180              		.loc 1 63 1
 181              		.cfi_startproc
 182              		@ args = 0, pretend = 0, frame = 8
 183              		@ frame_needed = 1, uses_anonymous_args = 0
 184 0000 80B5     		push	{r7, lr}
 185              	.LCFI9:
 186              		.cfi_def_cfa_offset 8
 187              		.cfi_offset 7, -8
 188              		.cfi_offset 14, -4
 189 0002 82B0     		sub	sp, sp, #8
 190              	.LCFI10:
 191              		.cfi_def_cfa_offset 16
 192 0004 00AF     		add	r7, sp, #0
 193              	.LCFI11:
 194              		.cfi_def_cfa_register 7
  64:Soft_Drive/uart_protocol.c ****     uint8_t ch;
  65:Soft_Drive/uart_protocol.c ****     /* read all available data from UART buffer */
  66:Soft_Drive/uart_protocol.c ****     while (uart_buf_get(&ch) == 0) {
 195              		.loc 1 66 11
 196 0006 0EE0     		b	.L11
 197              	.L12:
  67:Soft_Drive/uart_protocol.c ****         if (msg_rx_len < MSG_BUF_SIZE - 1) {
 198              		.loc 1 67 24
 199 0008 0D4B     		ldr	r3, .L13
 200 000a 1B88     		ldrh	r3, [r3]
 201              		.loc 1 67 12
 202 000c B3F5FF7F 		cmp	r3, #510
 203 0010 09D8     		bhi	.L11
  68:Soft_Drive/uart_protocol.c ****             msg_rx_buf[msg_rx_len++] = ch;
 204              		.loc 1 68 34
 205 0012 0B4B     		ldr	r3, .L13
 206 0014 1B88     		ldrh	r3, [r3]
 207 0016 5A1C     		adds	r2, r3, #1
 208 0018 91B2     		uxth	r1, r2
 209 001a 094A     		ldr	r2, .L13
 210 001c 1180     		strh	r1, [r2]	@ movhi
 211 001e 1A46     		mov	r2, r3
 212              		.loc 1 68 38
 213 0020 F979     		ldrb	r1, [r7, #7]	@ zero_extendqisi2
 214 0022 084B     		ldr	r3, .L13+4
 215 0024 9954     		strb	r1, [r3, r2]
 216              	.L11:
  66:Soft_Drive/uart_protocol.c ****         if (msg_rx_len < MSG_BUF_SIZE - 1) {
 217              		.loc 1 66 12
 218 0026 FB1D     		adds	r3, r7, #7
 219 0028 1846     		mov	r0, r3
 220 002a FFF7FEFF 		bl	uart_buf_get
 221 002e 0346     		mov	r3, r0
  66:Soft_Drive/uart_protocol.c ****         if (msg_rx_len < MSG_BUF_SIZE - 1) {
 222              		.loc 1 66 11
ARM GAS  C:\Users\ADMINI~1\AppData\Local\Temp\ccRLDX5m.s 			page 6


 223 0030 002B     		cmp	r3, #0
 224 0032 E9D0     		beq	.L12
  69:Soft_Drive/uart_protocol.c ****         }
  70:Soft_Drive/uart_protocol.c ****     }
  71:Soft_Drive/uart_protocol.c **** }
 225              		.loc 1 71 1
 226 0034 00BF     		nop
 227 0036 00BF     		nop
 228 0038 0837     		adds	r7, r7, #8
 229              	.LCFI12:
 230              		.cfi_def_cfa_offset 8
 231 003a BD46     		mov	sp, r7
 232              	.LCFI13:
 233              		.cfi_def_cfa_register 13
 234              		@ sp needed
 235 003c 80BD     		pop	{r7, pc}
 236              	.L14:
 237 003e 00BF     		.align	2
 238              	.L13:
 239 0040 00000000 		.word	msg_rx_len
 240 0044 00000000 		.word	msg_rx_buf
 241              		.cfi_endproc
 242              	.LFE122:
 244              		.text
 245              	.Letext0:
 246              		.file 2 "f:\\cx900_gcc_off_v1.1\\bin\\x86\\debug\\gcc-arm-none-eabi-10.3-2021.10\\arm-none-eabi\\i
 247              		.file 3 "f:\\cx900_gcc_off_v1.1\\bin\\x86\\debug\\gcc-arm-none-eabi-10.3-2021.10\\arm-none-eabi\\i
 248              		.file 4 "Firmware/GD32F30x_standard_peripheral/Include/gd32f30x_dbg.h"
ARM GAS  C:\Users\ADMINI~1\AppData\Local\Temp\ccRLDX5m.s 			page 7


DEFINED SYMBOLS
                            *ABS*:00000000 uart_protocol.c
C:\Users\ADMINI~1\AppData\Local\Temp\ccRLDX5m.s:18     .bss.msg_rx_buf:00000000 $d
C:\Users\ADMINI~1\AppData\Local\Temp\ccRLDX5m.s:21     .bss.msg_rx_buf:00000000 msg_rx_buf
C:\Users\ADMINI~1\AppData\Local\Temp\ccRLDX5m.s:24     .bss.msg_rx_len:00000000 $d
C:\Users\ADMINI~1\AppData\Local\Temp\ccRLDX5m.s:27     .bss.msg_rx_len:00000000 msg_rx_len
C:\Users\ADMINI~1\AppData\Local\Temp\ccRLDX5m.s:30     .text.msgfifo_init:00000000 $t
C:\Users\ADMINI~1\AppData\Local\Temp\ccRLDX5m.s:36     .text.msgfifo_init:00000000 msgfifo_init
C:\Users\ADMINI~1\AppData\Local\Temp\ccRLDX5m.s:68     .text.msgfifo_init:00000020 $d
C:\Users\ADMINI~1\AppData\Local\Temp\ccRLDX5m.s:74     .text.msg_init:00000000 $t
C:\Users\ADMINI~1\AppData\Local\Temp\ccRLDX5m.s:80     .text.msg_init:00000000 msg_init
C:\Users\ADMINI~1\AppData\Local\Temp\ccRLDX5m.s:103    .text.msg_it_cb:00000000 $t
C:\Users\ADMINI~1\AppData\Local\Temp\ccRLDX5m.s:109    .text.msg_it_cb:00000000 msg_it_cb
C:\Users\ADMINI~1\AppData\Local\Temp\ccRLDX5m.s:166    .text.msg_it_cb:0000003c $d
C:\Users\ADMINI~1\AppData\Local\Temp\ccRLDX5m.s:172    .text.msg_read:00000000 $t
C:\Users\ADMINI~1\AppData\Local\Temp\ccRLDX5m.s:178    .text.msg_read:00000000 msg_read
C:\Users\ADMINI~1\AppData\Local\Temp\ccRLDX5m.s:239    .text.msg_read:00000040 $d

UNDEFINED SYMBOLS
ringbuffer_init
memset
uart_buf_get
